검색어 19종
[에듀테크] 15페이지까지 · 누적 1139건 (요청 15회)
[코스웨어] 11페이지까지 · 누적 2075건 (요청 26회)
[인공지능] 17페이지까지 · 누적 3079건 (요청 43회)
[소프트웨어] 25페이지까지 · 누적 4553건 (요청 68회)
[라이선스] 4페이지까지 · 누적 4731건 (요청 72회)
[라이센스] 5페이지까지 · 누적 5012건 (요청 77회)
[구독] 16페이지까지 · 누적 6153건 (요청 93회)
[플랫폼] 5페이지까지 · 누적 6520건 (요청 98회)
[GPT] 2페이지까지 · 누적 6565건 (요청 100회)
[어도비] 2페이지까지 · 누적 6612건 (요청 102회)
[디지털교과서] 4페이지까지 · 누적 6803건 (요청 106회)
[교육자료] 37페이지까지 · 누적 9307건 (요청 143회)
[챗봇] 1페이지까지 · 누적 9311건 (요청 144회)
[메타버스] 3페이지까지 · 누적 9438건 (요청 147회)
[코딩] 28페이지까지 · 누적 11397건 (요청 175회)
[AIDT] 1페이지까지 · 누적 11404건 (요청 176회)
[클래스팅] 1페이지까지 · 누적 11411건 (요청 177회)
[패들렛] 2페이지까지 · 누적 11431건 (요청 179회)
[캔바] 1페이지까지 · 누적 11437건 (요청 180회)

완료 — 요청 180회, 학교 계약 11437건 → 충북_candidates.csv
