검색어 19종 × 월 44개 = 836조합
[에듀테크] 완료 · 누적 864건 (요청 910회)
[코스웨어] 완료 · 누적 1894건 (요청 1997회)
[인공지능] 완료 · 누적 5083건 (요청 5281회)
[소프트웨어] 완료 · 누적 7064건 (요청 7330회)
[라이선스] 완료 · 누적 7143건 (요청 7453회)
[라이센스] 완료 · 누적 7280건 (요청 7634회)
[구독] 완료 · 누적 8275건 (요청 8684회)
[플랫폼] 완료 · 누적 8408건 (요청 8861회)
[GPT] 완료 · 누적 8487건 (요청 8984회)
[어도비] 완료 · 누적 8497건 (요청 9038회)
[디지털교과서] 완료 · 누적 8703건 (요청 9290회)
[교육자료] 완료 · 누적 10378건 (요청 11025회)
[챗봇] 완료 · 누적 10380건 (요청 11071회)
[메타버스] 완료 · 누적 10417건 (요청 11152회)
  재시도([Errno 54] Connection reset by peer) → 5초
[코딩] 완료 · 누적 10933건 (요청 11712회)
[AIDT] 완료 · 누적 11112건 (요청 11935회)
[클래스팅] 완료 · 누적 11162건 (요청 12029회)
  재시도(<urlopen error [Errno 60] Operation timed out>) → 5초
[패들렛] 완료 · 누적 11254건 (요청 12165회)
[캔바] 완료 · 누적 11256건 (요청 12211회)

완료 — 요청 12211회, 학교 계약 11256건 → dge_candidates.csv
