월 44개 × 키워드 19개 = 836조합
  2023/06까지 · 누적 190건 (요청 7회)
  2023/12까지 · 누적 507건 (요청 13회)
  2024/06까지 · 누적 712건 (요청 20회)
  2024/12까지 · 누적 855건 (요청 26회)
  2025/06까지 · 누적 993건 (요청 33회)
  2025/12까지 · 누적 1115건 (요청 39회)
  2026/06까지 · 누적 1178건 (요청 45회)
[에듀테크] 완료 · 누적 1193건 (요청 47회)
  2023/04까지 · 누적 1193건 (요청 51회)
  2023/10까지 · 누적 1273건 (요청 57회)
  2024/04까지 · 누적 1436건 (요청 64회)
  2024/10까지 · 누적 1564건 (요청 70회)
  2025/04까지 · 누적 1606건 (요청 76회)
  2025/10까지 · 누적 1806건 (요청 82회)
  2026/04까지 · 누적 1907건 (요청 88회)
[코스웨어] 완료 · 누적 1935건 (요청 92회)
  2023/02까지 · 누적 1935건 (요청 94회)
  2023/08까지 · 누적 2054건 (요청 100회)
  2024/02까지 · 누적 2166건 (요청 106회)
  2024/08까지 · 누적 2192건 (요청 112회)
  2025/02까지 · 누적 2219건 (요청 118회)
  2025/08까지 · 누적 2248건 (요청 124회)
  2026/02까지 · 누적 2277건 (요청 130회)
  2026/08까지 · 누적 2302건 (요청 136회)
[인공지능] 완료 · 누적 2302건 (요청 136회)
  2023/06까지 · 누적 2351건 (요청 142회)
  2023/12까지 · 누적 2442건 (요청 148회)
  2024/06까지 · 누적 2462건 (요청 154회)
  2024/12까지 · 누적 2508건 (요청 160회)
  2025/06까지 · 누적 2565건 (요청 166회)
  2025/12까지 · 누적 2642건 (요청 172회)
  2026/06까지 · 누적 2721건 (요청 178회)
[소프트웨어] 완료 · 누적 2727건 (요청 180회)
  2023/04까지 · 누적 2731건 (요청 184회)
  2023/10까지 · 누적 2740건 (요청 190회)
  2024/04까지 · 누적 2748건 (요청 196회)
  2024/10까지 · 누적 2758건 (요청 202회)
  2025/04까지 · 누적 2762건 (요청 208회)
  2025/10까지 · 누적 2772건 (요청 214회)
  2026/04까지 · 누적 2776건 (요청 220회)
[라이선스] 완료 · 누적 2778건 (요청 224회)
  2023/02까지 · 누적 2778건 (요청 226회)
  2023/08까지 · 누적 2788건 (요청 232회)
  2024/02까지 · 누적 2791건 (요청 238회)
  2024/08까지 · 누적 2796건 (요청 244회)
  2025/02까지 · 누적 2798건 (요청 250회)
  2025/08까지 · 누적 2802건 (요청 256회)
  2026/02까지 · 누적 2806건 (요청 262회)
  2026/08까지 · 누적 2807건 (요청 268회)
[라이센스] 완료 · 누적 2807건 (요청 268회)
  2023/06까지 · 누적 2847건 (요청 274회)
  2023/12까지 · 누적 2862건 (요청 280회)
  2024/06까지 · 누적 2907건 (요청 286회)
  2024/12까지 · 누적 2928건 (요청 292회)
  2025/06까지 · 누적 2972건 (요청 298회)
  2025/12까지 · 누적 3007건 (요청 304회)
  2026/06까지 · 누적 3068건 (요청 310회)
[구독] 완료 · 누적 3071건 (요청 312회)
  2023/04까지 · 누적 3075건 (요청 316회)
  2023/10까지 · 누적 3181건 (요청 322회)
  2024/04까지 · 누적 3205건 (요청 328회)
  2024/10까지 · 누적 3216건 (요청 334회)
  2025/04까지 · 누적 3224건 (요청 340회)
  2025/10까지 · 누적 3232건 (요청 346회)
  2026/04까지 · 누적 3236건 (요청 352회)
[플랫폼] 완료 · 누적 3242건 (요청 356회)
  2023/02까지 · 누적 3242건 (요청 358회)
  2023/08까지 · 누적 3244건 (요청 364회)
  2024/02까지 · 누적 3244건 (요청 370회)
  2024/08까지 · 누적 3247건 (요청 376회)
  2025/02까지 · 누적 3253건 (요청 382회)
  2025/08까지 · 누적 3271건 (요청 388회)
  2026/02까지 · 누적 3277건 (요청 394회)
  2026/08까지 · 누적 3279건 (요청 400회)
[GPT] 완료 · 누적 3279건 (요청 400회)
  2023/06까지 · 누적 3280건 (요청 406회)
  2023/12까지 · 누적 3281건 (요청 412회)
  2024/06까지 · 누적 3283건 (요청 418회)
  2024/12까지 · 누적 3284건 (요청 424회)
  2025/06까지 · 누적 3285건 (요청 430회)
  2025/12까지 · 누적 3285건 (요청 436회)
  2026/06까지 · 누적 3285건 (요청 442회)
[어도비] 완료 · 누적 3285건 (요청 444회)
  2023/04까지 · 누적 3287건 (요청 448회)
  2023/10까지 · 누적 3291건 (요청 454회)
  2024/04까지 · 누적 3292건 (요청 460회)
  2024/10까지 · 누적 3297건 (요청 466회)
  2025/04까지 · 누적 3311건 (요청 472회)
  2025/10까지 · 누적 3315건 (요청 478회)
  2026/04까지 · 누적 3316건 (요청 484회)
[디지털교과서] 완료 · 누적 3317건 (요청 488회)
  2023/02까지 · 누적 3317건 (요청 490회)
  2023/08까지 · 누적 3337건 (요청 496회)
  2024/02까지 · 누적 3361건 (요청 502회)
  2024/08까지 · 누적 3375건 (요청 508회)
  2025/02까지 · 누적 3390건 (요청 514회)
  2025/08까지 · 누적 3415건 (요청 520회)
  2026/02까지 · 누적 3428건 (요청 526회)
  2026/08까지 · 누적 3570건 (요청 532회)
[교육자료] 완료 · 누적 3570건 (요청 532회)
  2023/06까지 · 누적 3570건 (요청 538회)
  2023/12까지 · 누적 3571건 (요청 544회)
  2024/06까지 · 누적 3571건 (요청 550회)
  재시도(<urlopen error [Errno 60] Operation timed out>) → 5초
  2024/12까지 · 누적 3571건 (요청 556회)
  2025/06까지 · 누적 3571건 (요청 562회)
  2025/12까지 · 누적 3571건 (요청 568회)
  2026/06까지 · 누적 3571건 (요청 574회)
[챗봇] 완료 · 누적 3571건 (요청 576회)
  2023/04까지 · 누적 3591건 (요청 580회)
  2023/10까지 · 누적 3703건 (요청 586회)
  2024/04까지 · 누적 3778건 (요청 592회)
  2024/10까지 · 누적 3787건 (요청 598회)
  2025/04까지 · 누적 3795건 (요청 604회)
  2025/10까지 · 누적 3798건 (요청 610회)
  2026/04까지 · 누적 3801건 (요청 616회)
[메타버스] 완료 · 누적 3803건 (요청 620회)
  2023/02까지 · 누적 3803건 (요청 622회)
  2023/08까지 · 누적 3916건 (요청 628회)
  2024/02까지 · 누적 3993건 (요청 634회)
  2024/08까지 · 누적 4103건 (요청 640회)
  2025/02까지 · 누적 4188건 (요청 646회)
  2025/08까지 · 누적 4305건 (요청 652회)
  2026/02까지 · 누적 4378건 (요청 658회)
  2026/08까지 · 누적 4433건 (요청 664회)
[코딩] 완료 · 누적 4433건 (요청 664회)
  2023/06까지 · 누적 4433건 (요청 670회)
  2023/12까지 · 누적 4433건 (요청 676회)
  2024/06까지 · 누적 4433건 (요청 682회)
  2024/12까지 · 누적 4433건 (요청 688회)
  2025/06까지 · 누적 4437건 (요청 694회)
  2025/12까지 · 누적 4441건 (요청 700회)
  2026/06까지 · 누적 4441건 (요청 706회)
[AIDT] 완료 · 누적 4441건 (요청 708회)
  2023/04까지 · 누적 4441건 (요청 712회)
  2023/10까지 · 누적 4442건 (요청 718회)
  2024/04까지 · 누적 4443건 (요청 724회)
  2024/10까지 · 누적 4444건 (요청 730회)
  2025/04까지 · 누적 4444건 (요청 736회)
  2025/10까지 · 누적 4444건 (요청 742회)
  2026/04까지 · 누적 4444건 (요청 748회)
[클래스팅] 완료 · 누적 4444건 (요청 752회)
  2023/02까지 · 누적 4444건 (요청 754회)
  2023/08까지 · 누적 4446건 (요청 760회)
  2024/02까지 · 누적 4448건 (요청 766회)
  2024/08까지 · 누적 4454건 (요청 772회)
  2025/02까지 · 누적 4454건 (요청 778회)
  2025/08까지 · 누적 4460건 (요청 784회)
  2026/02까지 · 누적 4461건 (요청 790회)
  2026/08까지 · 누적 4463건 (요청 796회)
[패들렛] 완료 · 누적 4463건 (요청 796회)
  2023/06까지 · 누적 4463건 (요청 802회)
  2023/12까지 · 누적 4463건 (요청 808회)
  2024/06까지 · 누적 4463건 (요청 814회)
  2024/12까지 · 누적 4463건 (요청 820회)
  2025/06까지 · 누적 4463건 (요청 826회)
  2025/12까지 · 누적 4463건 (요청 832회)
  2026/06까지 · 누적 4464건 (요청 838회)
[캔바] 완료 · 누적 4464건 (요청 840회)

완료 — 요청 840회, 학교 계약 4464건 → 경북_candidates.csv
월 44개 × 키워드 19개 = 836조합
[에듀테크] 완료 · 누적 0건 (요청 0회)
[코스웨어] 완료 · 누적 0건 (요청 0회)
[인공지능] 완료 · 누적 0건 (요청 0회)
[소프트웨어] 완료 · 누적 0건 (요청 0회)
[라이선스] 완료 · 누적 0건 (요청 0회)
[라이센스] 완료 · 누적 0건 (요청 0회)
[구독] 완료 · 누적 0건 (요청 0회)
[플랫폼] 완료 · 누적 0건 (요청 0회)
[GPT] 완료 · 누적 0건 (요청 0회)
[어도비] 완료 · 누적 0건 (요청 0회)
[디지털교과서] 완료 · 누적 0건 (요청 0회)
[교육자료] 완료 · 누적 0건 (요청 0회)
[챗봇] 완료 · 누적 0건 (요청 0회)
[메타버스] 완료 · 누적 0건 (요청 0회)
[코딩] 완료 · 누적 0건 (요청 0회)
[AIDT] 완료 · 누적 0건 (요청 0회)
[클래스팅] 완료 · 누적 0건 (요청 0회)
[패들렛] 완료 · 누적 0건 (요청 0회)
[캔바] 완료 · 누적 0건 (요청 0회)

완료 — 요청 0회, 학교 계약 0건 → 경북_candidates.csv
월 44개 × 키워드 19개 = 836조합
[에듀테크] 완료 · 누적 0건 (요청 0회)
[코스웨어] 완료 · 누적 0건 (요청 0회)
[인공지능] 완료 · 누적 0건 (요청 0회)
[소프트웨어] 완료 · 누적 0건 (요청 0회)
[라이선스] 완료 · 누적 0건 (요청 0회)
[라이센스] 완료 · 누적 0건 (요청 0회)
[구독] 완료 · 누적 0건 (요청 0회)
[플랫폼] 완료 · 누적 0건 (요청 0회)
[GPT] 완료 · 누적 0건 (요청 0회)
[어도비] 완료 · 누적 0건 (요청 0회)
[디지털교과서] 완료 · 누적 0건 (요청 0회)
[교육자료] 완료 · 누적 0건 (요청 0회)
[챗봇] 완료 · 누적 0건 (요청 0회)
[메타버스] 완료 · 누적 0건 (요청 0회)
[코딩] 완료 · 누적 0건 (요청 0회)
[AIDT] 완료 · 누적 0건 (요청 0회)
[클래스팅] 완료 · 누적 0건 (요청 0회)
[패들렛] 완료 · 누적 0건 (요청 0회)
[캔바] 완료 · 누적 0건 (요청 0회)

완료 — 요청 0회, 학교 계약 0건 → 경북_candidates.csv
