검색어 19종
[에듀테크|2025|0] 36페이지까지 · 누적 0건 (요청 36회)
[에듀테크|2025|1] 15페이지까지 · 누적 0건 (요청 51회)
[코스웨어|2025|0] 7페이지까지 · 누적 0건 (요청 58회)
[코스웨어|2025|1] 2페이지까지 · 누적 0건 (요청 60회)
[인공지능|2025|0] 9페이지까지 · 누적 0건 (요청 69회)
[인공지능|2025|1] 3페이지까지 · 누적 0건 (요청 72회)
[소프트웨어|2025|0] 14페이지까지 · 누적 0건 (요청 86회)
[소프트웨어|2025|1] 4페이지까지 · 누적 0건 (요청 90회)
[라이선스|2025|0] 2페이지까지 · 누적 0건 (요청 92회)
[라이선스|2025|1] 1페이지까지 · 누적 0건 (요청 93회)
[라이센스|2025|0] 2페이지까지 · 누적 0건 (요청 95회)
[라이센스|2025|1] 1페이지까지 · 누적 0건 (요청 96회)
[구독|2025|0] 18페이지까지 · 누적 0건 (요청 114회)
[구독|2025|1] 5페이지까지 · 누적 0건 (요청 119회)
[플랫폼|2025|0] 5페이지까지 · 누적 0건 (요청 124회)
[플랫폼|2025|1] 1페이지까지 · 누적 0건 (요청 125회)
[GPT|2025|0] 5페이지까지 · 누적 0건 (요청 130회)
  재시도(<urlopen error timed out>) → 5초
[GPT|2025|1] 2페이지까지 · 누적 0건 (요청 132회)
[어도비|2025|0] 1페이지까지 · 누적 0건 (요청 133회)
[어도비|2025|1] 1페이지까지 · 누적 0건 (요청 134회)
[디지털교과서|2025|0] 1페이지까지 · 누적 0건 (요청 135회)
[디지털교과서|2025|1] 1페이지까지 · 누적 0건 (요청 136회)
[교육자료|2025|0] 18페이지까지 · 누적 0건 (요청 154회)
[교육자료|2025|1] 6페이지까지 · 누적 0건 (요청 160회)
[챗봇|2025|0] 1페이지까지 · 누적 0건 (요청 161회)
[챗봇|2025|1] 1페이지까지 · 누적 0건 (요청 162회)
[메타버스|2025|0] 1페이지까지 · 누적 0건 (요청 163회)
[메타버스|2025|1] 1페이지까지 · 누적 0건 (요청 164회)
[코딩|2025|0] 18페이지까지 · 누적 0건 (요청 182회)
[코딩|2025|1] 8페이지까지 · 누적 0건 (요청 190회)
[AIDT|2025|0] 2페이지까지 · 누적 0건 (요청 192회)
[AIDT|2025|1] 1페이지까지 · 누적 0건 (요청 193회)
[클래스팅|2025|0] 1페이지까지 · 누적 0건 (요청 194회)
[클래스팅|2025|1] 1페이지까지 · 누적 0건 (요청 195회)
[패들렛|2025|0] 4페이지까지 · 누적 0건 (요청 199회)
[패들렛|2025|1] 1페이지까지 · 누적 0건 (요청 200회)
[캔바|2025|0] 1페이지까지 · 누적 0건 (요청 201회)
[캔바|2025|1] 1페이지까지 · 누적 0건 (요청 202회)

완료 — 요청 202회, 학교 계약 0건 → 경기_candidates.csv
