검색어 19종
[에듀테크|2020|0] 14페이지까지 · 누적 82건 (요청 14회)
[에듀테크|2020|1] 35페이지까지 · 누적 305건 (요청 49회)
[에듀테크|2021|0] 37페이지까지 · 누적 527건 (요청 86회)
[에듀테크|2021|1] 119페이지까지 · 누적 1186건 (요청 205회)
[에듀테크|2022|0] 28페이지까지 · 누적 1381건 (요청 233회)
[에듀테크|2022|1] 65페이지까지 · 누적 1816건 (요청 298회)
[코스웨어|2020|0] 1페이지까지 · 누적 1816건 (요청 299회)
[코스웨어|2020|1] 1페이지까지 · 누적 1816건 (요청 300회)
[코스웨어|2021|0] 1페이지까지 · 누적 1816건 (요청 301회)
[코스웨어|2021|1] 1페이지까지 · 누적 1816건 (요청 302회)
[코스웨어|2022|0] 1페이지까지 · 누적 1816건 (요청 303회)
[코스웨어|2022|1] 1페이지까지 · 누적 1816건 (요청 304회)
[인공지능|2020|0] 5페이지까지 · 누적 1838건 (요청 309회)
[인공지능|2020|1] 26페이지까지 · 누적 1968건 (요청 335회)
[인공지능|2021|0] 32페이지까지 · 누적 2150건 (요청 367회)
[인공지능|2021|1] 107페이지까지 · 누적 2757건 (요청 474회)
[인공지능|2022|0] 77페이지까지 · 누적 3222건 (요청 551회)
  재시도(The read operation timed out) → 5초
[인공지능|2022|1] 177페이지까지 · 누적 4284건 (요청 728회)
[소프트웨어|2020|0] 141페이지까지 · 누적 5164건 (요청 869회)
[소프트웨어|2020|1] 201페이지까지 · 누적 6468건 (요청 1069회)
[소프트웨어|2021|0] 82페이지까지 · 누적 7000건 (요청 1151회)
  재시도(The read operation timed out) → 5초
  재시도(IncompleteRead(8192 bytes read)) → 20초
[소프트웨어|2021|1] 130페이지까지 · 누적 7787건 (요청 1281회)
[소프트웨어|2022|0] 83페이지까지 · 누적 8314건 (요청 1364회)
[소프트웨어|2022|1] 120페이지까지 · 누적 9063건 (요청 1484회)
  재시도(<urlopen error timed out>) → 5초
[라이선스|2020|0] 15페이지까지 · 누적 9139건 (요청 1499회)
[라이선스|2020|1] 14페이지까지 · 누적 9233건 (요청 1513회)
[라이선스|2021|0] 12페이지까지 · 누적 9302건 (요청 1525회)
[라이선스|2021|1] 9페이지까지 · 누적 9355건 (요청 1534회)
[라이선스|2022|0] 16페이지까지 · 누적 9437건 (요청 1550회)
[라이선스|2022|1] 10페이지까지 · 누적 9491건 (요청 1560회)
[라이센스|2020|0] 15페이지까지 · 누적 9587건 (요청 1575회)
[라이센스|2020|1] 9페이지까지 · 누적 9648건 (요청 1584회)
[라이센스|2021|0] 14페이지까지 · 누적 9726건 (요청 1598회)
[라이센스|2021|1] 10페이지까지 · 누적 9785건 (요청 1608회)
[라이센스|2022|0] 12페이지까지 · 누적 9852건 (요청 1620회)
[라이센스|2022|1] 13페이지까지 · 누적 9928건 (요청 1633회)
[구독|2020|0] 144페이지까지 · 누적 11071건 (요청 1777회)
[구독|2020|1] 55페이지까지 · 누적 11544건 (요청 1832회)
  재시도(The read operation timed out) → 5초
[구독|2021|0] 171페이지까지 · 누적 12921건 (요청 2003회)
[구독|2021|1] 53페이지까지 · 누적 13368건 (요청 2056회)
[구독|2022|0] 162페이지까지 · 누적 14695건 (요청 2218회)
[구독|2022|1] 51페이지까지 · 누적 15116건 (요청 2269회)
[플랫폼|2020|0] 4페이지까지 · 누적 15139건 (요청 2273회)
[플랫폼|2020|1] 10페이지까지 · 누적 15188건 (요청 2283회)
[플랫폼|2021|0] 9페이지까지 · 누적 15230건 (요청 2292회)
[플랫폼|2021|1] 11페이지까지 · 누적 15283건 (요청 2303회)
[플랫폼|2022|0] 12페이지까지 · 누적 15338건 (요청 2315회)
[플랫폼|2022|1] 17페이지까지 · 누적 15414건 (요청 2332회)
[GPT|2020|0] 1페이지까지 · 누적 15414건 (요청 2333회)
[GPT|2020|1] 1페이지까지 · 누적 15414건 (요청 2334회)
[GPT|2021|0] 1페이지까지 · 누적 15414건 (요청 2335회)
[GPT|2021|1] 1페이지까지 · 누적 15414건 (요청 2336회)
[GPT|2022|0] 1페이지까지 · 누적 15414건 (요청 2337회)
[GPT|2022|1] 1페이지까지 · 누적 15414건 (요청 2338회)
[어도비|2020|0] 2페이지까지 · 누적 15418건 (요청 2340회)
[어도비|2020|1] 3페이지까지 · 누적 15431건 (요청 2343회)
[어도비|2021|0] 3페이지까지 · 누적 15437건 (요청 2346회)
[어도비|2021|1] 3페이지까지 · 누적 15447건 (요청 2349회)
[어도비|2022|0] 3페이지까지 · 누적 15453건 (요청 2352회)
[어도비|2022|1] 2페이지까지 · 누적 15459건 (요청 2354회)
[디지털교과서|2020|0] 8페이지까지 · 누적 15513건 (요청 2362회)
[디지털교과서|2020|1] 21페이지까지 · 누적 15648건 (요청 2383회)
[디지털교과서|2021|0] 2페이지까지 · 누적 15656건 (요청 2385회)
[디지털교과서|2021|1] 2페이지까지 · 누적 15664건 (요청 2387회)
[디지털교과서|2022|0] 1페이지까지 · 누적 15665건 (요청 2388회)
[디지털교과서|2022|1] 3페이지까지 · 누적 15689건 (요청 2391회)
[교육자료|2020|0] 59페이지까지 · 누적 16103건 (요청 2450회)
[교육자료|2020|1] 188페이지까지 · 누적 17440건 (요청 2638회)
[교육자료|2021|0] 110페이지까지 · 누적 18200건 (요청 2748회)
[교육자료|2021|1] 163페이지까지 · 누적 19376건 (요청 2911회)
[교육자료|2022|0] 114페이지까지 · 누적 20200건 (요청 3025회)
[교육자료|2022|1] 157페이지까지 · 누적 21351건 (요청 3182회)
[챗봇|2020|0] 1페이지까지 · 누적 21351건 (요청 3183회)
[챗봇|2020|1] 1페이지까지 · 누적 21352건 (요청 3184회)
[챗봇|2021|0] 1페이지까지 · 누적 21352건 (요청 3185회)
[챗봇|2021|1] 1페이지까지 · 누적 21352건 (요청 3186회)
[챗봇|2022|0] 1페이지까지 · 누적 21353건 (요청 3187회)
[챗봇|2022|1] 2페이지까지 · 누적 21353건 (요청 3189회)
[메타버스|2020|0] 1페이지까지 · 누적 21353건 (요청 3190회)
[메타버스|2020|1] 1페이지까지 · 누적 21353건 (요청 3191회)
[메타버스|2021|0] 1페이지까지 · 누적 21356건 (요청 3192회)
[메타버스|2021|1] 9페이지까지 · 누적 21400건 (요청 3201회)
[메타버스|2022|0] 13페이지까지 · 누적 21458건 (요청 3214회)
[메타버스|2022|1] 21페이지까지 · 누적 21584건 (요청 3235회)
[코딩|2020|0] 26페이지까지 · 누적 21728건 (요청 3261회)
[코딩|2020|1] 116페이지까지 · 누적 22377건 (요청 3377회)
[코딩|2021|0] 48페이지까지 · 누적 22667건 (요청 3425회)
[코딩|2021|1] 114페이지까지 · 누적 23371건 (요청 3539회)
[코딩|2022|0] 84페이지까지 · 누적 23920건 (요청 3623회)
[코딩|2022|1] 158페이지까지 · 누적 24944건 (요청 3781회)
[AIDT|2020|0] 1페이지까지 · 누적 24944건 (요청 3782회)
[AIDT|2020|1] 1페이지까지 · 누적 24944건 (요청 3783회)
[AIDT|2021|0] 1페이지까지 · 누적 24944건 (요청 3784회)
[AIDT|2021|1] 1페이지까지 · 누적 24944건 (요청 3785회)
[AIDT|2022|0] 1페이지까지 · 누적 24944건 (요청 3786회)
[AIDT|2022|1] 1페이지까지 · 누적 24944건 (요청 3787회)
[클래스팅|2020|0] 1페이지까지 · 누적 24945건 (요청 3788회)
[클래스팅|2020|1] 1페이지까지 · 누적 24946건 (요청 3789회)
[클래스팅|2021|0] 1페이지까지 · 누적 24947건 (요청 3790회)
[클래스팅|2021|1] 1페이지까지 · 누적 24948건 (요청 3791회)
[클래스팅|2022|0] 3페이지까지 · 누적 24953건 (요청 3794회)
[클래스팅|2022|1] 1페이지까지 · 누적 24953건 (요청 3795회)
[패들렛|2020|0] 1페이지까지 · 누적 24955건 (요청 3796회)
[패들렛|2020|1] 7페이지까지 · 누적 24996건 (요청 3803회)
[패들렛|2021|0] 9페이지까지 · 누적 25047건 (요청 3812회)
[패들렛|2021|1] 6페이지까지 · 누적 25089건 (요청 3818회)
[패들렛|2022|0] 7페이지까지 · 누적 25132건 (요청 3825회)
[패들렛|2022|1] 4페이지까지 · 누적 25152건 (요청 3829회)
[캔바|2020|0] 1페이지까지 · 누적 25152건 (요청 3830회)
[캔바|2020|1] 1페이지까지 · 누적 25153건 (요청 3831회)
[캔바|2021|0] 1페이지까지 · 누적 25153건 (요청 3832회)
[캔바|2021|1] 1페이지까지 · 누적 25154건 (요청 3833회)
[캔바|2022|0] 1페이지까지 · 누적 25154건 (요청 3834회)
[캔바|2022|1] 1페이지까지 · 누적 25155건 (요청 3835회)

완료 — 요청 3835회, 학교 계약 25155건 → 경기_candidates.csv
