검색어 19종
[에듀테크|2023|0] 78페이지까지 · 누적 566건 (요청 78회)
[에듀테크|2023|1] 178페이지까지 · 누적 1883건 (요청 256회)
[에듀테크|2024|0] 201페이지까지 · 누적 3317건 (요청 456회)
[에듀테크|2024|1] 201페이지까지 · 누적 4810건 (요청 656회)
[에듀테크|2025|0] 36페이지까지 · 누적 5110건 (요청 692회)
[에듀테크|2025|1] 15페이지까지 · 누적 5233건 (요청 707회)
[에듀테크|2026|0] 172페이지까지 · 누적 6870건 (요청 879회)
[에듀테크|2026|1] 32페이지까지 · 누적 7164건 (요청 911회)
[코스웨어|2023|0] 4페이지까지 · 누적 7184건 (요청 915회)
[코스웨어|2023|1] 21페이지까지 · 누적 7293건 (요청 936회)
[코스웨어|2024|0] 61페이지까지 · 누적 7617건 (요청 997회)
[코스웨어|2024|1] 38페이지까지 · 누적 7853건 (요청 1035회)
[코스웨어|2025|0] 7페이지까지 · 누적 7898건 (요청 1042회)
[코스웨어|2025|1] 2페이지까지 · 누적 7909건 (요청 1044회)
[코스웨어|2026|0] 20페이지까지 · 누적 8093건 (요청 1064회)
[코스웨어|2026|1] 4페이지까지 · 누적 8115건 (요청 1068회)
[인공지능|2023|0] 113페이지까지 · 누적 8789건 (요청 1181회)
[인공지능|2023|1] 201페이지까지 · 누적 9980건 (요청 1381회)
[인공지능|2024|0] 49페이지까지 · 누적 10283건 (요청 1430회)
[인공지능|2024|1] 93페이지까지 · 누적 10801건 (요청 1523회)
[인공지능|2025|0] 9페이지까지 · 누적 10856건 (요청 1532회)
[인공지능|2025|1] 3페이지까지 · 누적 10878건 (요청 1535회)
[인공지능|2026|0] 39페이지까지 · 누적 11203건 (요청 1574회)
[인공지능|2026|1] 13페이지까지 · 누적 11304건 (요청 1587회)
[소프트웨어|2023|0] 85페이지까지 · 누적 11881건 (요청 1672회)
[소프트웨어|2023|1] 148페이지까지 · 누적 12809건 (요청 1820회)
[소프트웨어|2024|0] 83페이지까지 · 누적 13363건 (요청 1903회)
[소프트웨어|2024|1] 106페이지까지 · 누적 14089건 (요청 2009회)
[소프트웨어|2025|0] 14페이지까지 · 누적 14192건 (요청 2023회)
[소프트웨어|2025|1] 4페이지까지 · 누적 14218건 (요청 2027회)
[소프트웨어|2026|0] 90페이지까지 · 누적 14963건 (요청 2117회)
[소프트웨어|2026|1] 19페이지까지 · 누적 15097건 (요청 2136회)
[라이선스|2023|0] 14페이지까지 · 누적 15174건 (요청 2150회)
[라이선스|2023|1] 10페이지까지 · 누적 15225건 (요청 2160회)
[라이선스|2024|0] 12페이지까지 · 누적 15303건 (요청 2172회)
[라이선스|2024|1] 8페이지까지 · 누적 15341건 (요청 2180회)
[라이선스|2025|0] 2페이지까지 · 누적 15349건 (요청 2182회)
[라이선스|2025|1] 1페이지까지 · 누적 15350건 (요청 2183회)
[라이선스|2026|0] 16페이지까지 · 누적 15454건 (요청 2199회)
[라이선스|2026|1] 2페이지까지 · 누적 15465건 (요청 2201회)
[라이센스|2023|0] 11페이지까지 · 누적 15528건 (요청 2212회)
[라이센스|2023|1] 12페이지까지 · 누적 15579건 (요청 2224회)
[라이센스|2024|0] 16페이지까지 · 누적 15675건 (요청 2240회)
[라이센스|2024|1] 14페이지까지 · 누적 15731건 (요청 2254회)
[라이센스|2025|0] 2페이지까지 · 누적 15740건 (요청 2256회)
[라이센스|2025|1] 1페이지까지 · 누적 15746건 (요청 2257회)
[라이센스|2026|0] 12페이지까지 · 누적 15821건 (요청 2269회)
[라이센스|2026|1] 3페이지까지 · 누적 15833건 (요청 2272회)
[구독|2023|0] 154페이지까지 · 누적 17118건 (요청 2426회)
[구독|2023|1] 53페이지까지 · 누적 17552건 (요청 2479회)
[구독|2024|0] 166페이지까지 · 누적 18839건 (요청 2645회)
[구독|2024|1] 59페이지까지 · 누적 19262건 (요청 2704회)
[구독|2025|0] 18페이지까지 · 누적 19391건 (요청 2722회)
[구독|2025|1] 5페이지까지 · 누적 19418건 (요청 2727회)
  재시도(The read operation timed out) → 5초
[구독|2026|0] 155페이지까지 · 누적 20599건 (요청 2882회)
  재시도(HTTP Error 504: Gateway Timeout) → 5초
[구독|2026|1] 16페이지까지 · 누적 20700건 (요청 2898회)
  재시도(The read operation timed out) → 5초
[플랫폼|2023|0] 20페이지까지 · 누적 20786건 (요청 2918회)
[플랫폼|2023|1] 26페이지까지 · 누적 20893건 (요청 2944회)
[플랫폼|2024|0] 29페이지까지 · 누적 21004건 (요청 2973회)
[플랫폼|2024|1] 40페이지까지 · 누적 21165건 (요청 3013회)
[플랫폼|2025|0] 5페이지까지 · 누적 21181건 (요청 3018회)
[플랫폼|2025|1] 1페이지까지 · 누적 21185건 (요청 3019회)
[플랫폼|2026|0] 43페이지까지 · 누적 21358건 (요청 3062회)
[플랫폼|2026|1] 7페이지까지 · 누적 21378건 (요청 3069회)
[GPT|2023|0] 3페이지까지 · 누적 21393건 (요청 3072회)
[GPT|2023|1] 6페이지까지 · 누적 21416건 (요청 3078회)
[GPT|2024|0] 7페이지까지 · 누적 21431건 (요청 3085회)
[GPT|2024|1] 21페이지까지 · 누적 21526건 (요청 3106회)
[GPT|2025|0] 5페이지까지 · 누적 21536건 (요청 3111회)
[GPT|2025|1] 2페이지까지 · 누적 21541건 (요청 3113회)
[GPT|2026|0] 13페이지까지 · 누적 21595건 (요청 3126회)
[GPT|2026|1] 3페이지까지 · 누적 21600건 (요청 3129회)
[어도비|2023|0] 3페이지까지 · 누적 21608건 (요청 3132회)
[어도비|2023|1] 4페이지까지 · 누적 21617건 (요청 3136회)
[어도비|2024|0] 4페이지까지 · 누적 21626건 (요청 3140회)
[어도비|2024|1] 4페이지까지 · 누적 21635건 (요청 3144회)
[어도비|2025|0] 1페이지까지 · 누적 21635건 (요청 3145회)
[어도비|2025|1] 1페이지까지 · 누적 21636건 (요청 3146회)
[어도비|2026|0] 4페이지까지 · 누적 21647건 (요청 3150회)
[어도비|2026|1] 1페이지까지 · 누적 21652건 (요청 3151회)
[디지털교과서|2023|0] 1페이지까지 · 누적 21657건 (요청 3152회)
[디지털교과서|2023|1] 1페이지까지 · 누적 21660건 (요청 3153회)
[디지털교과서|2024|0] 1페이지까지 · 누적 21661건 (요청 3154회)
[디지털교과서|2024|1] 2페이지까지 · 누적 21668건 (요청 3156회)
[디지털교과서|2025|0] 1페이지까지 · 누적 21675건 (요청 3157회)
[디지털교과서|2025|1] 1페이지까지 · 누적 21676건 (요청 3158회)
[디지털교과서|2026|0] 1페이지까지 · 누적 21676건 (요청 3159회)
[디지털교과서|2026|1] 1페이지까지 · 누적 21676건 (요청 3160회)
[교육자료|2023|0] 110페이지까지 · 누적 22507건 (요청 3270회)
  재시도(The read operation timed out) → 5초
[교육자료|2023|1] 153페이지까지 · 누적 23696건 (요청 3423회)
