검색어 19종
  재시도(<urlopen error EOF occurred in violation of protocol (_ssl.c:1129)>) → 5초
[에듀테크] 23페이지까지 · 누적 201건 (요청 23회)
[코스웨어] 7페이지까지 · 누적 256건 (요청 30회)
[인공지능] 44페이지까지 · 누적 653건 (요청 74회)
[소프트웨어] 53페이지까지 · 누적 1040건 (요청 127회)
[라이선스] 5페이지까지 · 누적 1052건 (요청 132회)
[라이센스] 7페이지까지 · 누적 1082건 (요청 139회)
[구독] 38페이지까지 · 누적 1239건 (요청 177회)
[플랫폼] 16페이지까지 · 누적 1274건 (요청 193회)
[GPT] 4페이지까지 · 누적 1281건 (요청 197회)
[어도비] 2페이지까지 · 누적 1284건 (요청 199회)
[디지털교과서] 12페이지까지 · 누적 1311건 (요청 211회)
[교육자료] 21페이지까지 · 누적 1480건 (요청 232회)
[챗봇] 1페이지까지 · 누적 1481건 (요청 233회)
[메타버스] 3페이지까지 · 누적 1495건 (요청 236회)
[코딩] 30페이지까지 · 누적 1723건 (요청 266회)
[AIDT] 5페이지까지 · 누적 1724건 (요청 271회)
[클래스팅] 2페이지까지 · 누적 1728건 (요청 273회)
[패들렛] 2페이지까지 · 누적 1732건 (요청 275회)
[캔바] 1페이지까지 · 누적 1733건 (요청 276회)

완료 — 요청 276회, 학교 계약 1733건 → 강원_candidates.csv
