서울 홈페이지 보유 1414개교 · 동시 14
  100/1414 · 링크 95건 · 실패 3
  200/1414 · 링크 219건 · 실패 7
  300/1414 · 링크 342건 · 실패 7
  400/1414 · 링크 433건 · 실패 8
  500/1414 · 링크 541건 · 실패 10
  600/1414 · 링크 626건 · 실패 15
  700/1414 · 링크 726건 · 실패 18
  800/1414 · 링크 842건 · 실패 31
  900/1414 · 링크 842건 · 실패 130
  1000/1414 · 링크 863건 · 실패 227
  1100/1414 · 링크 888건 · 실패 295
  1200/1414 · 링크 971건 · 실패 298
  1300/1414 · 링크 1064건 · 실패 303
  1400/1414 · 링크 1130건 · 실패 317

완료 — 1414개교 중 1095개교 응답, 외부 링크 1151건 / 도메인 305종 → homepage_links.csv
가장 많이 걸린 도메인 30개:
    283개교  read365.edunet.net                     독서로 [링크] [새 창 열림]
    224개교  webzine.serii.re.kr                    계간 『서울교육』(연 4회 발간) 홍보 [새
    110개교  www.ekape.or.kr                        축산물 이력번호 조회
     34개교  reading.ssem.or.kr                     강신중 도서검색
     27개교  www.ssem.or.kr                         교수학습지원센터
     26개교  hostncd.ssem.or.kr                     PLAY
     21개교  www.kkulbaksa.com                      꿀박사
     11개교  www.dbpia.co.kr                        DB pia
     10개교  www.jinhak.or.kr                       진로진학정보센터
      9개교  www.ealimi.com                         e알리미
      9개교  cls.edunet.net                         서울 e학습터
      9개교  www.edunet.net                         에듀넷
      8개교  schoolzone.emac.kr                     학구도안내
      7개교  forms.gle                              채용(구인) 의뢰란
      6개교  www.dbdbschool.kr                      자유학기제 수강신청
      6개교  www.kkulmat.com                        꿀맛닷컴
      5개교  schoolaw.lawinfo.or.kr                 스쿨로
      5개교  www.crezone.net                        크레존
      5개교  primary.ebs.co.kr                      EBS초등
      4개교  www.schoolsafe.kr                      학교안전정보센터의 배너, 새창열림
      4개교  bit.ly                                 자유학기제
      4개교  school.nitroeye.co.kr                  이메일무단수집거부
      4개교  scholar.kyobobook.co.kr                교보스콜라
      4개교  dtbook.edunet.net                      EDUNET 디지털교과서
      3개교  www.schoolhealth.kr                    학생생명존중 교육자료
      3개교  teentalk.or.kr                         다 들어줄개의 배너, 새창열림
      3개교  ibo.org                                IBO
      3개교  www.ebs.co.kr                          EBS교육방송
      2개교  www.hscredit.net                       고교학점제
      2개교  mydatasafe.kr                          개인정보 보호의 날의 배너, 새창열림
