경기 홈페이지 보유 2666개교 · 동시 14
  100/2666 · 링크 39건 · 실패 0
  200/2666 · 링크 124건 · 실패 8
  300/2666 · 링크 199건 · 실패 11
  400/2666 · 링크 248건 · 실패 16
  500/2666 · 링크 341건 · 실패 17
  600/2666 · 링크 388건 · 실패 18
  700/2666 · 링크 490건 · 실패 20
  800/2666 · 링크 545건 · 실패 21
  900/2666 · 링크 611건 · 실패 22
  1000/2666 · 링크 666건 · 실패 28
  1100/2666 · 링크 723건 · 실패 32
  1200/2666 · 링크 837건 · 실패 35
  1300/2666 · 링크 928건 · 실패 38
  1400/2666 · 링크 993건 · 실패 42
  1500/2666 · 링크 1053건 · 실패 43
  1600/2666 · 링크 1157건 · 실패 46
  1700/2666 · 링크 1228건 · 실패 48
  1800/2666 · 링크 1354건 · 실패 49
  1900/2666 · 링크 1473건 · 실패 51
  2000/2666 · 링크 1524건 · 실패 53
  2100/2666 · 링크 1571건 · 실패 54
  2200/2666 · 링크 1655건 · 실패 62
  2300/2666 · 링크 1777건 · 실패 65
  2400/2666 · 링크 1819건 · 실패 66
  2500/2666 · 링크 1936건 · 실패 66
  2600/2666 · 링크 2044건 · 실패 70

완료 — 2666개교 중 2593개교 응답, 외부 링크 2090건 / 도메인 377종 → homepage_links.csv
가장 많이 걸린 도메인 30개:
    243개교  www.ebs.co.kr                          ebs.png
    229개교  www.edunet.net                         에듀넷.png
    201개교  read365.edunet.net                     학교도서관도서신청배너
    188개교  www.goedu.kr                           교육용클라우드지원시스템_팝업이미지(변경).j
     73개교  www.ekape.or.kr                        축산물원패스
     42개교  www.ebsi.co.kr                         ban_05.gif
     36개교  www.airkorea.or.kr                     배너_03.png
     33개교  www.dbpia.co.kr                        DBpia_배너.jpg
     31개교  schoolaw.lawinfo.or.kr                 스쿨로 배너.jpg
     28개교  www.goegy.kr                           회원가입
     23개교  www.gov.kr                             정부24.JPG
     21개교  www.goeay.kr                           회원가입
     21개교  www.hi1318.or.kr                       0f57160d2e79aa7ed96d0c08
     20개교  www.goemec.kr                          미디어교육센터.png
     20개교  info.edunet.net                        에듀넷.jpg
     19개교  www.youthlabor.co.kr                   청소년근로권익센터
     19개교  www.goehs.kr                           6f65d82197211f4df1a3510f
     19개교  www.goebc.kr                           회원가입
     18개교  ilovewater.or.kr                       20161115103113.gif
     18개교  www.kpsg.or.kr                         20161115103039.gif
     17개교  www.goeyi.kr                           회원가입
     17개교  www.schoolhealth.kr                    a4768f0ac2b5e7fedfa2cb12
     17개교  www.goegn.kr                           회원가입
     16개교  www.goedy.kr                           성희롱･성폭력 신고센터
     16개교  www.goegh.kr                           회원가입
     16개교  www.edunet4u.net                       1301876670.jpg
     16개교  www.goeas.kr                           회원가입
     15개교  www.goegm.kr                           회원가입
     15개교  www.goepj.kr                           회원가입
     14개교  doran.edunet.net                       befc342236e89c11b6b107fc
