[에듀테크] 27페이지까지 · 누적 2582건 (요청 27회)
[코스웨어] 4페이지까지 · 누적 2866건 (요청 31회)
[인공지능] 18페이지까지 · 누적 4340건 (요청 49회)
[소프트웨어] 29페이지까지 · 누적 6625건 (요청 78회)
[라이선스] 2페이지까지 · 누적 6740건 (요청 80회)
[라이센스] 4페이지까지 · 누적 6926건 (요청 84회)
[구독] 19페이지까지 · 누적 8557건 (요청 103회)
[플랫폼] 5페이지까지 · 누적 8840건 (요청 108회)
[GPT] 3페이지까지 · 누적 8956건 (요청 111회)
[어도비] 1페이지까지 · 누적 8985건 (요청 112회)
[디지털교과서] 2페이지까지 · 누적 9130건 (요청 114회)
[교육자료] 34페이지까지 · 누적 12234건 (요청 148회)
[챗봇] 1페이지까지 · 누적 12236건 (요청 149회)
[메타버스] 2페이지까지 · 누적 12354건 (요청 151회)
[코딩] 34페이지까지 · 누적 15308건 (요청 185회)
[AIDT] 10페이지까지 · 누적 16211건 (요청 195회)
[클래스팅] 1페이지까지 · 누적 16224건 (요청 196회)
[패들렛] 3페이지까지 · 누적 16315건 (요청 199회)
[캔바] 1페이지까지 · 누적 16318건 (요청 200회)

완료 — 요청 200회, 학교 계약 16318건 → ice_candidates.csv
