검색어 19종
[에듀테크] 42페이지까지 · 누적 3708건 (요청 42회)
[코스웨어] 7페이지까지 · 누적 4204건 (요청 49회)
[인공지능] 27페이지까지 · 누적 6552건 (요청 76회)
[소프트웨어] 43페이지까지 · 누적 10443건 (요청 119회)
[라이선스] 2페이지까지 · 누적 10557건 (요청 121회)
[라이센스] 4페이지까지 · 누적 10828건 (요청 125회)
[구독] 16페이지까지 · 누적 12122건 (요청 141회)
[플랫폼] 4페이지까지 · 누적 12356건 (요청 145회)
[GPT] 2페이지까지 · 누적 12446건 (요청 147회)
[어도비] 1페이지까지 · 누적 12462건 (요청 148회)
[디지털교과서] 5페이지까지 · 누적 12900건 (요청 153회)
[교육자료] 57페이지까지 · 누적 18239건 (요청 210회)
[챗봇] 1페이지까지 · 누적 18243건 (요청 211회)
[메타버스] 2페이지까지 · 누적 18325건 (요청 213회)
[코딩] 34페이지까지 · 누적 21147건 (요청 247회)
[AIDT] 1페이지까지 · 누적 21150건 (요청 248회)
[클래스팅] 1페이지까지 · 누적 21161건 (요청 249회)
[패들렛] 2페이지까지 · 누적 21200건 (요청 251회)
[캔바] 1페이지까지 · 누적 21205건 (요청 252회)

완료 — 요청 252회, 학교 계약 21205건 → 전남_candidates.csv
