▶ collect_nara_full.py --begin 20200101 --end 20221231 (07:42)
전수 수집 창 13개 (20200101~20221231)
[skip] nara_full_20200101_20200330.csv 완료됨
[skip] nara_full_20200331_20200628.csv 완료됨
[skip] nara_full_20200629_20200926.csv 완료됨
[skip] nara_full_20200927_20201225.csv 완료됨
[skip] nara_full_20201226_20210325.csv 완료됨
[skip] nara_full_20210326_20210623.csv 완료됨
[skip] nara_full_20210624_20210921.csv 완료됨
[skip] nara_full_20210922_20211220.csv 완료됨
[skip] nara_full_20211221_20220320.csv 완료됨
[skip] nara_full_20220321_20220618.csv 완료됨
[skip] nara_full_20220619_20220916.csv 완료됨
[skip] nara_full_20220917_20221215.csv 완료됨
[skip] nara_full_20221216_20221231.csv 완료됨

전체 완료 — API 호출 0회
◀ 끝 (07:42)
▶ collect_nara_bid.py --begin 20200101 --end 20221231 (07:42)
창 37개 (20200101~20221231) × 업무 3종
[20200101~20200130 물품] 전체 6,846건 중 학교 공고 누적 1,440건 (API 7회)
[20200101~20200130 용역] 전체 17,215건 중 학교 공고 누적 4,912건 (API 25회)
[20200101~20200130 공사] 전체 8,114건 중 학교 공고 누적 5,846건 (API 34회)
[20200131~20200229 물품] 전체 14,949건 중 학교 공고 누적 12,179건 (API 49회)
[20200131~20200229 용역] 전체 23,089건 중 학교 공고 누적 15,247건 (API 73회)
[20200131~20200229 공사] 전체 14,892건 중 학교 공고 누적 15,733건 (API 88회)
[20200301~20200330 물품] 전체 11,410건 중 학교 공고 누적 17,403건 (API 100회)
[20200301~20200330 용역] 전체 20,955건 중 학교 공고 누적 17,824건 (API 121회)
[20200301~20200330 공사] 전체 21,116건 중 학교 공고 누적 18,010건 (API 143회)
[20200331~20200429 물품] 전체 11,065건 중 학교 공고 누적 19,078건 (API 155회)
[20200331~20200429 용역] 전체 16,909건 중 학교 공고 누적 19,338건 (API 172회)
[20200331~20200429 공사] 전체 16,373건 중 학교 공고 누적 19,693건 (API 189회)
[20200430~20200529 물품] 전체 9,412건 중 학교 공고 누적 20,758건 (API 199회)
[20200430~20200529 용역] 전체 12,697건 중 학교 공고 누적 20,995건 (API 212회)
[20200430~20200529 공사] 전체 15,677건 중 학교 공고 누적 21,411건 (API 228회)
[20200530~20200628 물품] 전체 10,311건 중 학교 공고 누적 23,379건 (API 239회)
[20200530~20200628 용역] 전체 11,720건 중 학교 공고 누적 23,642건 (API 251회)
[20200530~20200628 공사] 전체 15,297건 중 학교 공고 누적 24,338건 (API 267회)
[20200629~20200728 물품] 전체 8,573건 중 학교 공고 누적 25,799건 (API 276회)
[20200629~20200728 용역] 전체 10,594건 중 학교 공고 누적 26,087건 (API 287회)
[20200629~20200728 공사] 전체 13,142건 중 학교 공고 누적 27,424건 (API 301회)
[20200729~20200827 물품] 전체 9,908건 중 학교 공고 누적 30,355건 (API 311회)
[20200729~20200827 용역] 전체 9,218건 중 학교 공고 누적 30,620건 (API 321회)
[20200729~20200827 공사] 전체 9,718건 중 학교 공고 누적 31,421건 (API 331회)
[20200828~20200926 물품] 전체 10,100건 중 학교 공고 누적 34,490건 (API 342회)
[20200828~20200926 용역] 전체 8,968건 중 학교 공고 누적 34,680건 (API 351회)
[20200828~20200926 공사] 전체 10,066건 중 학교 공고 누적 35,272건 (API 362회)
[20200927~20201026 물품] 전체 9,601건 중 학교 공고 누적 38,220건 (API 372회)
[20200927~20201026 용역] 전체 8,952건 중 학교 공고 누적 38,439건 (API 381회)
[20200927~20201026 공사] 전체 10,635건 중 학교 공고 누적 39,056건 (API 392회)
[20201027~20201125 물품] 전체 11,851건 중 학교 공고 누적 41,816건 (API 404회)
[20201027~20201125 용역] 전체 13,020건 중 학교 공고 누적 42,047건 (API 418회)
[20201027~20201125 공사] 전체 14,373건 중 학교 공고 누적 43,289건 (API 433회)
[20201126~20201225 물품] 전체 10,693건 중 학교 공고 누적 44,603건 (API 444회)
[20201126~20201225 용역] 전체 17,827건 중 학교 공고 누적 44,932건 (API 462회)
[20201126~20201225 공사] 전체 15,657건 중 학교 공고 누적 47,044건 (API 478회)
[20201226~20210124 물품] 전체 5,691건 중 학교 공고 누적 47,986건 (API 484회)
[20201226~20210124 용역] 전체 11,398건 중 학교 공고 누적 49,021건 (API 496회)
[20201226~20210124 공사] 전체 7,481건 중 학교 공고 누적 50,160건 (API 504회)
[20210125~20210223 물품] 전체 12,097건 중 학교 공고 누적 54,833건 (API 517회)
[20210125~20210223 용역] 전체 19,534건 중 학교 공고 누적 57,369건 (API 537회)
[20210125~20210223 공사] 전체 12,676건 중 학교 공고 누적 57,973건 (API 550회)
  재시도(KeyError) → 10초
  재시도(KeyError) → 30초
  재시도(KeyError) → 60초
  재시도(KeyError) → 180초
  재시도(KeyError) → 600초
  끝내 실패 — 이 창은 건너뛴다 ('response')
[20210224~20210325 물품] 전체 0건 중 학교 공고 누적 57,973건 (API 551회)
  재시도(KeyError) → 10초
  재시도(KeyError) → 30초
  재시도(KeyError) → 60초
  재시도(KeyError) → 180초
  재시도(KeyError) → 600초
  끝내 실패 — 이 창은 건너뛴다 ('response')
[20210224~20210325 용역] 전체 0건 중 학교 공고 누적 57,973건 (API 552회)
  재시도(KeyError) → 10초
  재시도(KeyError) → 30초
  재시도(KeyError) → 60초
  재시도(KeyError) → 180초
  재시도(KeyError) → 600초
  끝내 실패 — 이 창은 건너뛴다 ('response')
[20210224~20210325 공사] 전체 0건 중 학교 공고 누적 57,973건 (API 553회)
[20210326~20210424 물품] 전체 12,157건 중 학교 공고 누적 60,161건 (API 566회)
[20210326~20210424 용역] 전체 15,683건 중 학교 공고 누적 60,353건 (API 582회)
[20210326~20210424 공사] 전체 17,169건 중 학교 공고 누적 60,553건 (API 600회)
[20210425~20210524 물품] 전체 10,548건 중 학교 공고 누적 62,452건 (API 611회)
[20210425~20210524 용역] 전체 13,336건 중 학교 공고 누적 62,652건 (API 625회)
[20210425~20210524 공사] 전체 13,950건 중 학교 공고 누적 63,009건 (API 639회)
[20210525~20210623 물품] 전체 11,764건 중 학교 공고 누적 64,826건 (API 651회)
[20210525~20210623 용역] 전체 14,094건 중 학교 공고 누적 65,088건 (API 666회)
[20210525~20210623 공사] 전체 17,547건 중 학교 공고 누적 65,819건 (API 684회)
[20210624~20210723 물품] 전체 8,633건 중 학교 공고 누적 66,837건 (API 693회)
[20210624~20210723 용역] 전체 11,189건 중 학교 공고 누적 67,187건 (API 705회)
[20210624~20210723 공사] 전체 12,757건 중 학교 공고 누적 68,819건 (API 718회)
[20210724~20210822 물품] 전체 9,251건 중 학교 공고 누적 71,285건 (API 728회)
[20210724~20210822 용역] 전체 9,484건 중 학교 공고 누적 71,498건 (API 738회)
[20210724~20210822 공사] 전체 8,323건 중 학교 공고 누적 72,035건 (API 747회)
[20210823~20210921 물품] 전체 9,683건 중 학교 공고 누적 74,624건 (API 757회)
[20210823~20210921 용역] 전체 8,893건 중 학교 공고 누적 74,840건 (API 766회)
[20210823~20210921 공사] 전체 9,127건 중 학교 공고 누적 75,246건 (API 776회)
[20210922~20211021 물품] 전체 10,010건 중 학교 공고 누적 77,740건 (API 787회)
[20210922~20211021 용역] 전체 10,983건 중 학교 공고 누적 78,208건 (API 798회)
[20210922~20211021 공사] 전체 12,966건 중 학교 공고 누적 78,845건 (API 811회)
[20211022~20211120 물품] 전체 11,630건 중 학교 공고 누적 81,200건 (API 823회)
[20211022~20211120 용역] 전체 12,443건 중 학교 공고 누적 81,634건 (API 836회)
[20211022~20211120 공사] 전체 14,495건 중 학교 공고 누적 82,988건 (API 851회)
[20211121~20211220 물품] 전체 11,750건 중 학교 공고 누적 84,494건 (API 863회)
[20211121~20211220 용역] 전체 19,043건 중 학교 공고 누적 85,134건 (API 883회)
[20211121~20211220 공사] 전체 16,577건 중 학교 공고 누적 87,945건 (API 900회)
[20211221~20220119 물품] 전체 6,764건 중 학교 공고 누적 89,268건 (API 907회)
[20211221~20220119 용역] 전체 14,648건 중 학교 공고 누적 91,691건 (API 922회)
[20211221~20220119 공사] 전체 10,194건 중 학교 공고 누적 94,522건 (API 933회)
[20220120~20220218 물품] 전체 10,413건 중 학교 공고 누적 98,534건 (API 944회)
[20220120~20220218 용역] 전체 18,806건 중 학교 공고 누적 101,209건 (API 963회)
[20220120~20220218 공사] 전체 10,054건 중 학교 공고 누적 102,059건 (API 974회)
  재시도(KeyError) → 10초
  재시도(KeyError) → 30초
  재시도(KeyError) → 60초
  재시도(KeyError) → 180초
  재시도(KeyError) → 600초
  끝내 실패 — 이 창은 건너뛴다 ('response')
[20220219~20220320 물품] 전체 0건 중 학교 공고 누적 102,059건 (API 975회)
  재시도(KeyError) → 10초
  재시도(KeyError) → 30초
  재시도(KeyError) → 60초
  재시도(KeyError) → 180초
  재시도(KeyError) → 600초
  끝내 실패 — 이 창은 건너뛴다 ('response')
[20220219~20220320 용역] 전체 0건 중 학교 공고 누적 102,059건 (API 976회)
  재시도(KeyError) → 10초
  재시도(KeyError) → 30초
  재시도(KeyError) → 60초
  재시도(KeyError) → 180초
  재시도(KeyError) → 600초
  끝내 실패 — 이 창은 건너뛴다 ('response')
[20220219~20220320 공사] 전체 0건 중 학교 공고 누적 102,059건 (API 977회)
[20220321~20220419 물품] 전체 12,180건 중 학교 공고 누적 104,046건 (API 990회)
[20220321~20220419 용역] 전체 19,024건 중 학교 공고 누적 104,529건 (API 1010회)
[20220321~20220419 공사] 전체 18,405건 중 학교 공고 누적 104,699건 (API 1029회)
[20220420~20220519 물품] 전체 11,922건 중 학교 공고 누적 106,600건 (API 1041회)
[20220420~20220519 용역] 전체 16,444건 중 학교 공고 누적 107,082건 (API 1058회)
[20220420~20220519 공사] 전체 15,592건 중 학교 공고 누적 107,299건 (API 1074회)
[20220520~20220618 물품] 전체 10,323건 중 학교 공고 누적 108,766건 (API 1085회)
[20220520~20220618 용역] 전체 14,465건 중 학교 공고 누적 109,725건 (API 1100회)
[20220520~20220618 공사] 전체 15,752건 중 학교 공고 누적 110,277건 (API 1116회)
[20220619~20220718 물품] 전체 9,162건 중 학교 공고 누적 111,383건 (API 1126회)
[20220619~20220718 용역] 전체 13,590건 중 학교 공고 누적 112,907건 (API 1140회)
[20220619~20220718 공사] 전체 14,866건 중 학교 공고 누적 114,858건 (API 1155회)
[20220719~20220817 물품] 전체 9,672건 중 학교 공고 누적 117,157건 (API 1165회)
[20220719~20220817 용역] 전체 11,224건 중 학교 공고 누적 118,300건 (API 1177회)
[20220719~20220817 공사] 전체 9,424건 중 학교 공고 누적 119,067건 (API 1187회)
[20220818~20220916 물품] 전체 9,310건 중 학교 공고 누적 121,216건 (API 1197회)
[20220818~20220916 용역] 전체 10,235건 중 학교 공고 누적 121,933건 (API 1208회)
[20220818~20220916 공사] 전체 8,796건 중 학교 공고 누적 122,332건 (API 1217회)
[20220917~20221016 물품] 전체 9,294건 중 학교 공고 누적 124,346건 (API 1227회)
[20220917~20221016 용역] 전체 10,368건 중 학교 공고 누적 124,870건 (API 1238회)
[20220917~20221016 공사] 전체 10,123건 중 학교 공고 누적 125,349건 (API 1249회)
[20221017~20221115 물품] 전체 11,867건 중 학교 공고 누적 127,740건 (API 1261회)
[20221017~20221115 용역] 전체 14,098건 중 학교 공고 누적 128,194건 (API 1276회)
[20221017~20221115 공사] 전체 16,001건 중 학교 공고 누적 129,287건 (API 1293회)
[20221116~20221215 물품] 전체 12,758건 중 학교 공고 누적 131,244건 (API 1306회)
[20221116~20221215 용역] 전체 20,280건 중 학교 공고 누적 132,080건 (API 1327회)
[20221116~20221215 공사] 전체 18,537건 중 학교 공고 누적 134,393건 (API 1346회)
[20221216~20221231 물품] 전체 4,008건 중 학교 공고 누적 134,958건 (API 1351회)
[20221216~20221231 용역] 전체 7,828건 중 학교 공고 누적 135,812건 (API 1359회)
[20221216~20221231 공사] 전체 6,721건 중 학교 공고 누적 137,817건 (API 1366회)

완료 — API 1366회, 학교 입찰공고 137,817건 → nara_bid.csv
◀ 끝 (15:51)
▶ collect_dje.py --office 대전 --years 2020,2021,2022 (15:51)
[대전] https://www.dje.go.kr/clean/contract/InfoList04.do?m=0601&s=contractInfo
검색어 19종 × 회계연도 3개 = 57조합

완료 — 요청 0회, 학교 계약 0건 → dje_candidates.csv
◀ 끝 (15:51)
./run_2020.sh:28: parse error near `;;'
