전수 수집 창 15개 (20230101~20260731)
  20230101~20230331 Thng p20: 전체 73460건 중 19980건 훑음, 학교계약 4708
  20230101~20230331 Thng p40: 전체 73460건 중 39960건 훑음, 학교계약 11759
  20230101~20230331 Thng p60: 전체 73460건 중 59940건 훑음, 학교계약 17106
  20230101~20230331 Thng p74: 전체 73460건 중 73460건 훑음, 학교계약 20515
  20230101~20230331 Servc p20: 전체 237632건 중 19980건 훑음, 학교계약 23413
  20230101~20230331 Servc p40: 전체 237632건 중 39960건 훑음, 학교계약 27041
  20230101~20230331 Servc p60: 전체 237632건 중 59940건 훑음, 학교계약 32296
  20230101~20230331 Servc p80: 전체 237632건 중 79920건 훑음, 학교계약 40548
  20230101~20230331 Servc p100: 전체 237632건 중 99900건 훑음, 학교계약 50731
  20230101~20230331 Servc p120: 전체 237632건 중 119880건 훑음, 학교계약 61591
  20230101~20230331 Servc p140: 전체 237632건 중 139860건 훑음, 학교계약 73410
  20230101~20230331 Servc p160: 전체 237632건 중 159840건 훑음, 학교계약 85175
  20230101~20230331 Servc p180: 전체 237632건 중 179820건 훑음, 학교계약 91920
  20230101~20230331 Servc p200: 전체 237632건 중 199800건 훑음, 학교계약 95765
  20230101~20230331 Servc p220: 전체 237632건 중 219780건 훑음, 학교계약 99842
  20230101~20230331 Servc p238: 전체 237632건 중 237632건 훑음, 학교계약 104045
[완료] nara_full_20230101_20230331.csv: 학교 계약 104045건 (API 312회)
  20230401~20230629 Thng p20: 전체 80068건 중 19980건 훑음, 학교계약 4378
  20230401~20230629 Thng p40: 전체 80068건 중 39960건 훑음, 학교계약 9288
  20230401~20230629 Thng p60: 전체 80068건 중 59940건 훑음, 학교계약 13765
  20230401~20230629 Thng p80: 전체 80068건 중 79920건 훑음, 학교계약 17776
  20230401~20230629 Thng p81: 전체 80068건 중 80068건 훑음, 학교계약 17783
  20230401~20230629 Servc p20: 전체 180391건 중 19980건 훑음, 학교계약 21647
  20230401~20230629 Servc p40: 전체 180391건 중 39960건 훑음, 학교계약 27439
  20230401~20230629 Servc p60: 전체 180391건 중 59940건 훑음, 학교계약 33196
  20230401~20230629 Servc p80: 전체 180391건 중 79920건 훑음, 학교계약 38543
  20230401~20230629 Servc p100: 전체 180391건 중 99900건 훑음, 학교계약 43597
  20230401~20230629 Servc p120: 전체 180391건 중 119880건 훑음, 학교계약 48066
  20230401~20230629 Servc p140: 전체 180391건 중 139860건 훑음, 학교계약 52290
  20230401~20230629 Servc p160: 전체 180391건 중 159840건 훑음, 학교계약 56158
  20230401~20230629 Servc p180: 전체 180391건 중 179820건 훑음, 학교계약 60008
  20230401~20230629 Servc p181: 전체 180391건 중 180391건 훑음, 학교계약 60053
[완료] nara_full_20230401_20230629.csv: 학교 계약 60053건 (API 262회)
  20230630~20230927 Thng p20: 전체 69097건 중 19980건 훑음, 학교계약 4173
  20230630~20230927 Thng p40: 전체 69097건 중 39960건 훑음, 학교계약 7670
  20230630~20230927 Thng p60: 전체 69097건 중 59940건 훑음, 학교계약 11804
  20230630~20230927 Thng p70: 전체 69097건 중 69097건 훑음, 학교계약 14157
  20230630~20230927 Servc p20: 전체 155815건 중 19980건 훑음, 학교계약 18324
  20230630~20230927 Servc p40: 전체 155815건 중 39960건 훑음, 학교계약 23012
  20230630~20230927 Servc p60: 전체 155815건 중 59940건 훑음, 학교계약 26423
  20230630~20230927 Servc p80: 전체 155815건 중 79920건 훑음, 학교계약 29716
  20230630~20230927 Servc p100: 전체 155815건 중 99900건 훑음, 학교계약 34020
  20230630~20230927 Servc p120: 전체 155815건 중 119880건 훑음, 학교계약 38480
  20230630~20230927 Servc p140: 전체 155815건 중 139860건 훑음, 학교계약 42959
  20230630~20230927 Servc p156: 전체 155815건 중 155815건 훑음, 학교계약 46170
[완료] nara_full_20230630_20230927.csv: 학교 계약 46170건 (API 226회)
  20230928~20231226 Thng p20: 전체 91831건 중 19980건 훑음, 학교계약 3354
  20230928~20231226 Thng p40: 전체 91831건 중 39960건 훑음, 학교계약 6406
  20230928~20231226 Thng p60: 전체 91831건 중 59940건 훑음, 학교계약 9524
  20230928~20231226 Thng p80: 전체 91831건 중 79920건 훑음, 학교계약 12176
    재시도(<urlopen error [Errno 60] Operation timed out>) → 10초
  20230928~20231226 Thng p92: 전체 91831건 중 91831건 훑음, 학교계약 13923
  20230928~20231226 Servc p20: 전체 209829건 중 19980건 훑음, 학교계약 17718
  20230928~20231226 Servc p40: 전체 209829건 중 39960건 훑음, 학교계약 22077
  20230928~20231226 Servc p60: 전체 209829건 중 59940건 훑음, 학교계약 25823
  20230928~20231226 Servc p80: 전체 209829건 중 79920건 훑음, 학교계약 29646
  20230928~20231226 Servc p100: 전체 209829건 중 99900건 훑음, 학교계약 33024
  20230928~20231226 Servc p120: 전체 209829건 중 119880건 훑음, 학교계약 35979
  20230928~20231226 Servc p140: 전체 209829건 중 139860건 훑음, 학교계약 38868
  20230928~20231226 Servc p160: 전체 209829건 중 159840건 훑음, 학교계약 41450
  20230928~20231226 Servc p180: 전체 209829건 중 179820건 훑음, 학교계약 43763
  20230928~20231226 Servc p200: 전체 209829건 중 199800건 훑음, 학교계약 45654
  20230928~20231226 Servc p211: 전체 209829건 중 209829건 훑음, 학교계약 46316
[완료] nara_full_20230928_20231226.csv: 학교 계약 46316건 (API 303회)
  20231227~20240325 Thng p20: 전체 74630건 중 19980건 훑음, 학교계약 4570
  20231227~20240325 Thng p40: 전체 74630건 중 39960건 훑음, 학교계약 9559
  20231227~20240325 Thng p60: 전체 74630건 중 59940건 훑음, 학교계약 16361
  20231227~20240325 Thng p75: 전체 74630건 중 74630건 훑음, 학교계약 19504
  20231227~20240325 Servc p20: 전체 262067건 중 19980건 훑음, 학교계약 21025
  20231227~20240325 Servc p40: 전체 262067건 중 39960건 훑음, 학교계약 24340
  20231227~20240325 Servc p60: 전체 262067건 중 59940건 훑음, 학교계약 28023
  20231227~20240325 Servc p80: 전체 262067건 중 79920건 훑음, 학교계약 32952
  20231227~20240325 Servc p100: 전체 262067건 중 99900건 훑음, 학교계약 39325
  20231227~20240325 Servc p120: 전체 262067건 중 119880건 훑음, 학교계약 48944
  20231227~20240325 Servc p140: 전체 262067건 중 139860건 훑음, 학교계약 59872
  20231227~20240325 Servc p160: 전체 262067건 중 159840건 훑음, 학교계약 71233
  20231227~20240325 Servc p180: 전체 262067건 중 179820건 훑음, 학교계약 82602
  20231227~20240325 Servc p200: 전체 262067건 중 199800건 훑음, 학교계약 93877
  20231227~20240325 Servc p220: 전체 262067건 중 219780건 훑음, 학교계약 99947
  20231227~20240325 Servc p240: 전체 262067건 중 239760건 훑음, 학교계약 103580
  20231227~20240325 Servc p260: 전체 262067건 중 259740건 훑음, 학교계약 107233
  20231227~20240325 Servc p263: 전체 262067건 중 262067건 훑음, 학교계약 107662
[완료] nara_full_20231227_20240325.csv: 학교 계약 107662건 (API 338회)
  20240326~20240623 Thng p20: 전체 79619건 중 19980건 훑음, 학교계약 4071
  20240326~20240623 Thng p40: 전체 79619건 중 39960건 훑음, 학교계약 9267
  20240326~20240623 Thng p60: 전체 79619건 중 59940건 훑음, 학교계약 13834
  20240326~20240623 Thng p80: 전체 79619건 중 79619건 훑음, 학교계약 17132
  20240326~20240623 Servc p20: 전체 184375건 중 19980건 훑음, 학교계약 20519
  20240326~20240623 Servc p40: 전체 184375건 중 39960건 훑음, 학교계약 25041
  20240326~20240623 Servc p60: 전체 184375건 중 59940건 훑음, 학교계약 30489
  20240326~20240623 Servc p80: 전체 184375건 중 79920건 훑음, 학교계약 36012
  20240326~20240623 Servc p100: 전체 184375건 중 99900건 훑음, 학교계약 40922
  20240326~20240623 Servc p120: 전체 184375건 중 119880건 훑음, 학교계약 45580
  20240326~20240623 Servc p140: 전체 184375건 중 139860건 훑음, 학교계약 49591
  20240326~20240623 Servc p160: 전체 184375건 중 159840건 훑음, 학교계약 53325
  20240326~20240623 Servc p180: 전체 184375건 중 179820건 훑음, 학교계약 56821
  20240326~20240623 Servc p185: 전체 184375건 중 184375건 훑음, 학교계약 57577
[완료] nara_full_20240326_20240623.csv: 학교 계약 57577건 (API 265회)
  20240624~20240921 Thng p20: 전체 69501건 중 19980건 훑음, 학교계약 3865
  20240624~20240921 Thng p40: 전체 69501건 중 39960건 훑음, 학교계약 7289
  20240624~20240921 Thng p60: 전체 69501건 중 59940건 훑음, 학교계약 11736
  20240624~20240921 Thng p70: 전체 69501건 중 69501건 훑음, 학교계약 13394
  20240624~20240921 Servc p20: 전체 152256건 중 19980건 훑음, 학교계약 16645
  20240624~20240921 Servc p40: 전체 152256건 중 39960건 훑음, 학교계약 21231
  20240624~20240921 Servc p60: 전체 152256건 중 59940건 훑음, 학교계약 25544
  20240624~20240921 Servc p80: 전체 152256건 중 79920건 훑음, 학교계약 28606
  20240624~20240921 Servc p100: 전체 152256건 중 99900건 훑음, 학교계약 31792
  20240624~20240921 Servc p120: 전체 152256건 중 119880건 훑음, 학교계약 36121
  20240624~20240921 Servc p140: 전체 152256건 중 139860건 훑음, 학교계약 40336
  20240624~20240921 Servc p153: 전체 152256건 중 152256건 훑음, 학교계약 42838
[완료] nara_full_20240624_20240921.csv: 학교 계약 42838건 (API 223회)
  20240922~20241220 Thng p20: 전체 93374건 중 19980건 훑음, 학교계약 4178
  20240922~20241220 Thng p40: 전체 93374건 중 39960건 훑음, 학교계약 7937
  20240922~20241220 Thng p60: 전체 93374건 중 59940건 훑음, 학교계약 10794
  20240922~20241220 Thng p80: 전체 93374건 중 79920건 훑음, 학교계약 13535
  20240922~20241220 Thng p94: 전체 93374건 중 93374건 훑음, 학교계약 15464
  20240922~20241220 Servc p20: 전체 210445건 중 19980건 훑음, 학교계약 18780
  20240922~20241220 Servc p40: 전체 210445건 중 39960건 훑음, 학교계약 23240
  20240922~20241220 Servc p60: 전체 210445건 중 59940건 훑음, 학교계약 27287
  20240922~20241220 Servc p80: 전체 210445건 중 79920건 훑음, 학교계약 30894
  20240922~20241220 Servc p100: 전체 210445건 중 99900건 훑음, 학교계약 34316
  20240922~20241220 Servc p120: 전체 210445건 중 119880건 훑음, 학교계약 37204
  20240922~20241220 Servc p140: 전체 210445건 중 139860건 훑음, 학교계약 39685
  20240922~20241220 Servc p160: 전체 210445건 중 159840건 훑음, 학교계약 42308
  20240922~20241220 Servc p180: 전체 210445건 중 179820건 훑음, 학교계약 44474
  20240922~20241220 Servc p200: 전체 210445건 중 199800건 훑음, 학교계약 46396
  20240922~20241220 Servc p211: 전체 210445건 중 210445건 훑음, 학교계약 47375
[완료] nara_full_20240922_20241220.csv: 학교 계약 47375건 (API 305회)
  20241221~20250320 Thng p20: 전체 139728건 중 19980건 훑음, 학교계약 4696
  20241221~20250320 Thng p40: 전체 139728건 중 39960건 훑음, 학교계약 8164
  20241221~20250320 Thng p60: 전체 139728건 중 59940건 훑음, 학교계약 11978
  20241221~20250320 Thng p80: 전체 139728건 중 79920건 훑음, 학교계약 18421
  20241221~20250320 Thng p100: 전체 139728건 중 99900건 훑음, 학교계약 26056
  20241221~20250320 Thng p120: 전체 139728건 중 119880건 훑음, 학교계약 29717
  20241221~20250320 Thng p140: 전체 139728건 중 139728건 훑음, 학교계약 32992
  20241221~20250320 Servc p20: 전체 544500건 중 19980건 훑음, 학교계약 35003
  20241221~20250320 Servc p40: 전체 544500건 중 39960건 훑음, 학교계약 36677
  20241221~20250320 Servc p60: 전체 544500건 중 59940건 훑음, 학교계약 38166
  20241221~20250320 Servc p80: 전체 544500건 중 79920건 훑음, 학교계약 40721
  20241221~20250320 Servc p100: 전체 544500건 중 99900건 훑음, 학교계약 42972
  20241221~20250320 Servc p120: 전체 544500건 중 119880건 훑음, 학교계약 45444
  20241221~20250320 Servc p140: 전체 544500건 중 139860건 훑음, 학교계약 48308
  20241221~20250320 Servc p160: 전체 544500건 중 159840건 훑음, 학교계약 51733
  20241221~20250320 Servc p180: 전체 544500건 중 179820건 훑음, 학교계약 56698
  20241221~20250320 Servc p200: 전체 544500건 중 199800건 훑음, 학교계약 63991
  20241221~20250320 Servc p220: 전체 544500건 중 219780건 훑음, 학교계약 72227
  20241221~20250320 Servc p240: 전체 544500건 중 239760건 훑음, 학교계약 81736
  20241221~20250320 Servc p260: 전체 544500건 중 259740건 훑음, 학교계약 92024
  20241221~20250320 Servc p280: 전체 544500건 중 279720건 훑음, 학교계약 102241
  20241221~20250320 Servc p300: 전체 544500건 중 299700건 훑음, 학교계약 113168
  20241221~20250320 Servc p320: 전체 544500건 중 319680건 훑음, 학교계약 123364
  20241221~20250320 Servc p340: 전체 544500건 중 339660건 훑음, 학교계약 134239
  20241221~20250320 Servc p360: 전체 544500건 중 359640건 훑음, 학교계약 145355
  20241221~20250320 Servc p380: 전체 544500건 중 379620건 훑음, 학교계약 156572
  20241221~20250320 Servc p400: 전체 544500건 중 399600건 훑음, 학교계약 167670
  20241221~20250320 Servc p420: 전체 544500건 중 419580건 훑음, 학교계약 179025
  20241221~20250320 Servc p440: 전체 544500건 중 439560건 훑음, 학교계약 188387
  20241221~20250320 Servc p460: 전체 544500건 중 459540건 훑음, 학교계약 192090
  20241221~20250320 Servc p480: 전체 544500건 중 479520건 훑음, 학교계약 195529
    재시도(HTTP Error 504: Gateway Timeout) → 10초
  20241221~20250320 Servc p500: 전체 544500건 중 499500건 훑음, 학교계약 198671
  20241221~20250320 Servc p520: 전체 544500건 중 519480건 훑음, 학교계약 201799
    재시도(HTTP Error 504: Gateway Timeout) → 10초
  20241221~20250320 Servc p540: 전체 544500건 중 539460건 훑음, 학교계약 204905
  20241221~20250320 Servc p546: 전체 544500건 중 544500건 훑음, 학교계약 205615
[완료] nara_full_20241221_20250320.csv: 학교 계약 205615건 (API 686회)
  20250321~20250618 Thng p20: 전체 181587건 중 19980건 훑음, 학교계약 4023
  20250321~20250618 Thng p40: 전체 181587건 중 39960건 훑음, 학교계약 7377
  20250321~20250618 Thng p60: 전체 181587건 중 59940건 훑음, 학교계약 10666
  20250321~20250618 Thng p80: 전체 181587건 중 79920건 훑음, 학교계약 14904
  20250321~20250618 Thng p100: 전체 181587건 중 99900건 훑음, 학교계약 19364
  20250321~20250618 Thng p120: 전체 181587건 중 119880건 훑음, 학교계약 22986
  20250321~20250618 Thng p140: 전체 181587건 중 139860건 훑음, 학교계약 27147
  20250321~20250618 Thng p160: 전체 181587건 중 159840건 훑음, 학교계약 31479
  20250321~20250618 Thng p180: 전체 181587건 중 179820건 훑음, 학교계약 34646
  20250321~20250618 Thng p182: 전체 181587건 중 181587건 훑음, 학교계약 34831
    재시도(HTTP Error 504: Gateway Timeout) → 10초
  20250321~20250618 Servc p20: 전체 417755건 중 19980건 훑음, 학교계약 35842
  20250321~20250618 Servc p40: 전체 417755건 중 39960건 훑음, 학교계약 39098
  20250321~20250618 Servc p60: 전체 417755건 중 59940건 훑음, 학교계약 42350
  20250321~20250618 Servc p80: 전체 417755건 중 79920건 훑음, 학교계약 45562
  20250321~20250618 Servc p100: 전체 417755건 중 99900건 훑음, 학교계약 48983
  20250321~20250618 Servc p120: 전체 417755건 중 119880건 훑음, 학교계약 52667
  20250321~20250618 Servc p140: 전체 417755건 중 139860건 훑음, 학교계약 56533
  20250321~20250618 Servc p160: 전체 417755건 중 159840건 훑음, 학교계약 60646
  20250321~20250618 Servc p180: 전체 417755건 중 179820건 훑음, 학교계약 65123
  20250321~20250618 Servc p200: 전체 417755건 중 199800건 훑음, 학교계약 69518
  20250321~20250618 Servc p220: 전체 417755건 중 219780건 훑음, 학교계약 73727
    재시도(HTTP Error 504: Gateway Timeout) → 10초
    재시도(HTTP Error 504: Gateway Timeout) → 10초
  20250321~20250618 Servc p240: 전체 417755건 중 239760건 훑음, 학교계약 77598
  20250321~20250618 Servc p260: 전체 417755건 중 259740건 훑음, 학교계약 81870
  20250321~20250618 Servc p280: 전체 417755건 중 279720건 훑음, 학교계약 85733
    재시도(HTTP Error 504: Gateway Timeout) → 10초
  20250321~20250618 Servc p300: 전체 417755건 중 299700건 훑음, 학교계약 89406
  20250321~20250618 Servc p320: 전체 417755건 중 319680건 훑음, 학교계약 92890
    재시도(HTTP Error 504: Gateway Timeout) → 10초
  20250321~20250618 Servc p340: 전체 417755건 중 339660건 훑음, 학교계약 96238
    재시도(HTTP Error 504: Gateway Timeout) → 10초
  20250321~20250618 Servc p360: 전체 417755건 중 359640건 훑음, 학교계약 99557
  20250321~20250618 Servc p380: 전체 417755건 중 379620건 훑음, 학교계약 102604
    재시도(HTTP Error 504: Gateway Timeout) → 10초
  20250321~20250618 Servc p400: 전체 417755건 중 399600건 훑음, 학교계약 105425
    재시도(HTTP Error 504: Gateway Timeout) → 10초
    재시도(HTTP Error 504: Gateway Timeout) → 10초
  20250321~20250618 Servc p419: 전체 417755건 중 417755건 훑음, 학교계약 107961
[완료] nara_full_20250321_20250618.csv: 학교 계약 107961건 (API 601회)
  20250619~20250916 Thng p20: 전체 181324건 중 19980건 훑음, 학교계약 3527
  20250619~20250916 Thng p40: 전체 181324건 중 39960건 훑음, 학교계약 6120
  20250619~20250916 Thng p60: 전체 181324건 중 59940건 훑음, 학교계약 8735
  20250619~20250916 Thng p80: 전체 181324건 중 79920건 훑음, 학교계약 12864
  20250619~20250916 Thng p100: 전체 181324건 중 99900건 훑음, 학교계약 15986
  20250619~20250916 Thng p120: 전체 181324건 중 119880건 훑음, 학교계약 18548
  20250619~20250916 Thng p140: 전체 181324건 중 139860건 훑음, 학교계약 22659
  20250619~20250916 Thng p160: 전체 181324건 중 159840건 훑음, 학교계약 26810
  20250619~20250916 Thng p180: 전체 181324건 중 179820건 훑음, 학교계약 29616
  20250619~20250916 Thng p182: 전체 181324건 중 181324건 훑음, 학교계약 29791
  20250619~20250916 Servc p20: 전체 403683건 중 19980건 훑음, 학교계약 31431
  20250619~20250916 Servc p40: 전체 403683건 중 39960건 훑음, 학교계약 33926
  20250619~20250916 Servc p60: 전체 403683건 중 59940건 훑음, 학교계약 36705
  20250619~20250916 Servc p80: 전체 403683건 중 79920건 훑음, 학교계약 38242
  20250619~20250916 Servc p100: 전체 403683건 중 99900건 훑음, 학교계약 40745
  20250619~20250916 Servc p120: 전체 403683건 중 119880건 훑음, 학교계약 43665
  20250619~20250916 Servc p140: 전체 403683건 중 139860건 훑음, 학교계약 46411
  20250619~20250916 Servc p160: 전체 403683건 중 159840건 훑음, 학교계약 49543
  20250619~20250916 Servc p180: 전체 403683건 중 179820건 훑음, 학교계약 52645
  20250619~20250916 Servc p200: 전체 403683건 중 199800건 훑음, 학교계약 55274
  20250619~20250916 Servc p220: 전체 403683건 중 219780건 훑음, 학교계약 57293
  20250619~20250916 Servc p240: 전체 403683건 중 239760건 훑음, 학교계약 59528
  20250619~20250916 Servc p260: 전체 403683건 중 259740건 훑음, 학교계약 61825
  20250619~20250916 Servc p280: 전체 403683건 중 279720건 훑음, 학교계약 64327
  20250619~20250916 Servc p300: 전체 403683건 중 299700건 훑음, 학교계약 67629
  20250619~20250916 Servc p320: 전체 403683건 중 319680건 훑음, 학교계약 71470
  20250619~20250916 Servc p340: 전체 403683건 중 339660건 훑음, 학교계약 74589
  20250619~20250916 Servc p360: 전체 403683건 중 359640건 훑음, 학교계약 78097
  20250619~20250916 Servc p380: 전체 403683건 중 379620건 훑음, 학교계약 81422
    재시도(HTTP Error 504: Gateway Timeout) → 10초
  20250619~20250916 Servc p400: 전체 403683건 중 399600건 훑음, 학교계약 84543
  20250619~20250916 Servc p405: 전체 403683건 중 403683건 훑음, 학교계약 85056
[완료] nara_full_20250619_20250916.csv: 학교 계약 85056건 (API 587회)
  20250917~20251215 Thng p20: 전체 194513건 중 19980건 훑음, 학교계약 2960
  20250917~20251215 Thng p40: 전체 194513건 중 39960건 훑음, 학교계약 6473
  20250917~20251215 Thng p60: 전체 194513건 중 59940건 훑음, 학교계약 9495
  20250917~20251215 Thng p80: 전체 194513건 중 79920건 훑음, 학교계약 13443
  20250917~20251215 Thng p100: 전체 194513건 중 99900건 훑음, 학교계약 15786
  20250917~20251215 Thng p120: 전체 194513건 중 119880건 훑음, 학교계약 17885
  20250917~20251215 Thng p140: 전체 194513건 중 139860건 훑음, 학교계약 20882
  20250917~20251215 Thng p160: 전체 194513건 중 159840건 훑음, 학교계약 23955
  20250917~20251215 Thng p180: 전체 194513건 중 179820건 훑음, 학교계약 26376
  20250917~20251215 Thng p195: 전체 194513건 중 194513건 훑음, 학교계약 28159
  20250917~20251215 Servc p20: 전체 418533건 중 19980건 훑음, 학교계약 29733
  20250917~20251215 Servc p40: 전체 418533건 중 39960건 훑음, 학교계약 32932
  20250917~20251215 Servc p60: 전체 418533건 중 59940건 훑음, 학교계약 36295
  20250917~20251215 Servc p80: 전체 418533건 중 79920건 훑음, 학교계약 38908
  20250917~20251215 Servc p100: 전체 418533건 중 99900건 훑음, 학교계약 42483
  20250917~20251215 Servc p120: 전체 418533건 중 119880건 훑음, 학교계약 46162
  20250917~20251215 Servc p140: 전체 418533건 중 139860건 훑음, 학교계약 49606
  20250917~20251215 Servc p160: 전체 418533건 중 159840건 훑음, 학교계약 52806
    재시도(HTTP Error 504: Gateway Timeout) → 10초
  20250917~20251215 Servc p180: 전체 418533건 중 179820건 훑음, 학교계약 55959
  20250917~20251215 Servc p200: 전체 418533건 중 199800건 훑음, 학교계약 58888
  20250917~20251215 Servc p220: 전체 418533건 중 219780건 훑음, 학교계약 62032
  20250917~20251215 Servc p240: 전체 418533건 중 239760건 훑음, 학교계약 64813
  20250917~20251215 Servc p260: 전체 418533건 중 259740건 훑음, 학교계약 66947
  20250917~20251215 Servc p280: 전체 418533건 중 279720건 훑음, 학교계약 69488
  20250917~20251215 Servc p300: 전체 418533건 중 299700건 훑음, 학교계약 71672
  20250917~20251215 Servc p320: 전체 418533건 중 319680건 훑음, 학교계약 73878
  20250917~20251215 Servc p340: 전체 418533건 중 339660건 훑음, 학교계약 75914
  20250917~20251215 Servc p360: 전체 418533건 중 359640건 훑음, 학교계약 78464
  20250917~20251215 Servc p380: 전체 418533건 중 379620건 훑음, 학교계약 80312
  20250917~20251215 Servc p400: 전체 418533건 중 399600건 훑음, 학교계약 82372
  20250917~20251215 Servc p419: 전체 418533건 중 418533건 훑음, 학교계약 84044
[완료] nara_full_20250917_20251215.csv: 학교 계약 84044건 (API 614회)
  20251216~20260315 Thng p20: 전체 190236건 중 19980건 훑음, 학교계약 2810
  20251216~20260315 Thng p40: 전체 190236건 중 39960건 훑음, 학교계약 6590
  20251216~20260315 Thng p60: 전체 190236건 중 59940건 훑음, 학교계약 10685
  20251216~20260315 Thng p80: 전체 190236건 중 79920건 훑음, 학교계약 13145
  20251216~20260315 Thng p100: 전체 190236건 중 99900건 훑음, 학교계약 15202
  20251216~20260315 Thng p120: 전체 190236건 중 119880건 훑음, 학교계약 18305
  20251216~20260315 Thng p140: 전체 190236건 중 139860건 훑음, 학교계약 24004
  20251216~20260315 Thng p160: 전체 190236건 중 159840건 훑음, 학교계약 32182
  20251216~20260315 Thng p180: 전체 190236건 중 179820건 훑음, 학교계약 36247
  20251216~20260315 Thng p191: 전체 190236건 중 190236건 훑음, 학교계약 37923
  20251216~20260315 Servc p20: 전체 743779건 중 19980건 훑음, 학교계약 39275
  20251216~20260315 Servc p40: 전체 743779건 중 39960건 훑음, 학교계약 40974
  20251216~20260315 Servc p60: 전체 743779건 중 59940건 훑음, 학교계약 42819
  20251216~20260315 Servc p80: 전체 743779건 중 79920건 훑음, 학교계약 43894
  20251216~20260315 Servc p100: 전체 743779건 중 99900건 훑음, 학교계약 45438
  20251216~20260315 Servc p120: 전체 743779건 중 119880건 훑음, 학교계약 46714
  20251216~20260315 Servc p140: 전체 743779건 중 139860건 훑음, 학교계약 47725
  20251216~20260315 Servc p160: 전체 743779건 중 159840건 훑음, 학교계약 49053
  20251216~20260315 Servc p180: 전체 743779건 중 179820건 훑음, 학교계약 50203
  20251216~20260315 Servc p200: 전체 743779건 중 199800건 훑음, 학교계약 51063
  20251216~20260315 Servc p220: 전체 743779건 중 219780건 훑음, 학교계약 52536
  20251216~20260315 Servc p240: 전체 743779건 중 239760건 훑음, 학교계약 55126
  20251216~20260315 Servc p260: 전체 743779건 중 259740건 훑음, 학교계약 57051
  20251216~20260315 Servc p280: 전체 743779건 중 279720건 훑음, 학교계약 58714
  20251216~20260315 Servc p300: 전체 743779건 중 299700건 훑음, 학교계약 61068
  20251216~20260315 Servc p320: 전체 743779건 중 319680건 훑음, 학교계약 63396
  20251216~20260315 Servc p340: 전체 743779건 중 339660건 훑음, 학교계약 66885
  20251216~20260315 Servc p360: 전체 743779건 중 359640건 훑음, 학교계약 71400
  20251216~20260315 Servc p380: 전체 743779건 중 379620건 훑음, 학교계약 75852
  20251216~20260315 Servc p400: 전체 743779건 중 399600건 훑음, 학교계약 81469
  20251216~20260315 Servc p420: 전체 743779건 중 419580건 훑음, 학교계약 87894
  20251216~20260315 Servc p440: 전체 743779건 중 439560건 훑음, 학교계약 96387
  20251216~20260315 Servc p460: 전체 743779건 중 459540건 훑음, 학교계약 106020
  20251216~20260315 Servc p480: 전체 743779건 중 479520건 훑음, 학교계약 116470
  20251216~20260315 Servc p500: 전체 743779건 중 499500건 훑음, 학교계약 127159
  20251216~20260315 Servc p520: 전체 743779건 중 519480건 훑음, 학교계약 137409
  20251216~20260315 Servc p540: 전체 743779건 중 539460건 훑음, 학교계약 149317
  20251216~20260315 Servc p560: 전체 743779건 중 559440건 훑음, 학교계약 161179
  20251216~20260315 Servc p580: 전체 743779건 중 579420건 훑음, 학교계약 173464
  20251216~20260315 Servc p600: 전체 743779건 중 599400건 훑음, 학교계약 186016
  20251216~20260315 Servc p620: 전체 743779건 중 619380건 훑음, 학교계약 198580
  20251216~20260315 Servc p640: 전체 743779건 중 639360건 훑음, 학교계약 210193
    재시도(HTTP Error 504: Gateway Timeout) → 10초
  20251216~20260315 Servc p660: 전체 743779건 중 659340건 훑음, 학교계약 222224
  20251216~20260315 Servc p680: 전체 743779건 중 679320건 훑음, 학교계약 228456
    재시도(HTTP Error 504: Gateway Timeout) → 10초
    재시도(HTTP Error 504: Gateway Timeout) → 10초
    재시도(HTTP Error 504: Gateway Timeout) → 10초
  20251216~20260315 Servc p700: 전체 743779건 중 699300건 훑음, 학교계약 232967
  20251216~20260315 Servc p720: 전체 743779건 중 719280건 훑음, 학교계약 236222
    재시도(HTTP Error 504: Gateway Timeout) → 10초
  20251216~20260315 Servc p740: 전체 743779건 중 739260건 훑음, 학교계약 239428
    재시도(HTTP Error 504: Gateway Timeout) → 10초
    재시도(HTTP Error 504: Gateway Timeout) → 30초
    재시도(HTTP Error 504: Gateway Timeout) → 60초
    재시도(HTTP Error 504: Gateway Timeout) → 120초
    재시도(HTTP Error 504: Gateway Timeout) → 240초
  20251216~20260315 Servc p745: 전체 743779건 중 743779건 훑음, 학교계약 239897
[완료] nara_full_20251216_20260315.csv: 학교 계약 239897건 (API 936회)
  20260316~20260613 Thng p20: 전체 204547건 중 19980건 훑음, 학교계약 3191
  20260316~20260613 Thng p40: 전체 204547건 중 39960건 훑음, 학교계약 7044
  20260316~20260613 Thng p60: 전체 204547건 중 59940건 훑음, 학교계약 10240
  20260316~20260613 Thng p80: 전체 204547건 중 79920건 훑음, 학교계약 13280
  20260316~20260613 Thng p100: 전체 204547건 중 99900건 훑음, 학교계약 17726
  20260316~20260613 Thng p120: 전체 204547건 중 119880건 훑음, 학교계약 22080
  20260316~20260613 Thng p140: 전체 204547건 중 139860건 훑음, 학교계약 25521
  20260316~20260613 Thng p160: 전체 204547건 중 159840건 훑음, 학교계약 29356
  20260316~20260613 Thng p180: 전체 204547건 중 179820건 훑음, 학교계약 34198
  20260316~20260613 Thng p200: 전체 204547건 중 199800건 훑음, 학교계약 37241
  20260316~20260613 Thng p205: 전체 204547건 중 204547건 훑음, 학교계약 37946
  20260316~20260613 Servc p20: 전체 438520건 중 19980건 훑음, 학교계약 39300
  20260316~20260613 Servc p40: 전체 438520건 중 39960건 훑음, 학교계약 42769
  20260316~20260613 Servc p60: 전체 438520건 중 59940건 훑음, 학교계약 45897
  20260316~20260613 Servc p80: 전체 438520건 중 79920건 훑음, 학교계약 49357
  20260316~20260613 Servc p100: 전체 438520건 중 99900건 훑음, 학교계약 52456
  20260316~20260613 Servc p120: 전체 438520건 중 119880건 훑음, 학교계약 55817
  20260316~20260613 Servc p140: 전체 438520건 중 139860건 훑음, 학교계약 59267
  20260316~20260613 Servc p160: 전체 438520건 중 159840건 훑음, 학교계약 62930
  20260316~20260613 Servc p180: 전체 438520건 중 179820건 훑음, 학교계약 66371
  20260316~20260613 Servc p200: 전체 438520건 중 199800건 훑음, 학교계약 70350
  20260316~20260613 Servc p220: 전체 438520건 중 219780건 훑음, 학교계약 74783
  20260316~20260613 Servc p240: 전체 438520건 중 239760건 훑음, 학교계약 78788
  20260316~20260613 Servc p260: 전체 438520건 중 259740건 훑음, 학교계약 82807
  20260316~20260613 Servc p280: 전체 438520건 중 279720건 훑음, 학교계약 86303
  20260316~20260613 Servc p300: 전체 438520건 중 299700건 훑음, 학교계약 90343
  20260316~20260613 Servc p320: 전체 438520건 중 319680건 훑음, 학교계약 94006
  20260316~20260613 Servc p340: 전체 438520건 중 339660건 훑음, 학교계약 97916
  20260316~20260613 Servc p360: 전체 438520건 중 359640건 훑음, 학교계약 101358
  20260316~20260613 Servc p380: 전체 438520건 중 379620건 훑음, 학교계약 104693
  20260316~20260613 Servc p400: 전체 438520건 중 399600건 훑음, 학교계약 107960
  20260316~20260613 Servc p420: 전체 438520건 중 419580건 훑음, 학교계약 111128
  20260316~20260613 Servc p439: 전체 438520건 중 438520건 훑음, 학교계약 113699
[완료] nara_full_20260316_20260613.csv: 학교 계약 113699건 (API 644회)
  20260614~20260731 Thng p20: 전체 111298건 중 19980건 훑음, 학교계약 2896
  20260614~20260731 Thng p40: 전체 111298건 중 39960건 훑음, 학교계약 6539
  20260614~20260731 Thng p60: 전체 111298건 중 59940건 훑음, 학교계약 9135
  20260614~20260731 Thng p80: 전체 111298건 중 79920건 훑음, 학교계약 12656
  20260614~20260731 Thng p100: 전체 111298건 중 99900건 훑음, 학교계약 16757
  20260614~20260731 Thng p112: 전체 111298건 중 111298건 훑음, 학교계약 18127
  20260614~20260731 Servc p20: 전체 224707건 중 19980건 훑음, 학교계약 20304
  20260614~20260731 Servc p40: 전체 224707건 중 39960건 훑음, 학교계약 22720
  20260614~20260731 Servc p60: 전체 224707건 중 59940건 훑음, 학교계약 25656
  20260614~20260731 Servc p80: 전체 224707건 중 79920건 훑음, 학교계약 28290
  20260614~20260731 Servc p100: 전체 224707건 중 99900건 훑음, 학교계약 30168
  20260614~20260731 Servc p120: 전체 224707건 중 119880건 훑음, 학교계약 33956
  20260614~20260731 Servc p140: 전체 224707건 중 139860건 훑음, 학교계약 37515
  20260614~20260731 Servc p160: 전체 224707건 중 159840건 훑음, 학교계약 41196
  20260614~20260731 Servc p180: 전체 224707건 중 179820건 훑음, 학교계약 44223
  20260614~20260731 Servc p200: 전체 224707건 중 199800건 훑음, 학교계약 47866
  20260614~20260731 Servc p220: 전체 224707건 중 219780건 훑음, 학교계약 50603
  20260614~20260731 Servc p225: 전체 224707건 중 224707건 훑음, 학교계약 51300
[완료] nara_full_20260614_20260731.csv: 학교 계약 51300건 (API 337회)

전체 완료 — API 호출 6639회
