전수 수집 창 13개 (20200101~20221231)
  20200101~20200330 Thng p20: 전체 71307건 중 19980건 훑음, 학교계약 5678
  20200101~20200330 Thng p40: 전체 71307건 중 39960건 훑음, 학교계약 14248
  20200101~20200330 Thng p60: 전체 71307건 중 59940건 훑음, 학교계약 19561
  20200101~20200330 Thng p72: 전체 71307건 중 71307건 훑음, 학교계약 22089
  20200101~20200330 Servc p20: 전체 179418건 중 19980건 훑음, 학교계약 24865
  20200101~20200330 Servc p40: 전체 179418건 중 39960건 훑음, 학교계약 28953
  20200101~20200330 Servc p60: 전체 179418건 중 59940건 훑음, 학교계약 36715
  20200101~20200330 Servc p80: 전체 179418건 중 79920건 훑음, 학교계약 47837
  20200101~20200330 Servc p100: 전체 179418건 중 99900건 훑음, 학교계약 59368
  20200101~20200330 Servc p120: 전체 179418건 중 119880건 훑음, 학교계약 72405
  20200101~20200330 Servc p140: 전체 179418건 중 139860건 훑음, 학교계약 83207
  20200101~20200330 Servc p160: 전체 179418건 중 159840건 훑음, 학교계약 86142
  20200101~20200330 Servc p180: 전체 179418건 중 179418건 훑음, 학교계약 88897
[완료] nara_full_20200101_20200330.csv: 학교 계약 88897건 (API 252회)
  20200331~20200628 Thng p20: 전체 81247건 중 19980건 훑음, 학교계약 4360
  20200331~20200628 Thng p40: 전체 81247건 중 39960건 훑음, 학교계약 10068
  20200331~20200628 Thng p60: 전체 81247건 중 59940건 훑음, 학교계약 16388
  20200331~20200628 Thng p80: 전체 81247건 중 79920건 훑음, 학교계약 21777
  20200331~20200628 Thng p82: 전체 81247건 중 81247건 훑음, 학교계약 22281
  20200331~20200628 Servc p20: 전체 113185건 중 19980건 훑음, 학교계약 24645
  20200331~20200628 Servc p40: 전체 113185건 중 39960건 훑음, 학교계약 28077
  20200331~20200628 Servc p60: 전체 113185건 중 59940건 훑음, 학교계약 31391
  20200331~20200628 Servc p80: 전체 113185건 중 79920건 훑음, 학교계약 34351
  20200331~20200628 Servc p100: 전체 113185건 중 99900건 훑음, 학교계약 36767
  20200331~20200628 Servc p114: 전체 113185건 중 113185건 훑음, 학교계약 38355
[완료] nara_full_20200331_20200628.csv: 학교 계약 38355건 (API 196회)
  20200629~20200926 Thng p20: 전체 65970건 중 19980건 훑음, 학교계약 5440
  20200629~20200926 Thng p40: 전체 65970건 중 39960건 훑음, 학교계약 11242
  20200629~20200926 Thng p60: 전체 65970건 중 59940건 훑음, 학교계약 16741
  20200629~20200926 Thng p67: 전체 65970건 중 65970건 훑음, 학교계약 18890
  20200629~20200926 Servc p20: 전체 95926건 중 19980건 훑음, 학교계약 21329
  20200629~20200926 Servc p40: 전체 95926건 중 39960건 훑음, 학교계약 24744
  20200629~20200926 Servc p60: 전체 95926건 중 59940건 훑음, 학교계약 28163
  20200629~20200926 Servc p80: 전체 95926건 중 79920건 훑음, 학교계약 30727
    재시도(HTTP Error 504: Gateway Timeout) → 10초
  20200629~20200926 Servc p97: 전체 95926건 중 95926건 훑음, 학교계약 32752
[완료] nara_full_20200629_20200926.csv: 학교 계약 32752건 (API 164회)
  20200927~20201225 Thng p20: 전체 86678건 중 19980건 훑음, 학교계약 5965
  20200927~20201225 Thng p40: 전체 86678건 중 39960건 훑음, 학교계약 11291
  20200927~20201225 Thng p60: 전체 86678건 중 59940건 훑음, 학교계약 16255
  20200927~20201225 Thng p80: 전체 86678건 중 79920건 훑음, 학교계약 19498
  20200927~20201225 Thng p87: 전체 86678건 중 86678건 훑음, 학교계약 21031
  20200927~20201225 Servc p20: 전체 137497건 중 19980건 훑음, 학교계약 23493
  20200927~20201225 Servc p40: 전체 137497건 중 39960건 훑음, 학교계약 26996
  20200927~20201225 Servc p60: 전체 137497건 중 59940건 훑음, 학교계약 30134
  20200927~20201225 Servc p80: 전체 137497건 중 79920건 훑음, 학교계약 32700
  20200927~20201225 Servc p100: 전체 137497건 중 99900건 훑음, 학교계약 34781
  20200927~20201225 Servc p120: 전체 137497건 중 119880건 훑음, 학교계약 36391
  20200927~20201225 Servc p138: 전체 137497건 중 137497건 훑음, 학교계약 37714
[완료] nara_full_20200927_20201225.csv: 학교 계약 37714건 (API 225회)
  20201226~20210325 Thng p20: 전체 72161건 중 19980건 훑음, 학교계약 5927
  20201226~20210325 Thng p40: 전체 72161건 중 39960건 훑음, 학교계약 12202
  20201226~20210325 Thng p60: 전체 72161건 중 59940건 훑음, 학교계약 19645
  20201226~20210325 Thng p73: 전체 72161건 중 72161건 훑음, 학교계약 22835
  20201226~20210325 Servc p20: 전체 199873건 중 19980건 훑음, 학교계약 23998
  20201226~20210325 Servc p40: 전체 199873건 중 39960건 훑음, 학교계약 26178
  20201226~20210325 Servc p60: 전체 199873건 중 59940건 훑음, 학교계약 29559
  20201226~20210325 Servc p80: 전체 199873건 중 79920건 훑음, 학교계약 36381
  20201226~20210325 Servc p100: 전체 199873건 중 99900건 훑음, 학교계약 46265
  20201226~20210325 Servc p120: 전체 199873건 중 119880건 훑음, 학교계약 58856
  20201226~20210325 Servc p140: 전체 199873건 중 139860건 훑음, 학교계약 72672
  20201226~20210325 Servc p160: 전체 199873건 중 159840건 훑음, 학교계약 84619
  20201226~20210325 Servc p180: 전체 199873건 중 179820건 훑음, 학교계약 88241
  20201226~20210325 Servc p200: 전체 199873건 중 199800건 훑음, 학교계약 92051
  20201226~20210325 Servc p201: 전체 199873건 중 199873건 훑음, 학교계약 92052
[완료] nara_full_20201226_20210325.csv: 학교 계약 92052건 (API 274회)
  20210326~20210623 Thng p20: 전체 78947건 중 19980건 훑음, 학교계약 4751
  20210326~20210623 Thng p40: 전체 78947건 중 39960건 훑음, 학교계약 10535
  20210326~20210623 Thng p60: 전체 78947건 중 59940건 훑음, 학교계약 16010
  20210326~20210623 Thng p80: 전체 78947건 중 78947건 훑음, 학교계약 19517
  20210326~20210623 Servc p20: 전체 125439건 중 19980건 훑음, 학교계약 22565
  20210326~20210623 Servc p40: 전체 125439건 중 39960건 훑음, 학교계약 26481
  20210326~20210623 Servc p60: 전체 125439건 중 59940건 훑음, 학교계약 30493
  20210326~20210623 Servc p80: 전체 125439건 중 79920건 훑음, 학교계약 33725
  20210326~20210623 Servc p100: 전체 125439건 중 99900건 훑음, 학교계약 36628
  20210326~20210623 Servc p120: 전체 125439건 중 119880건 훑음, 학교계약 39195
  20210326~20210623 Servc p126: 전체 125439건 중 125439건 훑음, 학교계약 39902
[완료] nara_full_20210326_20210623.csv: 학교 계약 39902건 (API 206회)
  20210624~20210921 Thng p20: 전체 62517건 중 19980건 훑음, 학교계약 4976
  20210624~20210921 Thng p40: 전체 62517건 중 39960건 훑음, 학교계약 8510
  20210624~20210921 Thng p60: 전체 62517건 중 59940건 훑음, 학교계약 13458
  20210624~20210921 Thng p63: 전체 62517건 중 62517건 훑음, 학교계약 14113
  20210624~20210921 Servc p20: 전체 99669건 중 19980건 훑음, 학교계약 16783
  20210624~20210921 Servc p40: 전체 99669건 중 39960건 훑음, 학교계약 20328
  20210624~20210921 Servc p60: 전체 99669건 중 59940건 훑음, 학교계약 22944
  20210624~20210921 Servc p80: 전체 99669건 중 79920건 훑음, 학교계약 25946
  20210624~20210921 Servc p100: 전체 99669건 중 99669건 훑음, 학교계약 28685
[완료] nara_full_20210624_20210921.csv: 학교 계약 28685건 (API 163회)
  20210922~20211220 Thng p20: 전체 88822건 중 19980건 훑음, 학교계약 5275
  20210922~20211220 Thng p40: 전체 88822건 중 39960건 훑음, 학교계약 10316
  20210922~20211220 Thng p60: 전체 88822건 중 59940건 훑음, 학교계약 13918
  20210922~20211220 Thng p80: 전체 88822건 중 79920건 훑음, 학교계약 17816
  20210922~20211220 Thng p89: 전체 88822건 중 88822건 훑음, 학교계약 19381
  20210922~20211220 Servc p20: 전체 150528건 중 19980건 훑음, 학교계약 22026
  20210922~20211220 Servc p40: 전체 150528건 중 39960건 훑음, 학교계약 26186
  20210922~20211220 Servc p60: 전체 150528건 중 59940건 훑음, 학교계약 30275
  20210922~20211220 Servc p80: 전체 150528건 중 79920건 훑음, 학교계약 34223
  20210922~20211220 Servc p100: 전체 150528건 중 99900건 훑음, 학교계약 37876
  20210922~20211220 Servc p120: 전체 150528건 중 119880건 훑음, 학교계약 41038
  20210922~20211220 Servc p140: 전체 150528건 중 139860건 훑음, 학교계약 43622
  20210922~20211220 Servc p151: 전체 150528건 중 150528건 훑음, 학교계약 44747
[완료] nara_full_20210922_20211220.csv: 학교 계약 44747건 (API 240회)
  20211221~20220320 Thng p20: 전체 69767건 중 19980건 훑음, 학교계약 5554
  20211221~20220320 Thng p40: 전체 69767건 중 39960건 훑음, 학교계약 10378
  20211221~20220320 Thng p60: 전체 69767건 중 59940건 훑음, 학교계약 18200
  20211221~20220320 Thng p70: 전체 69767건 중 69767건 훑음, 학교계약 20438
  20211221~20220320 Servc p20: 전체 222053건 중 19980건 훑음, 학교계약 22274
  20211221~20220320 Servc p40: 전체 222053건 중 39960건 훑음, 학교계약 24100
  20211221~20220320 Servc p60: 전체 222053건 중 59940건 훑음, 학교계약 26725
  20211221~20220320 Servc p80: 전체 222053건 중 79920건 훑음, 학교계약 30443
  20211221~20220320 Servc p100: 전체 222053건 중 99900건 훑음, 학교계약 35890
  20211221~20220320 Servc p120: 전체 222053건 중 119880건 훑음, 학교계약 45573
  20211221~20220320 Servc p140: 전체 222053건 중 139860건 훑음, 학교계약 56959
  20211221~20220320 Servc p160: 전체 222053건 중 159840건 훑음, 학교계약 70319
  20211221~20220320 Servc p180: 전체 222053건 중 179820건 훑음, 학교계약 83747
  20211221~20220320 Servc p200: 전체 222053건 중 199800건 훑음, 학교계약 92488
  20211221~20220320 Servc p220: 전체 222053건 중 219780건 훑음, 학교계약 96576
  20211221~20220320 Servc p223: 전체 222053건 중 222053건 훑음, 학교계약 96940
[완료] nara_full_20211221_20220320.csv: 학교 계약 96940건 (API 293회)
  20220321~20220618 Thng p20: 전체 81502건 중 19980건 훑음, 학교계약 4863
  20220321~20220618 Thng p40: 전체 81502건 중 39960건 훑음, 학교계약 10174
  20220321~20220618 Thng p60: 전체 81502건 중 59940건 훑음, 학교계약 14436
  20220321~20220618 Thng p80: 전체 81502건 중 79920건 훑음, 학교계약 19095
  20220321~20220618 Thng p82: 전체 81502건 중 81502건 훑음, 학교계약 19366
  20220321~20220618 Servc p20: 전체 150078건 중 19980건 훑음, 학교계약 22516
  20220321~20220618 Servc p40: 전체 150078건 중 39960건 훑음, 학교계약 26581
  20220321~20220618 Servc p60: 전체 150078건 중 59940건 훑음, 학교계약 31259
  20220321~20220618 Servc p80: 전체 150078건 중 79920건 훑음, 학교계약 36102
  20220321~20220618 Servc p100: 전체 150078건 중 99900건 훑음, 학교계약 40506
  20220321~20220618 Servc p120: 전체 150078건 중 119880건 훑음, 학교계약 44995
    재시도(<urlopen error [Errno 54] Connection reset by peer>) → 10초
    재시도(<urlopen error [Errno 54] Connection reset by peer>) → 10초
    재시도(<urlopen error [Errno 54] Connection reset by peer>) → 10초
    재시도(<urlopen error [Errno 54] Connection reset by peer>) → 10초
  20220321~20220618 Servc p140: 전체 150078건 중 139860건 훑음, 학교계약 49195
  20220321~20220618 Servc p151: 전체 150078건 중 150078건 훑음, 학교계약 51214
[완료] nara_full_20220321_20220618.csv: 학교 계약 51214건 (API 233회)
  20220619~20220916 Thng p20: 전체 65914건 중 19980건 훑음, 학교계약 4564
  20220619~20220916 Thng p40: 전체 65914건 중 39960건 훑음, 학교계약 8460
  20220619~20220916 Thng p60: 전체 65914건 중 59940건 훑음, 학교계약 13111
  20220619~20220916 Thng p66: 전체 65914건 중 65914건 훑음, 학교계약 14300
  20220619~20220916 Servc p20: 전체 122182건 중 19980건 훑음, 학교계약 17413
  20220619~20220916 Servc p40: 전체 122182건 중 39960건 훑음, 학교계약 22704
  20220619~20220916 Servc p60: 전체 122182건 중 59940건 훑음, 학교계약 27381
  20220619~20220916 Servc p80: 전체 122182건 중 79920건 훑음, 학교계약 31095
  20220619~20220916 Servc p100: 전체 122182건 중 99900건 훑음, 학교계약 36129
  20220619~20220916 Servc p120: 전체 122182건 중 119880건 훑음, 학교계약 41613
  20220619~20220916 Servc p123: 전체 122182건 중 122182건 훑음, 학교계약 42244
[완료] nara_full_20220619_20220916.csv: 학교 계약 42244건 (API 189회)
  20220917~20221215 Thng p20: 전체 86494건 중 19980건 훑음, 학교계약 4748
  20220917~20221215 Thng p40: 전체 86494건 중 39960건 훑음, 학교계약 9045
  20220917~20221215 Thng p60: 전체 86494건 중 59940건 훑음, 학교계약 12013
  20220917~20221215 Thng p80: 전체 86494건 중 79920건 훑음, 학교계약 15668
  20220917~20221215 Thng p87: 전체 86494건 중 86494건 훑음, 학교계약 16684
  20220917~20221215 Servc p20: 전체 175152건 중 19980건 훑음, 학교계약 21255
  20220917~20221215 Servc p40: 전체 175152건 중 39960건 훑음, 학교계약 26562
  20220917~20221215 Servc p60: 전체 175152건 중 59940건 훑음, 학교계약 31915
  20220917~20221215 Servc p80: 전체 175152건 중 79920건 훑음, 학교계약 36526
  20220917~20221215 Servc p100: 전체 175152건 중 99900건 훑음, 학교계약 41005
  20220917~20221215 Servc p120: 전체 175152건 중 119880건 훑음, 학교계약 44694
  20220917~20221215 Servc p140: 전체 175152건 중 139860건 훑음, 학교계약 48189
  20220917~20221215 Servc p160: 전체 175152건 중 159840건 훑음, 학교계약 51488
  20220917~20221215 Servc p176: 전체 175152건 중 175152건 훑음, 학교계약 53960
[완료] nara_full_20220917_20221215.csv: 학교 계약 53960건 (API 263회)
  20221216~20221231 Thng p18: 전체 17307건 중 17307건 훑음, 학교계약 3820
  20221216~20221231 Servc p20: 전체 61846건 중 19980건 훑음, 학교계약 6161
  20221216~20221231 Servc p40: 전체 61846건 중 39960건 훑음, 학교계약 8472
  20221216~20221231 Servc p60: 전체 61846건 중 59940건 훑음, 학교계약 10526
  20221216~20221231 Servc p62: 전체 61846건 중 61846건 훑음, 학교계약 10667
[완료] nara_full_20221216_20221231.csv: 학교 계약 10667건 (API 80회)

전체 완료 — API 호출 2778회
