▶ collect_pen.py --office 경북 --begin 2020-01 --end 2022-12 (07:47)
월 36개 × 키워드 19개 = 684조합
  2020/04까지 · 누적 0건 (요청 4회)
  2020/10까지 · 누적 0건 (요청 10회)
  2021/04까지 · 누적 6건 (요청 16회)
  2021/10까지 · 누적 36건 (요청 22회)
  2022/04까지 · 누적 43건 (요청 28회)
  2022/10까지 · 누적 60건 (요청 34회)
[에듀테크] 완료 · 누적 63건 (요청 36회)
  2020/04까지 · 누적 63건 (요청 40회)
  2020/10까지 · 누적 63건 (요청 46회)
  2021/04까지 · 누적 63건 (요청 52회)
  2021/10까지 · 누적 63건 (요청 58회)
  2022/04까지 · 누적 63건 (요청 64회)
  2022/10까지 · 누적 63건 (요청 70회)
[코스웨어] 완료 · 누적 63건 (요청 72회)
  2020/04까지 · 누적 63건 (요청 76회)
  2020/10까지 · 누적 63건 (요청 82회)
  2021/04까지 · 누적 93건 (요청 88회)
  2021/10까지 · 누적 217건 (요청 94회)
  2022/04까지 · 누적 286건 (요청 100회)
  2022/10까지 · 누적 481건 (요청 106회)
[인공지능] 완료 · 누적 665건 (요청 109회)
  2020/04까지 · 누적 665건 (요청 113회)
  2020/10까지 · 누적 666건 (요청 119회)
  2021/04까지 · 누적 702건 (요청 125회)
  2021/10까지 · 누적 827건 (요청 131회)
  2022/04까지 · 누적 914건 (요청 137회)
  2022/10까지 · 누적 1018건 (요청 143회)
[소프트웨어] 완료 · 누적 1074건 (요청 145회)
  2020/04까지 · 누적 1074건 (요청 149회)
  2020/10까지 · 누적 1074건 (요청 155회)
  2021/04까지 · 누적 1074건 (요청 161회)
  2021/10까지 · 누적 1074건 (요청 167회)
  2022/04까지 · 누적 1076건 (요청 173회)
  2022/10까지 · 누적 1081건 (요청 179회)
[라이선스] 완료 · 누적 1081건 (요청 181회)
  2020/04까지 · 누적 1081건 (요청 185회)
  2020/10까지 · 누적 1081건 (요청 191회)
  2021/04까지 · 누적 1082건 (요청 197회)
  2021/10까지 · 누적 1082건 (요청 203회)
  2022/04까지 · 누적 1086건 (요청 209회)
  2022/10까지 · 누적 1087건 (요청 215회)
[라이센스] 완료 · 누적 1088건 (요청 217회)
  2020/04까지 · 누적 1088건 (요청 221회)
  2020/10까지 · 누적 1088건 (요청 227회)
  2021/04까지 · 누적 1103건 (요청 233회)
  2021/10까지 · 누적 1118건 (요청 239회)
  2022/04까지 · 누적 1136건 (요청 245회)
  2022/10까지 · 누적 1147건 (요청 251회)
[구독] 완료 · 누적 1150건 (요청 253회)
  2020/04까지 · 누적 1150건 (요청 257회)
  2020/10까지 · 누적 1150건 (요청 263회)
  2021/04까지 · 누적 1150건 (요청 269회)
  2021/10까지 · 누적 1152건 (요청 275회)
  2022/04까지 · 누적 1155건 (요청 281회)
  2022/10까지 · 누적 1158건 (요청 287회)
[플랫폼] 완료 · 누적 1159건 (요청 289회)
  2020/04까지 · 누적 1159건 (요청 293회)
  2020/10까지 · 누적 1159건 (요청 299회)
  2021/04까지 · 누적 1159건 (요청 305회)
  2021/10까지 · 누적 1159건 (요청 311회)
  2022/04까지 · 누적 1159건 (요청 317회)
  2022/10까지 · 누적 1159건 (요청 323회)
[GPT] 완료 · 누적 1159건 (요청 325회)
  2020/04까지 · 누적 1159건 (요청 329회)
  2020/10까지 · 누적 1159건 (요청 335회)
  2021/04까지 · 누적 1159건 (요청 341회)
  2021/10까지 · 누적 1159건 (요청 347회)
  2022/04까지 · 누적 1159건 (요청 353회)
  2022/10까지 · 누적 1159건 (요청 359회)
[어도비] 완료 · 누적 1159건 (요청 361회)
  2020/04까지 · 누적 1159건 (요청 365회)
  2020/10까지 · 누적 1159건 (요청 371회)
  2021/04까지 · 누적 1163건 (요청 377회)
  2021/10까지 · 누적 1168건 (요청 383회)
  2022/04까지 · 누적 1169건 (요청 389회)
  2022/10까지 · 누적 1172건 (요청 395회)
[디지털교과서] 완료 · 누적 1173건 (요청 397회)
  2020/04까지 · 누적 1173건 (요청 401회)
  2020/10까지 · 누적 1173건 (요청 407회)
  2021/04까지 · 누적 1187건 (요청 413회)
  2021/10까지 · 누적 1232건 (요청 419회)
  2022/04까지 · 누적 1272건 (요청 425회)
  2022/10까지 · 누적 1316건 (요청 431회)
[교육자료] 완료 · 누적 1336건 (요청 433회)
  2020/04까지 · 누적 1336건 (요청 437회)
  2020/10까지 · 누적 1336건 (요청 443회)
  2021/04까지 · 누적 1336건 (요청 449회)
  2021/10까지 · 누적 1336건 (요청 455회)
  2022/04까지 · 누적 1336건 (요청 461회)
  2022/10까지 · 누적 1336건 (요청 467회)
[챗봇] 완료 · 누적 1336건 (요청 469회)
  2020/04까지 · 누적 1336건 (요청 473회)
  2020/10까지 · 누적 1336건 (요청 479회)
  2021/04까지 · 누적 1336건 (요청 485회)
  2021/10까지 · 누적 1338건 (요청 491회)
  2022/04까지 · 누적 1357건 (요청 497회)
  2022/10까지 · 누적 1413건 (요청 503회)
[메타버스] 완료 · 누적 1442건 (요청 505회)
  2020/04까지 · 누적 1442건 (요청 509회)
  2020/10까지 · 누적 1443건 (요청 515회)
  2021/04까지 · 누적 1466건 (요청 521회)
  2021/10까지 · 누적 1512건 (요청 527회)
  2022/04까지 · 누적 1555건 (요청 533회)
  2022/10까지 · 누적 1658건 (요청 539회)
[코딩] 완료 · 누적 1688건 (요청 541회)
  2020/04까지 · 누적 1688건 (요청 545회)
  2020/10까지 · 누적 1688건 (요청 551회)
  2021/04까지 · 누적 1688건 (요청 557회)
  2021/10까지 · 누적 1688건 (요청 563회)
  2022/04까지 · 누적 1688건 (요청 569회)
  2022/10까지 · 누적 1688건 (요청 575회)
[AIDT] 완료 · 누적 1688건 (요청 577회)
  2020/04까지 · 누적 1688건 (요청 581회)
  2020/10까지 · 누적 1688건 (요청 587회)
  2021/04까지 · 누적 1689건 (요청 593회)
  2021/10까지 · 누적 1689건 (요청 599회)
  2022/04까지 · 누적 1689건 (요청 605회)
  2022/10까지 · 누적 1690건 (요청 611회)
[클래스팅] 완료 · 누적 1690건 (요청 613회)
  2020/04까지 · 누적 1690건 (요청 617회)
  2020/10까지 · 누적 1690건 (요청 623회)
  2021/04까지 · 누적 1690건 (요청 629회)
  2021/10까지 · 누적 1690건 (요청 635회)
  2022/04까지 · 누적 1691건 (요청 641회)
  2022/10까지 · 누적 1691건 (요청 647회)
[패들렛] 완료 · 누적 1692건 (요청 649회)
  2020/04까지 · 누적 1692건 (요청 653회)
  2020/10까지 · 누적 1692건 (요청 659회)
  2021/04까지 · 누적 1692건 (요청 665회)
  2021/10까지 · 누적 1692건 (요청 671회)
  2022/04까지 · 누적 1692건 (요청 677회)
  2022/10까지 · 누적 1692건 (요청 683회)
[캔바] 완료 · 누적 1692건 (요청 685회)

완료 — 요청 685회, 학교 계약 1692건 → 경북_candidates.csv
◀ 끝 (08:11)
▶ collect_dge.py --begin 2020-01 --end 2022-12 (08:11)
검색어 19종 × 월 36개 = 684조합
[에듀테크] 완료 · 누적 1163건 (요청 1213회)
[코스웨어] 완료 · 누적 1163건 (요청 1249회)
[인공지능] 완료 · 누적 2684건 (요청 2827회)
[소프트웨어] 완료 · 누적 4973건 (요청 5185회)
[라이선스] 완료 · 누적 5089건 (요청 5337회)
[라이센스] 완료 · 누적 5286건 (요청 5570회)
[구독] 완료 · 누적 5800건 (요청 6121회)
[플랫폼] 완료 · 누적 5867건 (요청 6224회)
[GPT] 완료 · 누적 5867건 (요청 6260회)
[어도비] 완료 · 누적 5877건 (요청 6306회)
[디지털교과서] 완료 · 누적 5980건 (요청 6445회)
[교육자료] 완료 · 누적 7212건 (요청 7723회)
[챗봇] 완료 · 누적 7212건 (요청 7759회)
[메타버스] 완료 · 누적 7422건 (요청 8005회)
[코딩] 완료 · 누적 7786건 (요청 8405회)
[AIDT] 완료 · 누적 7786건 (요청 8441회)
[클래스팅] 완료 · 누적 7844건 (요청 8535회)
[패들렛] 완료 · 누적 7859건 (요청 8586회)
[캔바] 완료 · 누적 7860건 (요청 8623회)

완료 — 요청 8623회, 학교 계약 7860건 → dge_candidates.csv
◀ 끝 (09:58)
▶ collect_gen.py --years 2020,2021,2022 (09:58)
검색어 19종 × 회계연도 3개 = 57조합
[에듀테크 2020] 1페이지까지 · 누적 0건 (요청 1회)
[에듀테크 2021] 2페이지까지 · 누적 12건 (요청 3회)
[에듀테크 2022] 2페이지까지 · 누적 30건 (요청 5회)
[코스웨어 2020] 1페이지까지 · 누적 30건 (요청 6회)
[코스웨어 2021] 1페이지까지 · 누적 30건 (요청 7회)
[코스웨어 2022] 1페이지까지 · 누적 30건 (요청 8회)
[인공지능 2020] 1페이지까지 · 누적 30건 (요청 9회)
[인공지능 2021] 1페이지까지 · 누적 36건 (요청 10회)
[인공지능 2022] 17페이지까지 · 누적 182건 (요청 27회)
[소프트웨어 2020] 1페이지까지 · 누적 182건 (요청 28회)
[소프트웨어 2021] 1페이지까지 · 누적 190건 (요청 29회)
[소프트웨어 2022] 8페이지까지 · 누적 263건 (요청 37회)
[라이선스 2020] 1페이지까지 · 누적 263건 (요청 38회)
[라이선스 2021] 1페이지까지 · 누적 263건 (요청 39회)
[라이선스 2022] 1페이지까지 · 누적 263건 (요청 40회)
[라이센스 2020] 1페이지까지 · 누적 263건 (요청 41회)
[라이센스 2021] 1페이지까지 · 누적 264건 (요청 42회)
[라이센스 2022] 1페이지까지 · 누적 267건 (요청 43회)
[구독 2020] 1페이지까지 · 누적 267건 (요청 44회)
[구독 2021] 1페이지까지 · 누적 267건 (요청 45회)
[구독 2022] 1페이지까지 · 누적 274건 (요청 46회)
[플랫폼 2020] 1페이지까지 · 누적 274건 (요청 47회)
[플랫폼 2021] 1페이지까지 · 누적 277건 (요청 48회)
[플랫폼 2022] 2페이지까지 · 누적 288건 (요청 50회)
[GPT 2020] 1페이지까지 · 누적 288건 (요청 51회)
[GPT 2021] 1페이지까지 · 누적 288건 (요청 52회)
[GPT 2022] 1페이지까지 · 누적 288건 (요청 53회)
[어도비 2020] 1페이지까지 · 누적 288건 (요청 54회)
[어도비 2021] 1페이지까지 · 누적 290건 (요청 55회)
[어도비 2022] 1페이지까지 · 누적 291건 (요청 56회)
[디지털교과서 2020] 1페이지까지 · 누적 291건 (요청 57회)
[디지털교과서 2021] 1페이지까지 · 누적 291건 (요청 58회)
[디지털교과서 2022] 1페이지까지 · 누적 291건 (요청 59회)
[교육자료 2020] 1페이지까지 · 누적 291건 (요청 60회)
[교육자료 2021] 1페이지까지 · 누적 297건 (요청 61회)
[교육자료 2022] 7페이지까지 · 누적 355건 (요청 68회)
[챗봇 2020] 1페이지까지 · 누적 355건 (요청 69회)
[챗봇 2021] 1페이지까지 · 누적 355건 (요청 70회)
[챗봇 2022] 1페이지까지 · 누적 355건 (요청 71회)
[메타버스 2020] 1페이지까지 · 누적 355건 (요청 72회)
[메타버스 2021] 1페이지까지 · 누적 359건 (요청 73회)
[메타버스 2022] 1페이지까지 · 누적 367건 (요청 74회)
[코딩 2020] 1페이지까지 · 누적 367건 (요청 75회)
[코딩 2021] 1페이지까지 · 누적 370건 (요청 76회)
[코딩 2022] 4페이지까지 · 누적 401건 (요청 80회)
[AIDT 2020] 1페이지까지 · 누적 401건 (요청 81회)
[AIDT 2021] 1페이지까지 · 누적 401건 (요청 82회)
[AIDT 2022] 1페이지까지 · 누적 401건 (요청 83회)
[클래스팅 2020] 1페이지까지 · 누적 401건 (요청 84회)
[클래스팅 2021] 1페이지까지 · 누적 401건 (요청 85회)
[클래스팅 2022] 1페이지까지 · 누적 401건 (요청 86회)
[패들렛 2020] 1페이지까지 · 누적 401건 (요청 87회)
[패들렛 2021] 1페이지까지 · 누적 401건 (요청 88회)
[패들렛 2022] 1페이지까지 · 누적 401건 (요청 89회)
[캔바 2020] 1페이지까지 · 누적 401건 (요청 90회)
[캔바 2021] 1페이지까지 · 누적 401건 (요청 91회)
[캔바 2022] 1페이지까지 · 누적 401건 (요청 92회)

완료 — 요청 92회, 학교 계약 401건 → gen_candidates.csv
◀ 끝 (10:02)
▶ collect_gne.py --years 2020,2021,2022 (10:02)
검색어 19종 × 회계연도 3개 = 57조합
[에듀테크|2020] 1페이지까지 · 누적 0건 (요청 1회)
[에듀테크|2021] 1페이지까지 · 누적 42건 (요청 44회)
[에듀테크|2022] 1페이지까지 · 누적 43건 (요청 46회)
[코스웨어|2020] 1페이지까지 · 누적 43건 (요청 47회)
[코스웨어|2021] 1페이지까지 · 누적 43건 (요청 48회)
[코스웨어|2022] 1페이지까지 · 누적 43건 (요청 49회)
[인공지능|2020] 1페이지까지 · 누적 60건 (요청 67회)
[인공지능|2021] 2페이지까지 · 누적 163건 (요청 172회)
[인공지능|2022] 2페이지까지 · 누적 331건 (요청 342회)
[소프트웨어|2020] 4페이지까지 · 누적 657건 (요청 672회)
[소프트웨어|2021] 2페이지까지 · 누적 758건 (요청 775회)
[소프트웨어|2022] 2페이지까지 · 누적 854건 (요청 873회)
[라이선스|2020] 1페이지까지 · 누적 858건 (요청 878회)
[라이선스|2021] 1페이지까지 · 누적 861건 (요청 882회)
[라이선스|2022] 1페이지까지 · 누적 864건 (요청 886회)
[라이센스|2020] 1페이지까지 · 누적 871건 (요청 894회)
[라이센스|2021] 1페이지까지 · 누적 875건 (요청 899회)
[라이센스|2022] 1페이지까지 · 누적 884건 (요청 909회)
[구독|2020] 1페이지까지 · 누적 918건 (요청 944회)
[구독|2021] 1페이지까지 · 누적 963건 (요청 990회)
[구독|2022] 1페이지까지 · 누적 1009건 (요청 1037회)
[플랫폼|2020] 1페이지까지 · 누적 1030건 (요청 1059회)
[플랫폼|2021] 1페이지까지 · 누적 1110건 (요청 1140회)
[플랫폼|2022] 1페이지까지 · 누적 1182건 (요청 1213회)
[GPT|2020] 1페이지까지 · 누적 1182건 (요청 1214회)
[GPT|2021] 1페이지까지 · 누적 1182건 (요청 1215회)
[GPT|2022] 1페이지까지 · 누적 1182건 (요청 1216회)
[어도비|2020] 1페이지까지 · 누적 1183건 (요청 1218회)
[어도비|2021] 1페이지까지 · 누적 1183건 (요청 1219회)
[어도비|2022] 1페이지까지 · 누적 1183건 (요청 1220회)
[디지털교과서|2020] 1페이지까지 · 누적 1214건 (요청 1252회)
[디지털교과서|2021] 1페이지까지 · 누적 1215건 (요청 1254회)
[디지털교과서|2022] 1페이지까지 · 누적 1216건 (요청 1256회)
[교육자료|2020] 2페이지까지 · 누적 1309건 (요청 1351회)
[교육자료|2021] 2페이지까지 · 누적 1422건 (요청 1466회)
[교육자료|2022] 1페이지까지 · 누적 1496건 (요청 1541회)
[챗봇|2020] 1페이지까지 · 누적 1496건 (요청 1542회)
[챗봇|2021] 1페이지까지 · 누적 1496건 (요청 1543회)
[챗봇|2022] 1페이지까지 · 누적 1496건 (요청 1544회)
[메타버스|2020] 1페이지까지 · 누적 1496건 (요청 1545회)
[메타버스|2021] 1페이지까지 · 누적 1502건 (요청 1552회)
[메타버스|2022] 1페이지까지 · 누적 1529건 (요청 1580회)
[코딩|2020] 1페이지까지 · 누적 1596건 (요청 1648회)
[코딩|2021] 1페이지까지 · 누적 1675건 (요청 1728회)
[코딩|2022] 1페이지까지 · 누적 1730건 (요청 1784회)
[AIDT|2020] 1페이지까지 · 누적 1730건 (요청 1785회)
[AIDT|2021] 1페이지까지 · 누적 1730건 (요청 1786회)
[AIDT|2022] 1페이지까지 · 누적 1730건 (요청 1787회)
[클래스팅|2020] 1페이지까지 · 누적 1730건 (요청 1788회)
[클래스팅|2021] 1페이지까지 · 누적 1730건 (요청 1789회)
[클래스팅|2022] 1페이지까지 · 누적 1730건 (요청 1790회)
[패들렛|2020] 1페이지까지 · 누적 1730건 (요청 1791회)
[패들렛|2021] 1페이지까지 · 누적 1731건 (요청 1793회)
[패들렛|2022] 1페이지까지 · 누적 1731건 (요청 1794회)
[캔바|2020] 1페이지까지 · 누적 1731건 (요청 1795회)
[캔바|2021] 1페이지까지 · 누적 1731건 (요청 1796회)
[캔바|2022] 1페이지까지 · 누적 1731건 (요청 1797회)

완료 — 요청 1797회, 학교 계약 1731건 → 경남_candidates.csv
◀ 끝 (10:31)
▶ collect_jbe.py --years 2020,2021,2022 (10:31)
검색어 19종 × 회계연도 3개 = 57조합
[에듀테크|2020] 1페이지까지 · 누적 0건 (요청 1회)
[에듀테크|2021] 1페이지까지 · 누적 0건 (요청 2회)
[에듀테크|2022] 1페이지까지 · 누적 0건 (요청 3회)
[코스웨어|2020] 1페이지까지 · 누적 0건 (요청 4회)
[코스웨어|2021] 1페이지까지 · 누적 0건 (요청 5회)
[코스웨어|2022] 1페이지까지 · 누적 0건 (요청 6회)
[인공지능|2020] 1페이지까지 · 누적 0건 (요청 7회)
[인공지능|2021] 1페이지까지 · 누적 0건 (요청 8회)
[인공지능|2022] 1페이지까지 · 누적 0건 (요청 9회)
[소프트웨어|2020] 1페이지까지 · 누적 0건 (요청 10회)
[소프트웨어|2021] 1페이지까지 · 누적 0건 (요청 11회)
[소프트웨어|2022] 1페이지까지 · 누적 0건 (요청 12회)
[라이선스|2020] 1페이지까지 · 누적 0건 (요청 13회)
[라이선스|2021] 1페이지까지 · 누적 0건 (요청 14회)
[라이선스|2022] 1페이지까지 · 누적 0건 (요청 15회)
[라이센스|2020] 1페이지까지 · 누적 0건 (요청 16회)
[라이센스|2021] 1페이지까지 · 누적 0건 (요청 17회)
[라이센스|2022] 1페이지까지 · 누적 0건 (요청 18회)
[구독|2020] 1페이지까지 · 누적 0건 (요청 19회)
[구독|2021] 1페이지까지 · 누적 0건 (요청 20회)
[구독|2022] 1페이지까지 · 누적 0건 (요청 21회)
[플랫폼|2020] 1페이지까지 · 누적 0건 (요청 22회)
[플랫폼|2021] 1페이지까지 · 누적 0건 (요청 23회)
[플랫폼|2022] 1페이지까지 · 누적 0건 (요청 24회)
[GPT|2020] 1페이지까지 · 누적 0건 (요청 25회)
[GPT|2021] 1페이지까지 · 누적 0건 (요청 26회)
[GPT|2022] 1페이지까지 · 누적 0건 (요청 27회)
[어도비|2020] 1페이지까지 · 누적 0건 (요청 28회)
[어도비|2021] 1페이지까지 · 누적 0건 (요청 29회)
[어도비|2022] 1페이지까지 · 누적 0건 (요청 30회)
[디지털교과서|2020] 1페이지까지 · 누적 0건 (요청 31회)
[디지털교과서|2021] 1페이지까지 · 누적 0건 (요청 32회)
[디지털교과서|2022] 1페이지까지 · 누적 0건 (요청 33회)
[교육자료|2020] 1페이지까지 · 누적 0건 (요청 34회)
[교육자료|2021] 1페이지까지 · 누적 0건 (요청 35회)
[교육자료|2022] 1페이지까지 · 누적 0건 (요청 36회)
[챗봇|2020] 1페이지까지 · 누적 0건 (요청 37회)
[챗봇|2021] 1페이지까지 · 누적 0건 (요청 38회)
[챗봇|2022] 1페이지까지 · 누적 0건 (요청 39회)
[메타버스|2020] 1페이지까지 · 누적 0건 (요청 40회)
[메타버스|2021] 1페이지까지 · 누적 0건 (요청 41회)
[메타버스|2022] 1페이지까지 · 누적 0건 (요청 42회)
[코딩|2020] 1페이지까지 · 누적 0건 (요청 43회)
[코딩|2021] 1페이지까지 · 누적 0건 (요청 44회)
[코딩|2022] 1페이지까지 · 누적 0건 (요청 45회)
[AIDT|2020] 1페이지까지 · 누적 0건 (요청 46회)
[AIDT|2021] 1페이지까지 · 누적 0건 (요청 47회)
[AIDT|2022] 1페이지까지 · 누적 0건 (요청 48회)
[클래스팅|2020] 1페이지까지 · 누적 0건 (요청 49회)
[클래스팅|2021] 1페이지까지 · 누적 0건 (요청 50회)
[클래스팅|2022] 1페이지까지 · 누적 0건 (요청 51회)
[패들렛|2020] 1페이지까지 · 누적 0건 (요청 52회)
[패들렛|2021] 1페이지까지 · 누적 0건 (요청 53회)
[패들렛|2022] 1페이지까지 · 누적 0건 (요청 54회)
[캔바|2020] 1페이지까지 · 누적 0건 (요청 55회)
[캔바|2021] 1페이지까지 · 누적 0건 (요청 56회)
[캔바|2022] 1페이지까지 · 누적 0건 (요청 57회)

완료 — 요청 57회, 학교 계약 0건 → 전북_candidates.csv
◀ 끝 (10:31)
▶ collect_jje.py --years 2020,2021,2022 (10:31)
회계연도 3개 (엑셀 내보내기 — 연도당 요청 1회)
[2020] 전체 41,687행 → 누적 30,818건
[2021] 전체 42,072행 → 누적 60,534건
[2022] 전체 46,312행 → 누적 90,406건

완료 — 학교 계약 90,406건 → 제주_candidates.csv
◀ 끝 (10:33)
▶ collect_dje.py --office 대전 --years 2020,2021,2022 (10:33)
[대전] https://www.dje.go.kr/clean/contract/InfoList04.do?m=0601&s=contractInfo
검색어 19종 × 회계연도 3개 = 57조합
[에듀테크 2020] 1페이지까지 · 누적 0건 (요청 1회)
[에듀테크 2021] 3페이지까지 · 누적 24건 (요청 28회)
[에듀테크 2022] 3페이지까지 · 누적 37건 (요청 44회)
[코스웨어 2020] 1페이지까지 · 누적 37건 (요청 45회)
[코스웨어 2021] 1페이지까지 · 누적 37건 (요청 46회)
[코스웨어 2022] 1페이지까지 · 누적 37건 (요청 47회)
[인공지능 2020] 2페이지까지 · 누적 48건 (요청 60회)
[인공지능 2021] 5페이지까지 · 누적 89건 (요청 106회)
[인공지능 2022] 7페이지까지 · 누적 149건 (요청 173회)
[소프트웨어 2020] 9페이지까지 · 누적 229건 (요청 262회)
[소프트웨어 2021] 8페이지까지 · 누적 296건 (요청 337회)
[소프트웨어 2022] 4페이지까지 · 누적 327건 (요청 372회)
[라이선스 2020] 1페이지까지 · 누적 328건 (요청 374회)
[라이선스 2021] 1페이지까지 · 누적 328건 (요청 375회)
[라이선스 2022] 1페이지까지 · 누적 332건 (요청 380회)
[라이센스 2020] 1페이지까지 · 누적 334건 (요청 383회)
[라이센스 2021] 1페이지까지 · 누적 334건 (요청 384회)
[라이센스 2022] 1페이지까지 · 누적 336건 (요청 387회)
[구독 2020] 1페이지까지 · 누적 345건 (요청 397회)
[구독 2021] 2페이지까지 · 누적 358건 (요청 412회)
[구독 2022] 2페이지까지 · 누적 372건 (요청 428회)
[플랫폼 2020] 1페이지까지 · 누적 372건 (요청 429회)
[플랫폼 2021] 1페이지까지 · 누적 373건 (요청 431회)
[플랫폼 2022] 1페이지까지 · 누적 374건 (요청 433회)
[GPT 2020] 1페이지까지 · 누적 374건 (요청 434회)
[GPT 2021] 1페이지까지 · 누적 374건 (요청 435회)
[GPT 2022] 1페이지까지 · 누적 374건 (요청 436회)
[어도비 2020] 1페이지까지 · 누적 374건 (요청 437회)
[어도비 2021] 1페이지까지 · 누적 374건 (요청 438회)
[어도비 2022] 1페이지까지 · 누적 374건 (요청 439회)
[디지털교과서 2020] 1페이지까지 · 누적 383건 (요청 449회)
[디지털교과서 2021] 1페이지까지 · 누적 383건 (요청 450회)
[디지털교과서 2022] 1페이지까지 · 누적 383건 (요청 451회)
[교육자료 2020] 3페이지까지 · 누적 405건 (요청 476회)
[교육자료 2021] 3페이지까지 · 누적 432건 (요청 506회)
[교육자료 2022] 3페이지까지 · 누적 456건 (요청 533회)
[챗봇 2020] 1페이지까지 · 누적 456건 (요청 534회)
[챗봇 2021] 1페이지까지 · 누적 456건 (요청 535회)
[챗봇 2022] 1페이지까지 · 누적 456건 (요청 536회)
[메타버스 2020] 1페이지까지 · 누적 456건 (요청 537회)
[메타버스 2021] 1페이지까지 · 누적 458건 (요청 540회)
[메타버스 2022] 1페이지까지 · 누적 463건 (요청 546회)
[코딩 2020] 4페이지까지 · 누적 493건 (요청 580회)
[코딩 2021] 4페이지까지 · 누적 528건 (요청 619회)
[코딩 2022] 4페이지까지 · 누적 561건 (요청 656회)
[AIDT 2020] 1페이지까지 · 누적 561건 (요청 657회)
[AIDT 2021] 1페이지까지 · 누적 561건 (요청 658회)
[AIDT 2022] 1페이지까지 · 누적 561건 (요청 659회)
[클래스팅 2020] 1페이지까지 · 누적 561건 (요청 660회)
[클래스팅 2021] 1페이지까지 · 누적 561건 (요청 661회)
[클래스팅 2022] 1페이지까지 · 누적 561건 (요청 662회)
[패들렛 2020] 1페이지까지 · 누적 561건 (요청 663회)
[패들렛 2021] 1페이지까지 · 누적 561건 (요청 664회)
[패들렛 2022] 1페이지까지 · 누적 561건 (요청 665회)
[캔바 2020] 1페이지까지 · 누적 561건 (요청 666회)
[캔바 2021] 1페이지까지 · 누적 561건 (요청 667회)
[캔바 2022] 1페이지까지 · 누적 561건 (요청 668회)

완료 — 요청 668회, 학교 계약 561건 → dje_candidates.csv
◀ 끝 (10:47)
▶ collect_dje.py --office 충남 --years 2020,2021,2022 (10:47)
[충남] https://www.cne.go.kr/contract/InfoList04.do?m=050204&s=cne&pageInfo=Y
검색어 19종 × 회계연도 3개 = 57조합
[에듀테크 2020] 1페이지까지 · 누적 0건 (요청 1회)
[에듀테크 2021] 2페이지까지 · 누적 70건 (요청 73회)
[에듀테크 2022] 2페이지까지 · 누적 91건 (요청 96회)
[코스웨어 2020] 1페이지까지 · 누적 91건 (요청 97회)
[코스웨어 2021] 1페이지까지 · 누적 91건 (요청 98회)
[코스웨어 2022] 1페이지까지 · 누적 91건 (요청 99회)
[인공지능 2020] 2페이지까지 · 누적 130건 (요청 140회)
[인공지능 2021] 6페이지까지 · 누적 540건 (요청 556회)
[인공지능 2022] 6페이지까지 · 누적 951건 (요청 973회)
[소프트웨어 2020] 3페이지까지 · 누적 1120건 (요청 1145회)
[소프트웨어 2021] 3페이지까지 · 누적 1228건 (요청 1256회)
[소프트웨어 2022] 3페이지까지 · 누적 1328건 (요청 1359회)
[라이선스 2020] 1페이지까지 · 누적 1329건 (요청 1361회)
[라이선스 2021] 1페이지까지 · 누적 1334건 (요청 1367회)
[라이선스 2022] 1페이지까지 · 누적 1337건 (요청 1371회)
[라이센스 2020] 1페이지까지 · 누적 1340건 (요청 1375회)
[라이센스 2021] 1페이지까지 · 누적 1347건 (요청 1383회)
[라이센스 2022] 1페이지까지 · 누적 1354건 (요청 1391회)
[구독 2020] 2페이지까지 · 누적 1377건 (요청 1416회)
[구독 2021] 2페이지까지 · 누적 1406건 (요청 1447회)
[구독 2022] 2페이지까지 · 누적 1442건 (요청 1485회)
[플랫폼 2020] 1페이지까지 · 누적 1446건 (요청 1490회)
[플랫폼 2021] 2페이지까지 · 누적 1454건 (요청 1500회)
[플랫폼 2022] 1페이지까지 · 누적 1458건 (요청 1505회)
[GPT 2020] 1페이지까지 · 누적 1458건 (요청 1506회)
[GPT 2021] 1페이지까지 · 누적 1458건 (요청 1507회)
[GPT 2022] 1페이지까지 · 누적 1458건 (요청 1508회)
[어도비 2020] 1페이지까지 · 누적 1459건 (요청 1510회)
[어도비 2021] 1페이지까지 · 누적 1459건 (요청 1511회)
[어도비 2022] 1페이지까지 · 누적 1459건 (요청 1512회)
[디지털교과서 2020] 2페이지까지 · 누적 1480건 (요청 1535회)
[디지털교과서 2021] 1페이지까지 · 누적 1482건 (요청 1538회)
[디지털교과서 2022] 1페이지까지 · 누적 1483건 (요청 1540회)
[교육자료 2020] 2페이지까지 · 누적 1528건 (요청 1587회)
[교육자료 2021] 4페이지까지 · 누적 1787건 (요청 1850회)
[교육자료 2022] 2페이지까지 · 누적 1884건 (요청 1949회)
[챗봇 2020] 1페이지까지 · 누적 1884건 (요청 1950회)
[챗봇 2021] 1페이지까지 · 누적 1884건 (요청 1951회)
[챗봇 2022] 1페이지까지 · 누적 1886건 (요청 1954회)
[메타버스 2020] 1페이지까지 · 누적 1886건 (요청 1955회)
[메타버스 2021] 2페이지까지 · 누적 1929건 (요청 2000회)
[메타버스 2022] 2페이지까지 · 누적 1975건 (요청 2048회)
[코딩 2020] 3페이지까지 · 누적 2078건 (요청 2154회)
[코딩 2021] 3페이지까지 · 누적 2231건 (요청 2310회)
[코딩 2022] 4페이지까지 · 누적 2465건 (요청 2548회)
[AIDT 2020] 1페이지까지 · 누적 2465건 (요청 2549회)
[AIDT 2021] 1페이지까지 · 누적 2465건 (요청 2550회)
[AIDT 2022] 1페이지까지 · 누적 2465건 (요청 2551회)
[클래스팅 2020] 1페이지까지 · 누적 2466건 (요청 2553회)
[클래스팅 2021] 1페이지까지 · 누적 2466건 (요청 2554회)
[클래스팅 2022] 1페이지까지 · 누적 2466건 (요청 2555회)
[패들렛 2020] 1페이지까지 · 누적 2466건 (요청 2556회)
[패들렛 2021] 1페이지까지 · 누적 2466건 (요청 2557회)
[패들렛 2022] 1페이지까지 · 누적 2466건 (요청 2558회)
[캔바 2020] 1페이지까지 · 누적 2466건 (요청 2559회)
[캔바 2021] 1페이지까지 · 누적 2466건 (요청 2560회)
[캔바 2022] 1페이지까지 · 누적 2466건 (요청 2561회)

완료 — 요청 2561회, 학교 계약 2466건 → 충남_candidates.csv
◀ 끝 (11:40)
