▶ collect_s2b_excel.py --begin 2020-01 --end 2022-12 (07:42)
조합 204개(창 12 × 시도 17) 중 남은 204개 · 요청 간격 180초
[202001~ 서울] 전체 18,625건 중 학교 16,725건 · 누적 16,725건
[202001~ 부산] 전체 24,772건 중 학교 22,479건 · 누적 39,204건
[202001~ 대구] 전체 5,786건 중 학교 5,301건 · 누적 44,505건
[202001~ 인천] 전체 6,958건 중 학교 6,647건 · 누적 51,152건
[202001~ 광주] 전체 3,542건 중 학교 3,157건 · 누적 54,309건
[202001~ 대전] 전체 3,313건 중 학교 3,197건 · 누적 57,506건
[202001~ 울산] 전체 4,741건 중 학교 4,364건 · 누적 61,870건
[202001~ 세종] 전체 2,344건 중 학교 1,574건 · 누적 63,444건
[202001~ 경기] 전체 16,950건 중 학교 15,519건 · 누적 78,963건
[202001~ 강원] 전체 8,333건 중 학교 7,434건 · 누적 86,397건
[202001~ 충북] 전체 7,831건 중 학교 6,906건 · 누적 93,303건
[202001~ 충남] 전체 6,852건 중 학교 6,168건 · 누적 99,471건
[202001~ 전북] 전체 5,725건 중 학교 5,084건 · 누적 104,555건
[202001~ 전남] 전체 10,467건 중 학교 9,298건 · 누적 113,853건
[202001~ 경북] 전체 12,884건 중 학교 11,888건 · 누적 125,741건
[202001~ 경남] 전체 18,265건 중 학교 17,142건 · 누적 142,883건
[202001~ 제주] 전체 479건 중 학교 418건 · 누적 143,301건
[202004~ 서울] 전체 26,623건 중 학교 24,738건 · 누적 168,039건
[202004~ 부산] 전체 26,882건 중 학교 24,440건 · 누적 192,479건
[202004~ 대구] 전체 10,230건 중 학교 9,477건 · 누적 201,956건
[202004~ 인천] 전체 9,296건 중 학교 8,645건 · 누적 210,601건
[202004~ 광주] 전체 4,723건 중 학교 4,308건 · 누적 214,909건
[202004~ 대전] 전체 5,481건 중 학교 5,191건 · 누적 220,100건
[202004~ 울산] 전체 6,375건 중 학교 5,857건 · 누적 225,957건
[202004~ 세종] 전체 3,520건 중 학교 2,380건 · 누적 228,337건
[202004~ 경기] 전체 23,583건 중 학교 21,759건 · 누적 250,096건
[202004~ 강원] 전체 10,131건 중 학교 8,908건 · 누적 259,004건
[202004~ 충북] 전체 13,418건 중 학교 12,312건 · 누적 271,316건
[202004~ 충남] 전체 9,962건 중 학교 9,092건 · 누적 280,408건
[202004~ 전북] 전체 8,139건 중 학교 7,383건 · 누적 287,791건
[202004~ 전남] 전체 18,496건 중 학교 16,838건 · 누적 304,629건
[202004~ 경북] 전체 20,755건 중 학교 19,320건 · 누적 323,949건
[202004~ 경남] 전체 23,806건 중 학교 22,408건 · 누적 346,357건
[202004~ 제주] 전체 925건 중 학교 889건 · 누적 347,246건
[202007~ 서울] 전체 19,047건 중 학교 17,698건 · 누적 364,944건
[202007~ 부산] 전체 23,585건 중 학교 21,461건 · 누적 386,405건
[202007~ 대구] 전체 10,240건 중 학교 9,435건 · 누적 395,840건
[202007~ 인천] 전체 7,933건 중 학교 7,527건 · 누적 403,367건
[202007~ 광주] 전체 4,226건 중 학교 3,892건 · 누적 407,259건
[202007~ 대전] 전체 4,626건 중 학교 4,374건 · 누적 411,633건
[202007~ 울산] 전체 5,676건 중 학교 5,301건 · 누적 416,934건
[202007~ 세종] 전체 4,248건 중 학교 2,752건 · 누적 419,686건
[202007~ 경기] 전체 20,919건 중 학교 19,035건 · 누적 438,721건
[202007~ 강원] 전체 9,717건 중 학교 8,798건 · 누적 447,519건
[202007~ 충북] 전체 12,603건 중 학교 11,469건 · 누적 458,988건
[202007~ 충남] 전체 9,487건 중 학교 8,660건 · 누적 467,648건
[202007~ 전북] 전체 8,293건 중 학교 7,672건 · 누적 475,320건
[202007~ 전남] 전체 15,433건 중 학교 13,845건 · 누적 489,165건
[202007~ 경북] 전체 17,703건 중 학교 16,591건 · 누적 505,756건
[202007~ 경남] 전체 19,194건 중 학교 17,824건 · 누적 523,580건
[202007~ 제주] 전체 1,050건 중 학교 1,028건 · 누적 524,608건
[202010~ 서울] 전체 32,740건 중 학교 30,594건 · 누적 555,202건
[202010~ 부산] 전체 37,013건 중 학교 33,678건 · 누적 588,880건
[202010~ 대구] 전체 15,448건 중 학교 14,253건 · 누적 603,133건
[202010~ 인천] 전체 13,697건 중 학교 13,074건 · 누적 616,207건
[202010~ 광주] 전체 6,213건 중 학교 5,754건 · 누적 621,961건
[202010~ 대전] 전체 6,807건 중 학교 6,459건 · 누적 628,420건
[202010~ 울산] 전체 7,863건 중 학교 7,359건 · 누적 635,779건
[202010~ 세종] 전체 5,152건 중 학교 3,587건 · 누적 639,366건
[202010~ 경기] 전체 34,131건 중 학교 31,779건 · 누적 671,145건
[202010~ 강원] 전체 14,798건 중 학교 13,367건 · 누적 684,512건
[202010~ 충북] 전체 18,782건 중 학교 16,977건 · 누적 701,489건
[202010~ 충남] 전체 14,404건 중 학교 13,327건 · 누적 714,816건
[202010~ 전북] 전체 11,448건 중 학교 10,386건 · 누적 725,202건
[202010~ 전남] 전체 20,056건 중 학교 18,149건 · 누적 743,351건
[202010~ 경북] 전체 27,592건 중 학교 25,949건 · 누적 769,300건
[202010~ 경남] 전체 25,884건 중 학교 24,035건 · 누적 793,335건
[202010~ 제주] 전체 2,348건 중 학교 2,329건 · 누적 795,664건
[202101~ 서울] 전체 28,873건 중 학교 26,694건 · 누적 822,358건
[202101~ 부산] 전체 35,096건 중 학교 32,170건 · 누적 854,528건
[202101~ 대구] 전체 11,115건 중 학교 10,164건 · 누적 864,692건
[202101~ 인천] 전체 9,304건 중 학교 8,779건 · 누적 873,471건
[202101~ 광주] 전체 4,736건 중 학교 4,402건 · 누적 877,873건
[202101~ 대전] 전체 4,664건 중 학교 4,415건 · 누적 882,288건
[202101~ 울산] 전체 6,666건 중 학교 6,150건 · 누적 888,438건
[202101~ 세종] 전체 3,760건 중 학교 2,712건 · 누적 891,150건
[202101~ 경기] 전체 24,934건 중 학교 23,155건 · 누적 914,305건
[202101~ 강원] 전체 11,829건 중 학교 10,718건 · 누적 925,023건
[202101~ 충북] 전체 11,505건 중 학교 10,366건 · 누적 935,389건
[202101~ 충남] 전체 8,916건 중 학교 8,221건 · 누적 943,610건
[202101~ 전북] 전체 7,911건 중 학교 7,072건 · 누적 950,682건
[202101~ 전남] 전체 13,360건 중 학교 12,498건 · 누적 963,180건
[202101~ 경북] 전체 18,771건 중 학교 17,624건 · 누적 980,804건
[202101~ 경남] 전체 23,069건 중 학교 21,515건 · 누적 1,002,319건
[202101~ 제주] 전체 1,337건 중 학교 1,311건 · 누적 1,003,630건
[202104~ 서울] 전체 23,293건 중 학교 21,422건 · 누적 1,025,052건
[202104~ 부산] 전체 28,758건 중 학교 26,124건 · 누적 1,051,176건
[202104~ 대구] 전체 11,381건 중 학교 10,504건 · 누적 1,061,680건
[202104~ 인천] 전체 9,380건 중 학교 8,700건 · 누적 1,070,380건
[202104~ 광주] 전체 3,865건 중 학교 3,598건 · 누적 1,073,978건
[202104~ 대전] 전체 4,005건 중 학교 3,769건 · 누적 1,077,747건
[202104~ 울산] 전체 6,943건 중 학교 6,419건 · 누적 1,084,166건
[202104~ 세종] 전체 3,955건 중 학교 2,886건 · 누적 1,087,052건
[202104~ 경기] 전체 24,411건 중 학교 21,982건 · 누적 1,109,034건
[202104~ 강원] 전체 10,529건 중 학교 9,578건 · 누적 1,118,612건
[202104~ 충북] 전체 10,682건 중 학교 9,455건 · 누적 1,128,067건
[202104~ 충남] 전체 8,381건 중 학교 7,596건 · 누적 1,135,663건
[202104~ 전북] 전체 7,835건 중 학교 6,972건 · 누적 1,142,635건
[202104~ 전남] 전체 15,062건 중 학교 13,857건 · 누적 1,156,492건
[202104~ 경북] 전체 20,850건 중 학교 19,345건 · 누적 1,175,837건
[202104~ 경남] 전체 18,301건 중 학교 16,748건 · 누적 1,192,585건
[202104~ 제주] 전체 1,437건 중 학교 1,406건 · 누적 1,193,991건
[202107~ 서울] 전체 19,048건 중 학교 16,959건 · 누적 1,210,950건
[202107~ 부산] 전체 19,965건 중 학교 18,042건 · 누적 1,228,992건
[202107~ 대구] 전체 9,189건 중 학교 8,447건 · 누적 1,237,439건
[202107~ 인천] 전체 7,427건 중 학교 6,975건 · 누적 1,244,414건
[202107~ 광주] 전체 4,036건 중 학교 3,723건 · 누적 1,248,137건
[202107~ 대전] 전체 4,104건 중 학교 3,822건 · 누적 1,251,959건
[202107~ 울산] 전체 5,087건 중 학교 4,746건 · 누적 1,256,705건
[202107~ 세종] 전체 3,187건 중 학교 2,353건 · 누적 1,259,058건
[202107~ 경기] 전체 18,076건 중 학교 16,136건 · 누적 1,275,194건
[202107~ 강원] 전체 9,467건 중 학교 8,615건 · 누적 1,283,809건
[202107~ 충북] 전체 8,608건 중 학교 7,597건 · 누적 1,291,406건
[202107~ 충남] 전체 7,752건 중 학교 7,036건 · 누적 1,298,442건
[202107~ 전북] 전체 7,141건 중 학교 6,444건 · 누적 1,304,886건
[202107~ 전남] 전체 12,388건 중 학교 11,271건 · 누적 1,316,157건
[202107~ 경북] 전체 14,753건 중 학교 13,755건 · 누적 1,329,912건
[202107~ 경남] 전체 14,335건 중 학교 12,999건 · 누적 1,342,911건
[202107~ 제주] 전체 1,228건 중 학교 1,203건 · 누적 1,344,114건
[202110~ 서울] 전체 41,239건 중 학교 37,668건 · 누적 1,381,782건
[202110~ 부산] 전체 37,790건 중 학교 34,619건 · 누적 1,416,401건
[202110~ 대구] 전체 17,118건 중 학교 15,864건 · 누적 1,432,265건
[202110~ 인천] 전체 14,428건 중 학교 13,654건 · 누적 1,445,919건
[202110~ 광주] 전체 6,271건 중 학교 5,747건 · 누적 1,451,666건
[202110~ 대전] 전체 9,425건 중 학교 9,076건 · 누적 1,460,742건
[202110~ 울산] 전체 10,077건 중 학교 9,449건 · 누적 1,470,191건
[202110~ 세종] 전체 6,539건 중 학교 5,004건 · 누적 1,475,195건
[202110~ 경기] 전체 36,710건 중 학교 33,840건 · 누적 1,509,035건
[202110~ 강원] 전체 27,143건 중 학교 25,253건 · 누적 1,534,288건
[202110~ 충북] 전체 16,300건 중 학교 14,630건 · 누적 1,548,918건
[202110~ 충남] 전체 21,301건 중 학교 19,833건 · 누적 1,568,751건
[202110~ 전북] 전체 15,324건 중 학교 14,003건 · 누적 1,582,754건
[202110~ 전남] 전체 22,725건 중 학교 20,569건 · 누적 1,603,323건
[202110~ 경북] 전체 30,574건 중 학교 28,475건 · 누적 1,631,798건
[202110~ 경남] 전체 22,215건 중 학교 20,395건 · 누적 1,652,193건
[202110~ 제주] 전체 2,372건 중 학교 2,327건 · 누적 1,654,520건
[202201~ 서울] 전체 29,569건 중 학교 27,421건 · 누적 1,681,941건
[202201~ 부산] 전체 33,333건 중 학교 30,797건 · 누적 1,712,738건
[202201~ 대구] 전체 9,020건 중 학교 8,363건 · 누적 1,721,101건
[202201~ 인천] 전체 9,223건 중 학교 8,807건 · 누적 1,729,908건
[202201~ 광주] 전체 4,891건 중 학교 4,615건 · 누적 1,734,523건
[202201~ 대전] 전체 5,003건 중 학교 4,760건 · 누적 1,739,283건
[202201~ 울산] 전체 6,207건 중 학교 5,771건 · 누적 1,745,054건
[202201~ 세종] 전체 3,646건 중 학교 2,663건 · 누적 1,747,717건
[202201~ 경기] 전체 22,934건 중 학교 21,181건 · 누적 1,768,898건
[202201~ 강원] 전체 12,069건 중 학교 11,124건 · 누적 1,780,022건
[202201~ 충북] 전체 9,243건 중 학교 8,349건 · 누적 1,788,371건
[202201~ 충남] 전체 9,678건 중 학교 8,904건 · 누적 1,797,275건
[202201~ 전북] 전체 9,126건 중 학교 8,388건 · 누적 1,805,663건
[202201~ 전남] 전체 13,101건 중 학교 12,263건 · 누적 1,817,926건
[202201~ 경북] 전체 15,222건 중 학교 14,201건 · 누적 1,832,127건
[202201~ 경남] 전체 18,627건 중 학교 17,101건 · 누적 1,849,228건
[202201~ 제주] 전체 1,129건 중 학교 1,104건 · 누적 1,850,332건
[202204~ 서울] 전체 28,005건 중 학교 25,938건 · 누적 1,876,270건
[202204~ 부산] 전체 29,718건 중 학교 26,958건 · 누적 1,903,228건
[202204~ 대구] 전체 9,657건 중 학교 9,046건 · 누적 1,912,274건
[202204~ 인천] 전체 9,580건 중 학교 9,141건 · 누적 1,921,415건
[202204~ 광주] 전체 4,542건 중 학교 4,184건 · 누적 1,925,599건
[202204~ 대전] 전체 5,440건 중 학교 5,137건 · 누적 1,930,736건
[202204~ 울산] 전체 6,732건 중 학교 6,131건 · 누적 1,936,867건
[202204~ 세종] 전체 4,290건 중 학교 3,162건 · 누적 1,940,029건
[202204~ 경기] 전체 25,548건 중 학교 22,738건 · 누적 1,962,767건
[202204~ 강원] 전체 10,376건 중 학교 9,458건 · 누적 1,972,225건
[202204~ 충북] 전체 10,100건 중 학교 9,185건 · 누적 1,981,410건
[202204~ 충남] 전체 11,981건 중 학교 11,146건 · 누적 1,992,556건
[202204~ 전북] 전체 9,580건 중 학교 8,544건 · 누적 2,001,100건
[202204~ 전남] 전체 18,583건 중 학교 17,276건 · 누적 2,018,376건
[202204~ 경북] 전체 19,548건 중 학교 18,307건 · 누적 2,036,683건
[202204~ 경남] 전체 17,726건 중 학교 16,217건 · 누적 2,052,900건
[202204~ 제주] 전체 1,715건 중 학교 1,667건 · 누적 2,054,567건
[202207~ 서울] 전체 21,925건 중 학교 20,167건 · 누적 2,074,734건
[202207~ 부산] 전체 21,007건 중 학교 18,796건 · 누적 2,093,530건
[202207~ 대구] 전체 7,693건 중 학교 7,118건 · 누적 2,100,648건
[202207~ 인천] 전체 6,866건 중 학교 6,568건 · 누적 2,107,216건
[202207~ 광주] 전체 3,972건 중 학교 3,628건 · 누적 2,110,844건
[202207~ 대전] 전체 4,194건 중 학교 4,032건 · 누적 2,114,876건
[202207~ 울산] 전체 4,788건 중 학교 4,385건 · 누적 2,119,261건
[202207~ 세종] 전체 3,830건 중 학교 2,918건 · 누적 2,122,179건
[202207~ 경기] 전체 19,974건 중 학교 17,547건 · 누적 2,139,726건
[202207~ 강원] 전체 9,566건 중 학교 8,753건 · 누적 2,148,479건
[202207~ 충북] 전체 7,852건 중 학교 7,087건 · 누적 2,155,566건
[202207~ 충남] 전체 9,653건 중 학교 8,844건 · 누적 2,164,410건
[202207~ 전북] 전체 8,245건 중 학교 7,462건 · 누적 2,171,872건
[202207~ 전남] 전체 15,084건 중 학교 13,871건 · 누적 2,185,743건
[202207~ 경북] 전체 17,345건 중 학교 16,132건 · 누적 2,201,875건
[202207~ 경남] 전체 14,554건 중 학교 13,239건 · 누적 2,215,114건
[202207~ 제주] 전체 1,457건 중 학교 1,407건 · 누적 2,216,521건
[202210~ 서울] 전체 34,313건 중 학교 31,761건 · 누적 2,248,282건
[202210~ 부산] 전체 36,648건 중 학교 32,934건 · 누적 2,281,216건
[202210~ 대구] 전체 14,087건 중 학교 13,120건 · 누적 2,294,336건
[202210~ 인천] 전체 10,734건 중 학교 10,172건 · 누적 2,304,508건
[202210~ 광주] 전체 5,359건 중 학교 4,816건 · 누적 2,309,324건
[202210~ 대전] 전체 6,884건 중 학교 6,663건 · 누적 2,315,987건
[202210~ 울산] 전체 7,539건 중 학교 6,932건 · 누적 2,322,919건
[202210~ 세종] 전체 6,033건 중 학교 4,580건 · 누적 2,327,499건
[202210~ 경기] 전체 31,867건 중 학교 28,867건 · 누적 2,356,366건
[202210~ 강원] 전체 17,499건 중 학교 15,681건 · 누적 2,372,047건
[202210~ 충북] 전체 14,366건 중 학교 12,647건 · 누적 2,384,694건
[202210~ 충남] 전체 19,176건 중 학교 17,808건 · 누적 2,402,502건
[202210~ 전북] 전체 14,085건 중 학교 12,530건 · 누적 2,415,032건
[202210~ 전남] 전체 23,226건 중 학교 21,052건 · 누적 2,436,084건
[202210~ 경북] 전체 28,755건 중 학교 26,528건 · 누적 2,462,612건
[202210~ 경남] 전체 19,647건 중 학교 17,544건 · 누적 2,480,156건
[202210~ 제주] 전체 2,668건 중 학교 2,562건 · 누적 2,482,718건

완료 — 전체 2,712,857건 중 학교 계약 2,482,718건 → s2b_all.csv
◀ 끝 (20:04)
▶ collect_dje.py --office 대전 --years 2020,2021,2022 (20:04)
[대전] https://www.dje.go.kr/clean/contract/InfoList04.do?m=0601&s=contractInfo
검색어 19종 × 회계연도 3개 = 57조합

완료 — 요청 0회, 학교 계약 0건 → dje_candidates.csv
◀ 끝 (20:04)
./run_2020.sh:28: parse error near `;;'
