조합 255개(창 15 × 시도 17) 중 남은 255개 · 요청 간격 180초
[202301~ 서울] 전체 26,391건 중 학교 24,025건 · 누적 24,025건
[202301~ 부산] 전체 33,480건 중 학교 30,751건 · 누적 54,776건
[202301~ 대구] 전체 8,668건 중 학교 8,000건 · 누적 62,776건
[202301~ 인천] 전체 7,666건 중 학교 7,167건 · 누적 69,943건
[202301~ 광주] 전체 5,111건 중 학교 4,713건 · 누적 74,656건
[202301~ 대전] 전체 4,270건 중 학교 4,138건 · 누적 78,794건
[202301~ 울산] 전체 5,047건 중 학교 4,624건 · 누적 83,418건
[202301~ 세종] 전체 3,978건 중 학교 3,027건 · 누적 86,445건
[202301~ 경기] 전체 22,985건 중 학교 21,101건 · 누적 107,546건
[202301~ 강원] 전체 11,895건 중 학교 10,962건 · 누적 118,508건
[202301~ 충북] 전체 9,449건 중 학교 8,494건 · 누적 127,002건
[202301~ 충남] 전체 12,661건 중 학교 11,767건 · 누적 138,769건
[202301~ 전북] 전체 10,906건 중 학교 9,910건 · 누적 148,679건
[202301~ 전남] 전체 13,732건 중 학교 12,691건 · 누적 161,370건
[202301~ 경북] 전체 16,042건 중 학교 14,888건 · 누적 176,258건
[202301~ 경남] 전체 18,151건 중 학교 16,724건 · 누적 192,982건
[202301~ 제주] 전체 1,237건 중 학교 1,188건 · 누적 194,170건
[202304~ 서울] 전체 23,291건 중 학교 21,642건 · 누적 215,812건
[202304~ 부산] 전체 30,268건 중 학교 27,567건 · 누적 243,379건
[202304~ 대구] 전체 10,108건 중 학교 9,439건 · 누적 252,818건
[202304~ 인천] 전체 8,323건 중 학교 8,037건 · 누적 260,855건
[202304~ 광주] 전체 4,901건 중 학교 4,528건 · 누적 265,383건
[202304~ 대전] 전체 4,841건 중 학교 4,610건 · 누적 269,993건
[202304~ 울산] 전체 4,726건 중 학교 4,375건 · 누적 274,368건
[202304~ 세종] 전체 4,295건 중 학교 3,306건 · 누적 277,674건
[202304~ 경기] 전체 23,599건 중 학교 21,373건 · 누적 299,047건
[202304~ 강원] 전체 10,981건 중 학교 9,959건 · 누적 309,006건
[202304~ 충북] 전체 10,295건 중 학교 9,175건 · 누적 318,181건
[202304~ 충남] 전체 12,242건 중 학교 11,421건 · 누적 329,602건
[202304~ 전북] 전체 11,871건 중 학교 10,793건 · 누적 340,395건
[202304~ 전남] 전체 21,675건 중 학교 20,039건 · 누적 360,434건
[202304~ 경북] 전체 19,168건 중 학교 17,915건 · 누적 378,349건
[202304~ 경남] 전체 16,732건 중 학교 15,372건 · 누적 393,721건
[202304~ 제주] 전체 1,881건 중 학교 1,810건 · 누적 395,531건
[202307~ 서울] 전체 20,223건 중 학교 18,962건 · 누적 414,493건
[202307~ 부산] 전체 22,061건 중 학교 19,898건 · 누적 434,391건
[202307~ 대구] 전체 8,311건 중 학교 7,596건 · 누적 441,987건
[202307~ 인천] 전체 7,339건 중 학교 7,023건 · 누적 449,010건
[202307~ 광주] 전체 4,409건 중 학교 4,022건 · 누적 453,032건
[202307~ 대전] 전체 3,656건 중 학교 3,555건 · 누적 456,587건
[202307~ 울산] 전체 3,560건 중 학교 3,283건 · 누적 459,870건
[202307~ 세종] 전체 3,708건 중 학교 2,947건 · 누적 462,817건
[202307~ 경기] 전체 19,782건 중 학교 17,922건 · 누적 480,739건
[202307~ 강원] 전체 10,785건 중 학교 9,737건 · 누적 490,476건
[202307~ 충북] 전체 9,266건 중 학교 8,332건 · 누적 498,808건
[202307~ 충남] 전체 10,828건 중 학교 9,804건 · 누적 508,612건
[202307~ 전북] 전체 9,689건 중 학교 8,705건 · 누적 517,317건
[202307~ 전남] 전체 16,066건 중 학교 14,221건 · 누적 531,538건
[202307~ 경북] 전체 15,019건 중 학교 13,880건 · 누적 545,418건
[202307~ 경남] 전체 14,100건 중 학교 12,798건 · 누적 558,216건
[202307~ 제주] 전체 1,401건 중 학교 1,347건 · 누적 559,563건
[202310~ 서울] 전체 26,062건 중 학교 24,050건 · 누적 583,613건
[202310~ 부산] 전체 33,992건 중 학교 30,477건 · 누적 614,090건
[202310~ 대구] 전체 12,825건 중 학교 11,894건 · 누적 625,984건
[202310~ 인천] 전체 10,273건 중 학교 9,855건 · 누적 635,839건
[202310~ 광주] 전체 5,542건 중 학교 5,003건 · 누적 640,842건
[202310~ 대전] 전체 5,577건 중 학교 5,397건 · 누적 646,239건
[202310~ 울산] 전체 5,232건 중 학교 4,964건 · 누적 651,203건
[202310~ 세종] 전체 4,888건 중 학교 3,852건 · 누적 655,055건
[202310~ 경기] 전체 29,141건 중 학교 26,414건 · 누적 681,469건
[202310~ 강원] 전체 14,377건 중 학교 12,976건 · 누적 694,445건
[202310~ 충북] 전체 13,238건 중 학교 11,637건 · 누적 706,082건
[202310~ 충남] 전체 15,790건 중 학교 14,572건 · 누적 720,654건
[202310~ 전북] 전체 14,448건 중 학교 12,624건 · 누적 733,278건
[202310~ 전남] 전체 21,485건 중 학교 18,896건 · 누적 752,174건
[202310~ 경북] 전체 19,934건 중 학교 18,795건 · 누적 770,969건
[202310~ 경남] 전체 18,579건 중 학교 16,682건 · 누적 787,651건
[202310~ 제주] 전체 2,081건 중 학교 1,996건 · 누적 789,647건
[202401~ 서울] 전체 22,705건 중 학교 21,159건 · 누적 810,806건
[202401~ 부산] 전체 34,029건 중 학교 31,269건 · 누적 842,075건
[202401~ 대구] 전체 7,609건 중 학교 6,976건 · 누적 849,051건
[202401~ 인천] 전체 7,560건 중 학교 7,291건 · 누적 856,342건
[202401~ 광주] 전체 4,865건 중 학교 4,478건 · 누적 860,820건
[202401~ 대전] 전체 4,214건 중 학교 4,084건 · 누적 864,904건
[202401~ 울산] 전체 4,554건 중 학교 4,285건 · 누적 869,189건
[202401~ 세종] 전체 3,419건 중 학교 2,608건 · 누적 871,797건
[202401~ 경기] 전체 23,897건 중 학교 22,012건 · 누적 893,809건
[202401~ 강원] 전체 13,341건 중 학교 12,181건 · 누적 905,990건
[202401~ 충북] 전체 9,361건 중 학교 8,464건 · 누적 914,454건
[202401~ 충남] 전체 10,592건 중 학교 9,704건 · 누적 924,158건
[202401~ 전북] 전체 11,002건 중 학교 9,825건 · 누적 933,983건
[202401~ 전남] 전체 15,607건 중 학교 14,290건 · 누적 948,273건
[202401~ 경북] 전체 15,072건 중 학교 13,878건 · 누적 962,151건
[202401~ 경남] 전체 19,223건 중 학교 17,657건 · 누적 979,808건
[202401~ 제주] 전체 1,439건 중 학교 1,349건 · 누적 981,157건
[202404~ 서울] 전체 21,672건 중 학교 19,797건 · 누적 1,000,954건
[202404~ 부산] 전체 27,950건 중 학교 25,403건 · 누적 1,026,357건
[202404~ 대구] 전체 9,236건 중 학교 8,546건 · 누적 1,034,903건
[202404~ 인천] 전체 7,573건 중 학교 7,269건 · 누적 1,042,172건
[202404~ 광주] 전체 5,084건 중 학교 4,704건 · 누적 1,046,876건
[202404~ 대전] 전체 4,847건 중 학교 4,641건 · 누적 1,051,517건
[202404~ 울산] 전체 4,674건 중 학교 4,323건 · 누적 1,055,840건
[202404~ 세종] 전체 3,825건 중 학교 2,933건 · 누적 1,058,773건
[202404~ 경기] 전체 22,867건 중 학교 20,968건 · 누적 1,079,741건
[202404~ 강원] 전체 11,780건 중 학교 10,476건 · 누적 1,090,217건
[202404~ 충북] 전체 9,170건 중 학교 8,070건 · 누적 1,098,287건
[202404~ 충남] 전체 11,064건 중 학교 10,123건 · 누적 1,108,410건
[202404~ 전북] 전체 12,101건 중 학교 10,663건 · 누적 1,119,073건
[202404~ 전남] 전체 23,635건 중 학교 21,487건 · 누적 1,140,560건
[202404~ 경북] 전체 16,953건 중 학교 15,755건 · 누적 1,156,315건
[202404~ 경남] 전체 16,281건 중 학교 14,819건 · 누적 1,171,134건
[202404~ 제주] 전체 2,424건 중 학교 2,289건 · 누적 1,173,423건
[202407~ 서울] 전체 19,110건 중 학교 17,463건 · 누적 1,190,886건
[202407~ 부산] 전체 21,242건 중 학교 19,094건 · 누적 1,209,980건
[202407~ 대구] 전체 8,668건 중 학교 7,969건 · 누적 1,217,949건
[202407~ 인천] 전체 7,052건 중 학교 6,748건 · 누적 1,224,697건
[202407~ 광주] 전체 4,226건 중 학교 3,846건 · 누적 1,228,543건
[202407~ 대전] 전체 3,987건 중 학교 3,841건 · 누적 1,232,384건
[202407~ 울산] 전체 4,220건 중 학교 3,878건 · 누적 1,236,262건
[202407~ 세종] 전체 3,161건 중 학교 2,428건 · 누적 1,238,690건
[202407~ 경기] 전체 21,061건 중 학교 19,174건 · 누적 1,257,864건
[202407~ 강원] 전체 10,937건 중 학교 9,556건 · 누적 1,267,420건
[202407~ 충북] 전체 8,231건 중 학교 7,344건 · 누적 1,274,764건
[202407~ 충남] 전체 9,228건 중 학교 8,386건 · 누적 1,283,150건
[202407~ 전북] 전체 11,112건 중 학교 9,727건 · 누적 1,292,877건
[202407~ 전남] 전체 16,984건 중 학교 15,057건 · 누적 1,307,934건
[202407~ 경북] 전체 13,946건 중 학교 12,968건 · 누적 1,320,902건
[202407~ 경남] 전체 13,899건 중 학교 12,655건 · 누적 1,333,557건
[202407~ 제주] 전체 2,077건 중 학교 2,014건 · 누적 1,335,571건
[202410~ 서울] 전체 24,730건 중 학교 22,766건 · 누적 1,358,337건
[202410~ 부산] 전체 31,013건 중 학교 27,765건 · 누적 1,386,102건
[202410~ 대구] 전체 12,049건 중 학교 11,019건 · 누적 1,397,121건
[202410~ 인천] 전체 9,340건 중 학교 8,915건 · 누적 1,406,036건
[202410~ 광주] 전체 4,928건 중 학교 4,541건 · 누적 1,410,577건
[202410~ 대전] 전체 5,310건 중 학교 5,074건 · 누적 1,415,651건
[202410~ 울산] 전체 5,564건 중 학교 5,268건 · 누적 1,420,919건
[202410~ 세종] 전체 4,437건 중 학교 3,295건 · 누적 1,424,214건
[202410~ 경기] 전체 28,289건 중 학교 25,360건 · 누적 1,449,574건
[202410~ 강원] 전체 14,245건 중 학교 12,488건 · 누적 1,462,062건
[202410~ 충북] 전체 12,250건 중 학교 10,692건 · 누적 1,472,754건
[202410~ 충남] 전체 12,925건 중 학교 11,639건 · 누적 1,484,393건
[202410~ 전북] 전체 15,003건 중 학교 13,070건 · 누적 1,497,463건
[202410~ 전남] 전체 21,531건 중 학교 18,766건 · 누적 1,516,229건
[202410~ 경북] 전체 18,518건 중 학교 17,125건 · 누적 1,533,354건
[202410~ 경남] 전체 17,516건 중 학교 15,750건 · 누적 1,549,104건
[202410~ 제주] 전체 3,120건 중 학교 3,043건 · 누적 1,552,147건
[202501~ 서울] 전체 22,096건 중 학교 20,776건 · 누적 1,572,923건
[202501~ 부산] 전체 31,791건 중 학교 28,982건 · 누적 1,601,905건
[202501~ 대구] 전체 8,018건 중 학교 7,390건 · 누적 1,609,295건
[202501~ 인천] 전체 7,651건 중 학교 7,325건 · 누적 1,616,620건
[202501~ 광주] 전체 4,678건 중 학교 4,359건 · 누적 1,620,979건
[202501~ 대전] 전체 4,052건 중 학교 3,885건 · 누적 1,624,864건
[202501~ 울산] 전체 4,416건 중 학교 4,187건 · 누적 1,629,051건
[202501~ 세종] 전체 3,675건 중 학교 2,743건 · 누적 1,631,794건
[202501~ 경기] 전체 21,735건 중 학교 20,073건 · 누적 1,651,867건
[202501~ 강원] 전체 13,728건 중 학교 12,329건 · 누적 1,664,196건
[202501~ 충북] 전체 8,747건 중 학교 7,947건 · 누적 1,672,143건
[202501~ 충남] 전체 9,907건 중 학교 9,089건 · 누적 1,681,232건
[202501~ 전북] 전체 12,149건 중 학교 10,826건 · 누적 1,692,058건
[202501~ 전남] 전체 15,478건 중 학교 14,068건 · 누적 1,706,126건
[202501~ 경북] 전체 13,239건 중 학교 12,353건 · 누적 1,718,479건
[202501~ 경남] 전체 17,965건 중 학교 16,640건 · 누적 1,735,119건
[202501~ 제주] 전체 1,811건 중 학교 1,685건 · 누적 1,736,804건
[202504~ 서울] 전체 18,960건 중 학교 17,684건 · 누적 1,754,488건
[202504~ 부산] 전체 24,535건 중 학교 22,168건 · 누적 1,776,656건
[202504~ 대구] 전체 9,464건 중 학교 8,650건 · 누적 1,785,306건
[202504~ 인천] 전체 7,168건 중 학교 6,849건 · 누적 1,792,155건
[202504~ 광주] 전체 4,456건 중 학교 4,158건 · 누적 1,796,313건
[202504~ 대전] 전체 4,120건 중 학교 3,987건 · 누적 1,800,300건
[202504~ 울산] 전체 4,378건 중 학교 4,139건 · 누적 1,804,439건
[202504~ 세종] 전체 3,482건 중 학교 2,702건 · 누적 1,807,141건
[202504~ 경기] 전체 23,021건 중 학교 21,345건 · 누적 1,828,486건
[202504~ 강원] 전체 12,149건 중 학교 10,741건 · 누적 1,839,227건
[202504~ 충북] 전체 9,644건 중 학교 8,660건 · 누적 1,847,887건
[202504~ 충남] 전체 10,113건 중 학교 9,267건 · 누적 1,857,154건
[202504~ 전북] 전체 13,424건 중 학교 11,788건 · 누적 1,868,942건
[202504~ 전남] 전체 22,966건 중 학교 20,869건 · 누적 1,889,811건
[202504~ 경북] 전체 17,269건 중 학교 16,240건 · 누적 1,906,051건
[202504~ 경남] 전체 14,363건 중 학교 13,238건 · 누적 1,919,289건
[202504~ 제주] 전체 3,207건 중 학교 3,058건 · 누적 1,922,347건
[202507~ 서울] 전체 17,485건 중 학교 15,994건 · 누적 1,938,341건
[202507~ 부산] 전체 20,030건 중 학교 18,079건 · 누적 1,956,420건
[202507~ 대구] 전체 8,873건 중 학교 7,984건 · 누적 1,964,404건
[202507~ 인천] 전체 6,391건 중 학교 6,059건 · 누적 1,970,463건
[202507~ 광주] 전체 3,926건 중 학교 3,637건 · 누적 1,974,100건
[202507~ 대전] 전체 3,514건 중 학교 3,383건 · 누적 1,977,483건
[202507~ 울산] 전체 3,526건 중 학교 3,279건 · 누적 1,980,762건
[202507~ 세종] 전체 3,030건 중 학교 2,426건 · 누적 1,983,188건
[202507~ 경기] 전체 19,791건 중 학교 18,409건 · 누적 2,001,597건
[202507~ 강원] 전체 11,991건 중 학교 10,618건 · 누적 2,012,215건
[202507~ 충북] 전체 9,026건 중 학교 8,051건 · 누적 2,020,266건
[202507~ 충남] 전체 8,747건 중 학교 7,813건 · 누적 2,028,079건
[202507~ 전북] 전체 13,099건 중 학교 11,427건 · 누적 2,039,506건
[202507~ 전남] 전체 16,974건 중 학교 15,026건 · 누적 2,054,532건
[202507~ 경북] 전체 14,358건 중 학교 13,240건 · 누적 2,067,772건
[202507~ 경남] 전체 14,087건 중 학교 12,949건 · 누적 2,080,721건
[202507~ 제주] 전체 2,494건 중 학교 2,394건 · 누적 2,083,115건
[202510~ 서울] 전체 22,042건 중 학교 20,322건 · 누적 2,103,437건
[202510~ 부산] 전체 26,539건 중 학교 23,546건 · 누적 2,126,983건
[202510~ 대구] 전체 11,568건 중 학교 10,346건 · 누적 2,137,329건
[202510~ 인천] 전체 7,483건 중 학교 7,090건 · 누적 2,144,419건
[202510~ 광주] 전체 4,833건 중 학교 4,366건 · 누적 2,148,785건
[202510~ 대전] 전체 4,767건 중 학교 4,544건 · 누적 2,153,329건
[202510~ 울산] 전체 5,079건 중 학교 4,758건 · 누적 2,158,087건
[202510~ 세종] 전체 3,812건 중 학교 2,877건 · 누적 2,160,964건
[202510~ 경기] 전체 25,180건 중 학교 22,974건 · 누적 2,183,938건
[202510~ 강원] 전체 14,126건 중 학교 12,102건 · 누적 2,196,040건
[202510~ 충북] 전체 12,870건 중 학교 11,008건 · 누적 2,207,048건
[202510~ 충남] 전체 11,769건 중 학교 10,671건 · 누적 2,217,719건
[202510~ 전북] 전체 18,839건 중 학교 15,545건 · 누적 2,233,264건
[202510~ 전남] 전체 21,085건 중 학교 18,263건 · 누적 2,251,527건
[202510~ 경북] 전체 17,508건 중 학교 16,010건 · 누적 2,267,537건
[202510~ 경남] 전체 19,796건 중 학교 17,169건 · 누적 2,284,706건
[202510~ 제주] 전체 3,418건 중 학교 3,294건 · 누적 2,288,000건
[202601~ 서울] 전체 21,962건 중 학교 20,385건 · 누적 2,308,385건
[202601~ 부산] 전체 31,089건 중 학교 28,341건 · 누적 2,336,726건
[202601~ 대구] 전체 7,921건 중 학교 7,298건 · 누적 2,344,024건
[202601~ 인천] 전체 6,507건 중 학교 6,213건 · 누적 2,350,237건
[202601~ 광주] 전체 4,879건 중 학교 4,534건 · 누적 2,354,771건
[202601~ 대전] 전체 5,513건 중 학교 5,283건 · 누적 2,360,054건
[202601~ 울산] 전체 4,923건 중 학교 4,626건 · 누적 2,364,680건
[202601~ 세종] 전체 3,830건 중 학교 2,718건 · 누적 2,367,398건
[202601~ 경기] 전체 19,656건 중 학교 18,340건 · 누적 2,385,738건
[202601~ 강원] 전체 15,019건 중 학교 13,471건 · 누적 2,399,209건
[202601~ 충북] 전체 13,045건 중 학교 11,746건 · 누적 2,410,955건
[202601~ 충남] 전체 9,342건 중 학교 8,488건 · 누적 2,419,443건
[202601~ 전북] 전체 23,193건 중 학교 20,623건 · 누적 2,440,066건
[202601~ 전남] 전체 14,916건 중 학교 13,334건 · 누적 2,453,400건
[202601~ 경북] 전체 13,404건 중 학교 12,504건 · 누적 2,465,904건
[202601~ 경남] 전체 27,088건 중 학교 25,099건 · 누적 2,491,003건
[202601~ 제주] 전체 1,666건 중 학교 1,558건 · 누적 2,492,561건
[202604~ 서울] 전체 18,915건 중 학교 17,466건 · 누적 2,510,027건
[202604~ 부산] 전체 25,646건 중 학교 23,271건 · 누적 2,533,298건
[202604~ 대구] 전체 8,344건 중 학교 7,696건 · 누적 2,540,994건
[202604~ 인천] 전체 6,102건 중 학교 5,819건 · 누적 2,546,813건
[202604~ 광주] 전체 4,837건 중 학교 4,539건 · 누적 2,551,352건
[202604~ 대전] 전체 3,906건 중 학교 3,757건 · 누적 2,555,109건
[202604~ 울산] 전체 4,555건 중 학교 4,230건 · 누적 2,559,339건
[202604~ 세종] 전체 3,444건 중 학교 2,660건 · 누적 2,561,999건
[202604~ 경기] 전체 24,226건 중 학교 22,858건 · 누적 2,584,857건
[202604~ 강원] 전체 14,141건 중 학교 12,519건 · 누적 2,597,376건
[202604~ 충북] 전체 10,836건 중 학교 9,651건 · 누적 2,607,027건
[202604~ 충남] 전체 10,788건 중 학교 9,730건 · 누적 2,616,757건
[202604~ 전북] 전체 16,011건 중 학교 13,821건 · 누적 2,630,578건
[202604~ 전남] 전체 20,588건 중 학교 18,794건 · 누적 2,649,372건
[202604~ 경북] 전체 14,508건 중 학교 13,347건 · 누적 2,662,719건
[202604~ 경남] 전체 16,819건 중 학교 15,206건 · 누적 2,677,925건
[202604~ 제주] 전체 2,702건 중 학교 2,567건 · 누적 2,680,492건
[202607~ 서울] 전체 6,187건 중 학교 5,711건 · 누적 2,686,203건
[202607~ 부산] 전체 7,886건 중 학교 7,132건 · 누적 2,693,335건
[202607~ 대구] 전체 2,530건 중 학교 2,254건 · 누적 2,695,589건
[202607~ 인천] 전체 1,711건 중 학교 1,621건 · 누적 2,697,210건
[202607~ 광주] 전체 1,781건 중 학교 1,645건 · 누적 2,698,855건
[202607~ 대전] 전체 1,250건 중 학교 1,197건 · 누적 2,700,052건
[202607~ 울산] 전체 1,555건 중 학교 1,432건 · 누적 2,701,484건
[202607~ 세종] 전체 1,189건 중 학교 826건 · 누적 2,702,310건
[202607~ 경기] 전체 6,648건 중 학교 6,078건 · 누적 2,708,388건
[202607~ 강원] 전체 4,667건 중 학교 4,087건 · 누적 2,712,475건
[202607~ 충북] 전체 3,571건 중 학교 3,072건 · 누적 2,715,547건
[202607~ 충남] 전체 2,765건 중 학교 2,396건 · 누적 2,717,943건
[202607~ 전북] 전체 4,759건 중 학교 4,025건 · 누적 2,721,968건
[202607~ 전남] 전체 5,234건 중 학교 4,477건 · 누적 2,726,445건
[202607~ 경북] 전체 4,010건 중 학교 3,620건 · 누적 2,730,065건
[202607~ 경남] 전체 5,767건 중 학교 5,145건 · 누적 2,735,210건
[202607~ 제주] 전체 634건 중 학교 597건 · 누적 2,735,807건

완료 — 전체 3,008,443건 중 학교 계약 2,735,807건 → s2b_all.csv
