기간을 넓혀 다시 받는다 (20200101~) — 학교 1,010곳 초기화
  [001] 목록 20쪽 · 학교 게시물 누적 938건
  [001] 목록 40쪽 · 학교 게시물 누적 1,883건
  [001] 목록 60쪽 · 학교 게시물 누적 2,861건
  [001] 목록 80쪽 · 학교 게시물 누적 3,819건
  [001] 목록 100쪽 · 학교 게시물 누적 4,759건
  [001] 목록 120쪽 · 학교 게시물 누적 5,293건
  [001] 목록 140쪽 · 학교 게시물 누적 5,293건
  [001] 목록 160쪽 · 학교 게시물 누적 5,293건
  [001] 목록 180쪽 · 학교 게시물 누적 5,293건
  [001] 목록 200쪽 · 학교 게시물 누적 5,293건
  [001] 목록 210쪽까지 · 누적 5,293건
  [002] 목록 20쪽 · 학교 게시물 누적 6,382건
  [002] 목록 40쪽 · 학교 게시물 누적 7,524건
  [002] 목록 60쪽 · 학교 게시물 누적 8,684건
  [002] 목록 80쪽 · 학교 게시물 누적 9,819건
  [002] 목록 100쪽 · 학교 게시물 누적 10,956건
  [002] 목록 120쪽 · 학교 게시물 누적 12,119건
  [002] 목록 140쪽 · 학교 게시물 누적 12,908건
  [002] 목록 160쪽 · 학교 게시물 누적 12,908건
  [002] 목록 180쪽 · 학교 게시물 누적 12,908건
  [002] 목록 200쪽 · 학교 게시물 누적 12,908건
  [002] 목록 220쪽 · 학교 게시물 누적 12,908건
  [002] 목록 240쪽 · 학교 게시물 누적 12,908건
  [002] 목록 251쪽까지 · 누적 12,908건
  [003] 목록 20쪽 · 학교 게시물 누적 13,852건
  재시도(<urlopen error [Errno 60] Operation timed out>) → 5초
  [003] 목록 40쪽 · 학교 게시물 누적 14,796건
  [003] 목록 60쪽 · 학교 게시물 누적 15,794건
  [003] 목록 80쪽 · 학교 게시물 누적 16,802건
  [003] 목록 100쪽 · 학교 게시물 누적 17,746건
  [003] 목록 120쪽 · 학교 게시물 누적 18,748건
  [003] 목록 140쪽 · 학교 게시물 누적 19,746건
  [003] 목록 160쪽 · 학교 게시물 누적 20,749건
  [003] 목록 180쪽 · 학교 게시물 누적 21,714건
  [003] 목록 200쪽 · 학교 게시물 누적 22,158건
  [003] 목록 220쪽 · 학교 게시물 누적 22,158건
  [003] 목록 240쪽 · 학교 게시물 누적 22,158건
  [003] 목록 260쪽 · 학교 게시물 누적 22,158건
  [003] 목록 280쪽 · 학교 게시물 누적 22,158건
  [003] 목록 300쪽 · 학교 게시물 누적 22,158건
  [003] 목록 320쪽 · 학교 게시물 누적 22,158건
  [003] 목록 340쪽 · 학교 게시물 누적 22,158건
  [003] 목록 345쪽까지 · 누적 22,158건
  [004] 목록 20쪽 · 학교 게시물 누적 23,130건
  [004] 목록 40쪽 · 학교 게시물 누적 24,182건
  [004] 목록 60쪽 · 학교 게시물 누적 25,182건
  [004] 목록 80쪽 · 학교 게시물 누적 26,206건
  [004] 목록 100쪽 · 학교 게시물 누적 27,234건
  [004] 목록 120쪽 · 학교 게시물 누적 28,234건
  [004] 목록 140쪽 · 학교 게시물 누적 29,286건
  [004] 목록 160쪽 · 학교 게시물 누적 30,305건
  [004] 목록 180쪽 · 학교 게시물 누적 30,690건
  [004] 목록 200쪽 · 학교 게시물 누적 30,690건
  [004] 목록 220쪽 · 학교 게시물 누적 30,690건
  [004] 목록 240쪽 · 학교 게시물 누적 30,690건
  [004] 목록 260쪽 · 학교 게시물 누적 30,690건
  [004] 목록 280쪽 · 학교 게시물 누적 30,690건
  [004] 목록 300쪽 · 학교 게시물 누적 30,690건
  [004] 목록 306쪽까지 · 누적 30,690건
  [005] 목록 20쪽 · 학교 게시물 누적 31,661건
  [005] 목록 40쪽 · 학교 게시물 누적 32,723건
  [005] 목록 60쪽 · 학교 게시물 누적 33,704건
  [005] 목록 80쪽 · 학교 게시물 누적 34,756건
  [005] 목록 100쪽 · 학교 게시물 누적 35,747건
  [005] 목록 120쪽 · 학교 게시물 누적 36,759건
  [005] 목록 140쪽 · 학교 게시물 누적 37,799건
  [005] 목록 160쪽 · 학교 게시물 누적 38,839건
  [005] 목록 180쪽 · 학교 게시물 누적 39,026건
  [005] 목록 200쪽 · 학교 게시물 누적 39,026건
  [005] 목록 220쪽 · 학교 게시물 누적 39,026건
  [005] 목록 240쪽 · 학교 게시물 누적 39,026건
  [005] 목록 260쪽 · 학교 게시물 누적 39,026건
  [005] 목록 280쪽 · 학교 게시물 누적 39,026건
  [005] 목록 295쪽까지 · 누적 39,026건
  [006] 목록 20쪽 · 학교 게시물 누적 39,973건
  [006] 목록 40쪽 · 학교 게시물 누적 40,920건
  [006] 목록 60쪽 · 학교 게시물 누적 41,867건
  [006] 목록 80쪽 · 학교 게시물 누적 42,820건
  [006] 목록 100쪽 · 학교 게시물 누적 43,826건
  [006] 목록 120쪽 · 학교 게시물 누적 44,822건
  [006] 목록 140쪽 · 학교 게시물 누적 44,848건
  [006] 목록 160쪽 · 학교 게시물 누적 44,848건
  [006] 목록 180쪽 · 학교 게시물 누적 44,848건
  [006] 목록 200쪽 · 학교 게시물 누적 44,848건
  [006] 목록 216쪽까지 · 누적 44,848건
  [007] 목록 20쪽 · 학교 게시물 누적 45,744건
  [007] 목록 40쪽 · 학교 게시물 누적 46,640건
  [007] 목록 60쪽 · 학교 게시물 누적 47,536건
  [007] 목록 80쪽 · 학교 게시물 누적 48,436건
  [007] 목록 100쪽 · 학교 게시물 누적 49,344건
  [007] 목록 120쪽 · 학교 게시물 누적 50,252건
  [007] 목록 140쪽 · 학교 게시물 누적 50,785건
  [007] 목록 160쪽 · 학교 게시물 누적 50,785건
  [007] 목록 180쪽 · 학교 게시물 누적 50,785건
  [007] 목록 200쪽 · 학교 게시물 누적 50,785건
  [007] 목록 220쪽 · 학교 게시물 누적 50,785건
  [007] 목록 240쪽 · 학교 게시물 누적 50,785건
  [007] 목록 247쪽까지 · 누적 50,785건
  [008] 목록 20쪽 · 학교 게시물 누적 51,730건
  [008] 목록 40쪽 · 학교 게시물 누적 52,688건
  [008] 목록 60쪽 · 학교 게시물 누적 53,698건
  [008] 목록 80쪽 · 학교 게시물 누적 54,670건
  [008] 목록 100쪽 · 학교 게시물 누적 55,617건
  [008] 목록 120쪽 · 학교 게시물 누적 56,665건
  [008] 목록 140쪽 · 학교 게시물 누적 57,667건
  [008] 목록 160쪽 · 학교 게시물 누적 58,703건
  [008] 목록 180쪽 · 학교 게시물 누적 59,080건
  [008] 목록 200쪽 · 학교 게시물 누적 59,080건
  [008] 목록 220쪽 · 학교 게시물 누적 59,080건
  [008] 목록 240쪽 · 학교 게시물 누적 59,080건
  [008] 목록 260쪽 · 학교 게시물 누적 59,080건
  [008] 목록 280쪽 · 학교 게시물 누적 59,080건
  [008] 목록 300쪽 · 학교 게시물 누적 59,080건
  [008] 목록 300쪽까지 · 누적 59,080건
  [009] 목록 20쪽 · 학교 게시물 누적 60,153건
  [009] 목록 40쪽 · 학교 게시물 누적 61,226건
  [009] 목록 60쪽 · 학교 게시물 누적 62,299건
  [009] 목록 80쪽 · 학교 게시물 누적 63,372건
  [009] 목록 100쪽 · 학교 게시물 누적 64,448건
  [009] 목록 120쪽 · 학교 게시물 누적 65,534건
  [009] 목록 140쪽 · 학교 게시물 누적 66,636건
  [009] 목록 160쪽 · 학교 게시물 누적 67,755건
  [009] 목록 180쪽 · 학교 게시물 누적 68,639건
  [009] 목록 200쪽 · 학교 게시물 누적 68,639건
  [009] 목록 220쪽 · 학교 게시물 누적 68,639건
  [009] 목록 240쪽 · 학교 게시물 누적 68,639건
  [009] 목록 260쪽 · 학교 게시물 누적 68,639건
  [009] 목록 280쪽 · 학교 게시물 누적 68,639건
  [009] 목록 300쪽 · 학교 게시물 누적 68,639건
  [009] 목록 320쪽 · 학교 게시물 누적 68,639건
  [009] 목록 323쪽까지 · 누적 68,639건
  [010] 목록 20쪽 · 학교 게시물 누적 69,588건
  [010] 목록 40쪽 · 학교 게시물 누적 70,537건
  [010] 목록 60쪽 · 학교 게시물 누적 71,486건
  [010] 목록 80쪽 · 학교 게시물 누적 72,473건
  [010] 목록 100쪽 · 학교 게시물 누적 73,457건
  [010] 목록 120쪽 · 학교 게시물 누적 74,406건
  [010] 목록 140쪽 · 학교 게시물 누적 74,406건
  [010] 목록 160쪽 · 학교 게시물 누적 74,406건
  [010] 목록 180쪽 · 학교 게시물 누적 74,406건
  [010] 목록 200쪽 · 학교 게시물 누적 74,406건
  [010] 목록 218쪽까지 · 누적 74,406건
  [011] 목록 20쪽 · 학교 게시물 누적 75,494건
  [011] 목록 40쪽 · 학교 게시물 누적 76,633건
  [011] 목록 60쪽 · 학교 게시물 누적 77,735건
  [011] 목록 80쪽 · 학교 게시물 누적 78,886건
  [011] 목록 100쪽 · 학교 게시물 누적 79,462건
  [011] 목록 120쪽 · 학교 게시물 누적 79,462건
  [011] 목록 140쪽 · 학교 게시물 누적 79,462건
  [011] 목록 160쪽 · 학교 게시물 누적 79,462건
  [011] 목록 170쪽까지 · 누적 79,462건
학교 게시물 79,462건 (남은 것 79,462건)
학교 1,010곳 (남은 곳 1,010)
[20/1010] 서울성자초등학교 · 누적 14,018건 (요청 83회)
[40/1010] 경복초등학교 · 누적 28,664건 (요청 162회)
[60/1010] 용곡중학교 · 누적 42,018건 (요청 234회)
[80/1010] 서울대치초등학교 · 누적 52,328건 (요청 305회)
[100/1010] 서울신동초등학교 · 누적 68,015건 (요청 392회)
[120/1010] 서울잠원초등학교 · 누적 85,297건 (요청 484회)
[140/1010] 서초중학교 · 누적 99,473건 (요청 560회)
[160/1010] 숙명여자중학교 · 누적 110,327건 (요청 623회)
[180/1010] 서울고일초등학교 · 누적 122,766건 (요청 700회)
[200/1010] 서울선린초등학교 · 누적 136,668건 (요청 783회)
[220/1010] 서울잠신초등학교 · 누적 150,914건 (요청 870회)
[240/1010] 강일중학교 · 누적 166,664건 (요청 953회)
[260/1010] 오륜중학교 · 누적 179,519건 (요청 1,024회)
[280/1010] 잠실여자중학교 · 누적 189,820건 (요청 1,080회)
[300/1010] 서울등원초등학교 · 누적 205,825건 (요청 1,175회)
[320/1010] 서울신원초등학교 · 누적 223,000건 (요청 1,266회)
[340/1010] 서울장수초등학교 · 누적 239,697건 (요청 1,361회)
[360/1010] 목일중학교 · 누적 255,268건 (요청 1,449회)
[380/1010] 월촌중학교 · 누적 271,299건 (요청 1,528회)
[400/1010] 서울구로초등학교 · 누적 281,861건 (요청 1,590회)
[420/1010] 서울문교초등학교 · 누적 298,209건 (요청 1,680회)
[440/1010] 서울영림초등학교 · 누적 314,319건 (요청 1,767회)
[460/1010] 동광초등학교 · 누적 329,348건 (요청 1,848회)
[480/1010] 안천중학교 · 누적 344,585건 (요청 1,924회)
[500/1010] 서울동답초등학교 · 누적 357,902건 (요청 1,998회)
[520/1010] 서울양원숲초등학교 · 누적 374,785건 (요청 2,082회)
[540/1010] 금성초등학교 · 누적 391,126건 (요청 2,170회)
[560/1010] 청량중학교 · 누적 405,996건 (요청 2,248회)
[580/1010] 서울남성초등학교 · 누적 419,620건 (요청 2,321회)
[600/1010] 서울신상도초등학교 · 누적 437,240건 (요청 2,412회)
[620/1010] 난우중학교 · 누적 452,019건 (요청 2,489회)
[640/1010] 남강중학교 · 누적 468,651건 (요청 2,571회)
[660/1010] 서울방학초등학교 · 누적 480,674건 (요청 2,641회)
[680/1010] 서울쌍문초등학교 · 누적 497,711건 (요청 2,726회)
[700/1010] 서울창원초등학교 · 누적 514,222건 (요청 2,815회)
[720/1010] 백운중학교 · 누적 527,913건 (요청 2,882회)
[740/1010] 창일중학교 · 누적 541,870건 (요청 2,954회)
[760/1010] 서울구현초등학교 · 누적 552,309건 (요청 3,010회)
[780/1010] 서울성산초등학교 · 누적 567,061건 (요청 3,094회)
[800/1010] 서울염리초등학교 · 누적 582,886건 (요청 3,181회)
[820/1010] 선일초등학교 · 누적 596,710건 (요청 3,262회)
[840/1010] 신수중학교 · 누적 609,538건 (요청 3,331회)
[860/1010] 명지중학교 · 누적 621,990건 (요청 3,395회)
[880/1010] 서울미양초등학교 · 누적 634,942건 (요청 3,466회)
[900/1010] 서울유현초등학교 · 누적 651,734건 (요청 3,559회)
[920/1010] 번동중학교 · 누적 665,420건 (요청 3,635회)
[940/1010] 성암여자중학교 · 누적 679,029건 (요청 3,704회)
[960/1010] 서울세검정초등학교 · 누적 690,993건 (요청 3,772회)
[980/1010] 동산초등학교 · 누적 703,963건 (요청 3,848회)
[1000/1010] 배문중학교 · 누적 712,039건 (요청 3,900회)

완료 — 요청 3,913회, 학교 계약 714,303건 → 서울_candidates.csv
