  목록 1쪽 · 학교 게시물 누적 25건
  목록 2쪽 · 학교 게시물 누적 97건
  목록 3쪽 · 학교 게시물 누적 149건
  목록 4쪽 · 학교 게시물 누적 194건
  목록 5쪽 · 학교 게시물 누적 272건
  목록 6쪽 · 학교 게시물 누적 297건
  목록 7쪽 · 학교 게시물 누적 388건
  목록 8쪽 · 학교 게시물 누적 421건
  목록 9쪽 · 학교 게시물 누적 485건
  목록 10쪽 · 학교 게시물 누적 544건
  목록 11쪽 · 학교 게시물 누적 582건
  목록 12쪽 · 학교 게시물 누적 668건
  목록 13쪽 · 학교 게시물 누적 693건
  목록 14쪽 · 학교 게시물 누적 776건
  목록 15쪽 · 학교 게시물 누적 817건
  목록 16쪽 · 학교 게시물 누적 873건
  목록 17쪽 · 학교 게시물 누적 940건
  목록 18쪽 · 학교 게시물 누적 970건
  목록 19쪽 · 학교 게시물 누적 1,064건
  목록 20쪽 · 학교 게시물 누적 1,089건
  목록 21쪽 · 학교 게시물 누적 1,164건
  목록 22쪽 · 학교 게시물 누적 1,215건
  목록 23쪽 · 학교 게시물 누적 1,261건
  목록 24쪽 · 학교 게시물 누적 1,340건
  목록 25쪽 · 학교 게시물 누적 1,367건
  목록 26쪽 · 학교 게시물 누적 1,455건
  목록 27쪽 · 학교 게시물 누적 1,493건
  목록 28쪽 · 학교 게시물 누적 1,552건
  목록 29쪽 · 학교 게시물 누적 1,618건
  목록 30쪽 · 학교 게시물 누적 1,649건
  목록 31쪽 · 학교 게시물 누적 1,744건
  목록 32쪽 · 학교 게시물 누적 1,771건
  목록 33쪽 · 학교 게시물 누적 1,843건
  목록 34쪽 · 학교 게시물 누적 1,897건
  목록 35쪽 · 학교 게시물 누적 1,940건
  목록 36쪽 · 학교 게시물 누적 2,024건
  목록 37쪽 · 학교 게시물 누적 2,052건
  목록 38쪽 · 학교 게시물 누적 2,134건
  목록 39쪽 · 학교 게시물 누적 2,179건
  목록 40쪽 · 학교 게시물 누적 2,231건
  목록 41쪽 · 학교 게시물 누적 2,305건
  목록 42쪽 · 학교 게시물 누적 2,333건
  목록 43쪽 · 학교 게시물 누적 2,425건
  목록 44쪽 · 학교 게시물 누적 2,460건
  목록 45쪽 · 학교 게시물 누적 2,522건
  목록 46쪽 · 학교 게시물 누적 2,586건
  목록 47쪽 · 학교 게시물 누적 2,619건
  목록 48쪽 · 학교 게시물 누적 2,713건
  목록 49쪽 · 학교 게시물 누적 2,741건
  목록 50쪽 · 학교 게시물 누적 2,813건
  목록 51쪽 · 학교 게시물 누적 2,867건
  목록 52쪽 · 학교 게시물 누적 2,910건
  목록 53쪽 · 학교 게시물 누적 2,994건
  목록 54쪽 · 학교 게시물 누적 3,022건
  목록 55쪽 · 학교 게시물 누적 3,103건
  목록 56쪽 · 학교 게시물 누적 3,149건
  목록 57쪽 · 학교 게시물 누적 3,199건
  목록 58쪽 · 학교 게시물 누적 3,275건
  목록 59쪽 · 학교 게시물 누적 3,303건
  목록 60쪽 · 학교 게시물 누적 3,391건
  목록 61쪽 · 학교 게시물 누적 3,430건
  목록 62쪽 · 학교 게시물 누적 3,487건
  목록 63쪽 · 학교 게시물 누적 3,556건
  목록 64쪽 · 학교 게시물 누적 3,584건
  목록 65쪽 · 학교 게시물 누적 3,679건
  목록 66쪽 · 학교 게시물 누적 3,711건
  목록 67쪽 · 학교 게시물 누적 3,775건
  목록 68쪽 · 학교 게시물 누적 3,837건
  목록 69쪽 · 학교 게시물 누적 3,871건
  목록 70쪽 · 학교 게시물 누적 3,964건
  목록 71쪽 · 학교 게시물 누적 3,992건
  목록 72쪽 · 학교 게시물 누적 4,063건
  목록 73쪽 · 학교 게시물 누적 4,118건
  목록 74쪽 · 학교 게시물 누적 4,159건
  목록 75쪽 · 학교 게시물 누적 4,159건
  목록 76쪽 · 학교 게시물 누적 4,159건
  목록 77쪽 · 학교 게시물 누적 4,159건
  목록 78쪽 · 학교 게시물 누적 4,159건
  목록 79쪽 · 학교 게시물 누적 4,159건
  목록 80쪽 · 학교 게시물 누적 4,159건
  목록 81쪽 · 학교 게시물 누적 4,159건
  목록 82쪽 · 학교 게시물 누적 4,159건
  목록 83쪽 · 학교 게시물 누적 4,159건
  목록 84쪽 · 학교 게시물 누적 4,159건
  목록 85쪽 · 학교 게시물 누적 4,159건
  목록 86쪽 · 학교 게시물 누적 4,159건
  목록 87쪽 · 학교 게시물 누적 4,159건
  목록 88쪽 · 학교 게시물 누적 4,159건
  목록 89쪽 · 학교 게시물 누적 4,159건
  목록 90쪽 · 학교 게시물 누적 4,159건
  목록 91쪽 · 학교 게시물 누적 4,159건
  목록 92쪽 · 학교 게시물 누적 4,159건
  목록 93쪽 · 학교 게시물 누적 4,159건
  목록 94쪽 · 학교 게시물 누적 4,159건
  목록 95쪽 · 학교 게시물 누적 4,159건
  목록 96쪽 · 학교 게시물 누적 4,159건
  목록 97쪽 · 학교 게시물 누적 4,159건
  목록 98쪽 · 학교 게시물 누적 4,159건
  목록 99쪽 · 학교 게시물 누적 4,159건
  목록 100쪽 · 학교 게시물 누적 4,159건
  목록 101쪽 · 학교 게시물 누적 4,159건
  목록 102쪽 · 학교 게시물 누적 4,159건
  목록 103쪽 · 학교 게시물 누적 4,159건
  목록 104쪽 · 학교 게시물 누적 4,159건
  목록 105쪽 · 학교 게시물 누적 4,159건
  목록 106쪽 · 학교 게시물 누적 4,159건
  목록 107쪽 · 학교 게시물 누적 4,159건
  목록 108쪽 · 학교 게시물 누적 4,159건
  목록 109쪽 · 학교 게시물 누적 4,159건
  목록 110쪽 · 학교 게시물 누적 4,159건
  목록 111쪽 · 학교 게시물 누적 4,159건
  목록 112쪽 · 학교 게시물 누적 4,159건
  목록 113쪽 · 학교 게시물 누적 4,159건
  목록 114쪽 · 학교 게시물 누적 4,159건
  목록 115쪽 · 학교 게시물 누적 4,159건
  목록 116쪽 · 학교 게시물 누적 4,159건
  목록 117쪽 · 학교 게시물 누적 4,159건
  목록 118쪽 · 학교 게시물 누적 4,159건
  목록 119쪽 · 학교 게시물 누적 4,159건
  목록 120쪽 · 학교 게시물 누적 4,159건
  목록 121쪽 · 학교 게시물 누적 4,159건
  목록 122쪽 · 학교 게시물 누적 4,159건
  목록 123쪽 · 학교 게시물 누적 4,159건
  목록 124쪽 · 학교 게시물 누적 4,159건
  목록 125쪽 · 학교 게시물 누적 4,159건
  목록 126쪽 · 학교 게시물 누적 4,159건
  목록 127쪽 · 학교 게시물 누적 4,159건
  목록 128쪽 · 학교 게시물 누적 4,159건
  목록 129쪽 · 학교 게시물 누적 4,159건
  목록 130쪽 · 학교 게시물 누적 4,159건
  목록 131쪽 · 학교 게시물 누적 4,159건
  목록 132쪽 · 학교 게시물 누적 4,159건
  목록 133쪽 · 학교 게시물 누적 4,159건
  목록 134쪽 · 학교 게시물 누적 4,159건
  목록 135쪽 · 학교 게시물 누적 4,159건
  목록 136쪽 · 학교 게시물 누적 4,159건
  목록 137쪽 · 학교 게시물 누적 4,159건
  목록 138쪽 · 학교 게시물 누적 4,159건
  목록 139쪽 · 학교 게시물 누적 4,159건
  목록 140쪽 · 학교 게시물 누적 4,159건
  목록 141쪽 · 학교 게시물 누적 4,159건
  목록 142쪽 · 학교 게시물 누적 4,159건
  목록 143쪽 · 학교 게시물 누적 4,159건
  목록 144쪽 · 학교 게시물 누적 4,159건
  목록 145쪽 · 학교 게시물 누적 4,159건
  목록 146쪽 · 학교 게시물 누적 4,159건
  목록 147쪽 · 학교 게시물 누적 4,159건
  목록 148쪽 · 학교 게시물 누적 4,159건
  목록 149쪽 · 학교 게시물 누적 4,159건
  목록 150쪽 · 학교 게시물 누적 4,159건
  목록 151쪽 · 학교 게시물 누적 4,159건
  목록 152쪽 · 학교 게시물 누적 4,159건
  목록 153쪽 · 학교 게시물 누적 4,159건
  목록 154쪽 · 학교 게시물 누적 4,159건
  목록 155쪽 · 학교 게시물 누적 4,159건
  목록 156쪽 · 학교 게시물 누적 4,159건
  목록 157쪽 · 학교 게시물 누적 4,159건
  목록 158쪽 · 학교 게시물 누적 4,159건
  목록 159쪽 · 학교 게시물 누적 4,159건
  목록 160쪽 · 학교 게시물 누적 4,159건
  목록 161쪽 · 학교 게시물 누적 4,159건
  목록 162쪽 · 학교 게시물 누적 4,159건
  목록 163쪽 · 학교 게시물 누적 4,159건
  목록 164쪽 · 학교 게시물 누적 4,159건
  목록 165쪽 · 학교 게시물 누적 4,159건
  목록 166쪽 · 학교 게시물 누적 4,159건
  목록 167쪽 · 학교 게시물 누적 4,159건
  목록 168쪽 · 학교 게시물 누적 4,159건
  목록 169쪽 · 학교 게시물 누적 4,159건
  목록 170쪽 · 학교 게시물 누적 4,159건
  목록 171쪽 · 학교 게시물 누적 4,159건
  목록 172쪽 · 학교 게시물 누적 4,159건
  목록 173쪽 · 학교 게시물 누적 4,159건
  목록 174쪽 · 학교 게시물 누적 4,159건
  목록 175쪽 · 학교 게시물 누적 4,159건
  목록 176쪽 · 학교 게시물 누적 4,159건
  목록 177쪽 · 학교 게시물 누적 4,159건
  목록 178쪽 · 학교 게시물 누적 4,159건
  목록 179쪽 · 학교 게시물 누적 4,159건
  목록 180쪽 · 학교 게시물 누적 4,159건
  목록 181쪽 · 학교 게시물 누적 4,159건
  목록 182쪽 · 학교 게시물 누적 4,159건
  목록 183쪽 · 학교 게시물 누적 4,159건
  목록 184쪽 · 학교 게시물 누적 4,159건
  목록 185쪽 · 학교 게시물 누적 4,159건
  목록 186쪽 · 학교 게시물 누적 4,159건
  목록 187쪽 · 학교 게시물 누적 4,159건
  목록 188쪽 · 학교 게시물 누적 4,159건
  목록 189쪽 · 학교 게시물 누적 4,159건
  목록 190쪽 · 학교 게시물 누적 4,159건
  목록 191쪽 · 학교 게시물 누적 4,159건
  목록 192쪽 · 학교 게시물 누적 4,159건
  목록 193쪽 · 학교 게시물 누적 4,159건
  목록 194쪽 · 학교 게시물 누적 4,159건
  목록 195쪽 · 학교 게시물 누적 4,159건
  목록 196쪽 · 학교 게시물 누적 4,159건
  목록 197쪽 · 학교 게시물 누적 4,159건
  목록 198쪽 · 학교 게시물 누적 4,159건
  목록 199쪽 · 학교 게시물 누적 4,159건
  목록 200쪽 · 학교 게시물 누적 4,159건
  목록 201쪽 · 학교 게시물 누적 4,159건
  목록 202쪽 · 학교 게시물 누적 4,159건
  목록 203쪽 · 학교 게시물 누적 4,159건
  목록 204쪽 · 학교 게시물 누적 4,159건
  목록 205쪽 · 학교 게시물 누적 4,159건
  목록 206쪽 · 학교 게시물 누적 4,159건
  목록 207쪽 · 학교 게시물 누적 4,159건
  목록 208쪽 · 학교 게시물 누적 4,159건
  목록 209쪽 · 학교 게시물 누적 4,159건
  목록 210쪽 · 학교 게시물 누적 4,159건
  목록 211쪽 · 학교 게시물 누적 4,159건
  목록 212쪽 · 학교 게시물 누적 4,159건
  목록 213쪽 · 학교 게시물 누적 4,159건
  목록 214쪽 · 학교 게시물 누적 4,159건
  목록 215쪽 · 학교 게시물 누적 4,159건
  목록 216쪽 · 학교 게시물 누적 4,159건
  목록 217쪽 · 학교 게시물 누적 4,159건
  목록 218쪽 · 학교 게시물 누적 4,159건
  목록 219쪽 · 학교 게시물 누적 4,159건
  목록 220쪽 · 학교 게시물 누적 4,159건
  목록 221쪽 · 학교 게시물 누적 4,159건
  목록 222쪽 · 학교 게시물 누적 4,159건
  목록 223쪽 · 학교 게시물 누적 4,159건
  목록 224쪽 · 학교 게시물 누적 4,159건
  목록 225쪽 · 학교 게시물 누적 4,159건
  목록 226쪽 · 학교 게시물 누적 4,159건
  목록 227쪽 · 학교 게시물 누적 4,159건
  목록 228쪽 · 학교 게시물 누적 4,159건
  목록 229쪽 · 학교 게시물 누적 4,159건
  목록 230쪽 · 학교 게시물 누적 4,159건
  목록 231쪽 · 학교 게시물 누적 4,159건
  목록 232쪽 · 학교 게시물 누적 4,159건
  목록 233쪽 · 학교 게시물 누적 4,159건
  목록 234쪽 · 학교 게시물 누적 4,159건
  목록 235쪽 · 학교 게시물 누적 4,159건
  목록 236쪽 · 학교 게시물 누적 4,159건
  목록 237쪽 · 학교 게시물 누적 4,159건
  목록 238쪽 · 학교 게시물 누적 4,159건
  목록 239쪽 · 학교 게시물 누적 4,159건
  목록 240쪽 · 학교 게시물 누적 4,159건
  목록 241쪽 · 학교 게시물 누적 4,159건
  목록 242쪽 · 학교 게시물 누적 4,159건
  목록 243쪽 · 학교 게시물 누적 4,159건
  목록 244쪽 · 학교 게시물 누적 4,159건
  목록 245쪽 · 학교 게시물 누적 4,159건
  목록 246쪽 · 학교 게시물 누적 4,159건
  목록 247쪽 · 학교 게시물 누적 4,159건
  목록 248쪽 · 학교 게시물 누적 4,159건
  목록 249쪽 · 학교 게시물 누적 4,159건
  목록 250쪽 · 학교 게시물 누적 4,159건
  목록 251쪽 · 학교 게시물 누적 4,159건
학교 게시물 4,159건 (남은 것 4,107건)
[50/4159] 서울이수초등학교 202607 · 누적 2,158건 (요청 50회)
[152/4159] 서울포이초등학교 202606 · 누적 3,724건 (요청 100회)
[202/4159] 서울대도초등학교 202605 · 누적 5,597건 (요청 150회)
[252/4159] 개원중학교 202605 · 누적 7,699건 (요청 200회)
[302/4159] 서울대진초등학교 202604 · 누적 8,924건 (요청 250회)
[352/4159] 구룡중학교 202604 · 누적 8,924건 (요청 300회)
[402/4159] 서울대현초등학교 202603 · 누적 8,924건 (요청 350회)
[452/4159] 대왕중학교 202603 · 누적 8,924건 (요청 400회)
[502/4159] 서울매헌초등학교 202602 · 누적 8,924건 (요청 450회)
[552/4159] 도곡중학교 202602 · 누적 8,924건 (요청 500회)
[602/4159] 서울방배초등학교 202601 · 누적 8,924건 (요청 550회)
[652/4159] 봉은중학교 202601 · 누적 8,924건 (요청 600회)
[702/4159] 서울봉은초등학교 202512 · 누적 8,924건 (요청 650회)
[752/4159] 서초중학교 202512 · 누적 8,924건 (요청 700회)
[802/4159] 서울서원초등학교 202511 · 누적 8,924건 (요청 750회)
[852/4159] 신구중학교 202511 · 누적 8,924건 (요청 800회)
[902/4159] 서울서초초등학교 202510 · 누적 8,924건 (요청 850회)
[952/4159] 신사중학교 202510 · 누적 8,924건 (요청 900회)
[1002/4159] 서울신구초등학교 202509 · 누적 8,924건 (요청 950회)
[1052/4159] 언북중학교 202509 · 누적 8,924건 (요청 1,000회)
[1102/4159] 서울압구정초등학교 202508 · 누적 8,924건 (요청 1,050회)
[1152/4159] 영동중학교 202508 · 누적 8,924건 (요청 1,100회)
[1202/4159] 서울언남초등학교 202507 · 누적 8,924건 (요청 1,150회)
[1252/4159] 청담중학교 202507 · 누적 8,924건 (요청 1,200회)
[1302/4159] 서울역삼초등학교 202506 · 누적 8,924건 (요청 1,250회)
[1352/4159] 서문여자중학교 202506 · 누적 8,924건 (요청 1,300회)
[1402/4159] 서울우면초등학교 202505 · 누적 8,924건 (요청 1,350회)
[1452/4159] 은성중학교 202505 · 누적 8,924건 (요청 1,400회)
[1502/4159] 서울원명초등학교 202504 · 누적 8,924건 (요청 1,450회)
[1552/4159] 휘문중학교 202504 · 누적 8,924건 (요청 1,500회)
[1602/4159] 서울이수초등학교 202503 · 누적 8,924건 (요청 1,550회)
[1652/4159] 서울개포초등학교 202502 · 누적 8,924건 (요청 1,600회)
[1702/4159] 서울잠원초등학교 202502 · 누적 8,924건 (요청 1,650회)
[1752/4159] 서울논현초등학교 202501 · 누적 8,924건 (요청 1,700회)
[1802/4159] 서울학동초등학교 202501 · 누적 8,924건 (요청 1,750회)
[1852/4159] 서울대모초등학교 202412 · 누적 8,924건 (요청 1,800회)
[1902/4159] 개포중학교 202412 · 누적 8,924건 (요청 1,850회)
[1952/4159] 서울대청초등학교 202411 · 누적 8,924건 (요청 1,900회)
[2002/4159] 내곡중학교 202411 · 누적 8,924건 (요청 1,950회)
[2052/4159] 서울도곡초등학교 202410 · 누적 8,924건 (요청 2,000회)
[2102/4159] 대청중학교 202410 · 누적 8,924건 (요청 2,050회)
[2152/4159] 서울반원초등학교 202409 · 누적 8,924건 (요청 2,100회)
[2202/4159] 반포중학교 202409 · 누적 8,924건 (요청 2,150회)
[2252/4159] 서울방일초등학교 202408 · 누적 8,924건 (요청 2,200회)
[2302/4159] 서운중학교 202408 · 누적 8,924건 (요청 2,250회)
[2352/4159] 서울삼릉초등학교 202407 · 누적 8,924건 (요청 2,300회)
[2402/4159] 세곡중학교 202407 · 누적 8,924건 (요청 2,350회)
[2452/4159] 서울서이초등학교 202406 · 누적 8,924건 (요청 2,400회)
[2502/4159] 신동중학교 202406 · 누적 8,924건 (요청 2,450회)
[2552/4159] 서울세명초등학교 202405 · 누적 8,924건 (요청 2,500회)
[2602/4159] 압구정중학교 202405 · 누적 8,924건 (요청 2,550회)
[2652/4159] 서울신동초등학교 202404 · 누적 8,924건 (요청 2,600회)
[2702/4159] 언주중학교 202404 · 누적 8,924건 (요청 2,650회)
[2752/4159] 서울양재초등학교 202403 · 누적 8,924건 (요청 2,700회)
[2802/4159] 원촌중학교 202403 · 누적 8,924건 (요청 2,750회)
[2852/4159] 서울언북초등학교 202402 · 누적 8,924건 (요청 2,800회)
[2902/4159] 단국대학교사범대학부속중학교 202402 · 누적 8,924건 (요청 2,850회)
[2952/4159] 서울영희초등학교 202401 · 누적 8,924건 (요청 2,900회)
[3002/4159] 세화여자중학교 202401 · 누적 8,924건 (요청 2,950회)
[3052/4159] 서울우암초등학교 202312 · 누적 8,924건 (요청 3,000회)
[3102/4159] 진선여자중학교 202312 · 누적 8,924건 (요청 3,050회)
[3152/4159] 서울이수초등학교 202311 · 누적 8,924건 (요청 3,100회)
[3202/4159] 서울개포초등학교 202310 · 누적 8,924건 (요청 3,150회)
[3252/4159] 서울청담초등학교 202310 · 누적 8,924건 (요청 3,200회)
[3302/4159] 서울대도초등학교 202309 · 누적 8,924건 (요청 3,250회)
[3352/4159] 개원중학교 202309 · 누적 8,924건 (요청 3,300회)
[3402/4159] 서울대청초등학교 202308 · 누적 8,924건 (요청 3,350회)
[3452/4159] 내곡중학교 202308 · 누적 8,924건 (요청 3,400회)
[3502/4159] 서울도성초등학교 202307 · 누적 8,924건 (요청 3,450회)
[3552/4159] 대치중학교 202307 · 누적 8,924건 (요청 3,500회)
[3602/4159] 서울방배초등학교 202306 · 누적 8,924건 (요청 3,550회)
[3652/4159] 봉은중학교 202306 · 누적 8,924건 (요청 3,600회)
[3702/4159] 서울삼릉초등학교 202305 · 누적 8,924건 (요청 3,650회)
[3752/4159] 세곡중학교 202305 · 누적 8,924건 (요청 3,700회)
[3802/4159] 서울서일초등학교 202304 · 누적 8,924건 (요청 3,750회)
[3852/4159] 신반포중학교 202304 · 누적 8,924건 (요청 3,800회)
[3902/4159] 서울신구초등학교 202303 · 누적 8,924건 (요청 3,850회)
[3952/4159] 언북중학교 202303 · 누적 8,924건 (요청 3,900회)
[4002/4159] 서울양재초등학교 202302 · 누적 8,924건 (요청 3,950회)
[4052/4159] 원촌중학교 202302 · 누적 8,924건 (요청 4,000회)
[4102/4159] 서울언주초등학교 202301 · 누적 8,924건 (요청 4,050회)
[4152/4159] 동덕여자중학교 202301 · 누적 8,924건 (요청 4,100회)

완료 — 요청 4,107회, 학교 계약 8,924건 → 서울_candidates.csv
  [001] 목록 20쪽 · 학교 게시물 누적 938건
  [001] 목록 40쪽 · 학교 게시물 누적 1,883건
  [001] 목록 60쪽 · 학교 게시물 누적 2,861건
  [001] 목록 80쪽 · 학교 게시물 누적 2,881건
  [001] 목록 100쪽 · 학교 게시물 누적 2,881건
  [001] 목록 120쪽 · 학교 게시물 누적 2,881건
  [001] 목록 140쪽 · 학교 게시물 누적 2,881건
  [001] 목록 160쪽 · 학교 게시물 누적 2,881건
  [001] 목록 180쪽 · 학교 게시물 누적 2,881건
  [001] 목록 200쪽 · 학교 게시물 누적 2,881건
  [001] 목록 210쪽까지 · 누적 2,881건
  [002] 목록 20쪽 · 학교 게시물 누적 3,970건
  [002] 목록 40쪽 · 학교 게시물 누적 5,112건
  [002] 목록 60쪽 · 학교 게시물 누적 6,272건
  [002] 목록 80쪽 · 학교 게시물 누적 7,040건
  [002] 목록 100쪽 · 학교 게시물 누적 7,040건
  [002] 목록 120쪽 · 학교 게시물 누적 7,040건
  [002] 목록 140쪽 · 학교 게시물 누적 7,040건
  [002] 목록 160쪽 · 학교 게시물 누적 7,040건
  [002] 목록 180쪽 · 학교 게시물 누적 7,040건
  [002] 목록 200쪽 · 학교 게시물 누적 7,040건
  [002] 목록 220쪽 · 학교 게시물 누적 7,040건
  [002] 목록 240쪽 · 학교 게시물 누적 7,040건
  [002] 목록 251쪽까지 · 누적 7,040건
  [003] 목록 20쪽 · 학교 게시물 누적 7,984건
  [003] 목록 40쪽 · 학교 게시물 누적 8,928건
  [003] 목록 60쪽 · 학교 게시물 누적 9,926건
  [003] 목록 80쪽 · 학교 게시물 누적 10,934건
  [003] 목록 100쪽 · 학교 게시물 누적 11,878건
  [003] 목록 120쪽 · 학교 게시물 누적 12,114건
  [003] 목록 140쪽 · 학교 게시물 누적 12,114건
  [003] 목록 160쪽 · 학교 게시물 누적 12,114건
  [003] 목록 180쪽 · 학교 게시물 누적 12,114건
  [003] 목록 200쪽 · 학교 게시물 누적 12,114건
  [003] 목록 220쪽 · 학교 게시물 누적 12,114건
  [003] 목록 240쪽 · 학교 게시물 누적 12,114건
  [003] 목록 260쪽 · 학교 게시물 누적 12,114건
  [003] 목록 280쪽 · 학교 게시물 누적 12,114건
  [003] 목록 300쪽 · 학교 게시물 누적 12,114건
  [003] 목록 320쪽 · 학교 게시물 누적 12,114건
  [003] 목록 340쪽 · 학교 게시물 누적 12,114건
  [003] 목록 345쪽까지 · 누적 12,114건
  [004] 목록 20쪽 · 학교 게시물 누적 13,086건
  [004] 목록 40쪽 · 학교 게시물 누적 14,138건
  [004] 목록 60쪽 · 학교 게시물 누적 15,138건
  [004] 목록 80쪽 · 학교 게시물 누적 16,162건
  [004] 목록 100쪽 · 학교 게시물 누적 16,758건
  [004] 목록 120쪽 · 학교 게시물 누적 16,758건
  [004] 목록 140쪽 · 학교 게시물 누적 16,758건
  [004] 목록 160쪽 · 학교 게시물 누적 16,758건
  [004] 목록 180쪽 · 학교 게시물 누적 16,758건
  [004] 목록 200쪽 · 학교 게시물 누적 16,758건
  [004] 목록 220쪽 · 학교 게시물 누적 16,758건
  [004] 목록 240쪽 · 학교 게시물 누적 16,758건
  [004] 목록 260쪽 · 학교 게시물 누적 16,758건
  [004] 목록 280쪽 · 학교 게시물 누적 16,758건
  [004] 목록 300쪽 · 학교 게시물 누적 16,758건
  [004] 목록 306쪽까지 · 누적 16,758건
  [005] 목록 20쪽 · 학교 게시물 누적 17,729건
  [005] 목록 40쪽 · 학교 게시물 누적 18,791건
  [005] 목록 60쪽 · 학교 게시물 누적 19,772건
  [005] 목록 80쪽 · 학교 게시물 누적 20,824건
  [005] 목록 100쪽 · 학교 게시물 누적 21,355건
  [005] 목록 120쪽 · 학교 게시물 누적 21,355건
  [005] 목록 140쪽 · 학교 게시물 누적 21,355건
  [005] 목록 160쪽 · 학교 게시물 누적 21,355건
  [005] 목록 180쪽 · 학교 게시물 누적 21,355건
  [005] 목록 200쪽 · 학교 게시물 누적 21,355건
  [005] 목록 220쪽 · 학교 게시물 누적 21,355건
  [005] 목록 240쪽 · 학교 게시물 누적 21,355건
  [005] 목록 260쪽 · 학교 게시물 누적 21,355건
  [005] 목록 280쪽 · 학교 게시물 누적 21,355건
  [005] 목록 295쪽까지 · 누적 21,355건
  [006] 목록 20쪽 · 학교 게시물 누적 22,302건
  [006] 목록 40쪽 · 학교 게시물 누적 23,249건
  [006] 목록 60쪽 · 학교 게시물 누적 24,196건
  [006] 목록 80쪽 · 학교 게시물 누적 24,537건
  [006] 목록 100쪽 · 학교 게시물 누적 24,537건
  [006] 목록 120쪽 · 학교 게시물 누적 24,537건
  [006] 목록 140쪽 · 학교 게시물 누적 24,537건
  [006] 목록 160쪽 · 학교 게시물 누적 24,537건
  [006] 목록 180쪽 · 학교 게시물 누적 24,537건
  [006] 목록 200쪽 · 학교 게시물 누적 24,537건
  [006] 목록 216쪽까지 · 누적 24,537건
  [007] 목록 20쪽 · 학교 게시물 누적 25,433건
  [007] 목록 40쪽 · 학교 게시물 누적 26,329건
  [007] 목록 60쪽 · 학교 게시물 누적 27,225건
  [007] 목록 80쪽 · 학교 게시물 누적 27,774건
  [007] 목록 100쪽 · 학교 게시물 누적 27,774건
  [007] 목록 120쪽 · 학교 게시물 누적 27,774건
  [007] 목록 140쪽 · 학교 게시물 누적 27,774건
  [007] 목록 160쪽 · 학교 게시물 누적 27,774건
  [007] 목록 180쪽 · 학교 게시물 누적 27,774건
  [007] 목록 200쪽 · 학교 게시물 누적 27,774건
  [007] 목록 220쪽 · 학교 게시물 누적 27,774건
  [007] 목록 240쪽 · 학교 게시물 누적 27,774건
  [007] 목록 247쪽까지 · 누적 27,774건
  [008] 목록 20쪽 · 학교 게시물 누적 28,719건
  [008] 목록 40쪽 · 학교 게시물 누적 29,677건
  [008] 목록 60쪽 · 학교 게시물 누적 30,687건
  [008] 목록 80쪽 · 학교 게시물 누적 31,659건
  [008] 목록 100쪽 · 학교 게시물 누적 32,289건
  [008] 목록 120쪽 · 학교 게시물 누적 32,289건
  [008] 목록 140쪽 · 학교 게시물 누적 32,289건
  [008] 목록 160쪽 · 학교 게시물 누적 32,289건
  [008] 목록 180쪽 · 학교 게시물 누적 32,289건
  [008] 목록 200쪽 · 학교 게시물 누적 32,289건
  [008] 목록 220쪽 · 학교 게시물 누적 32,289건
  [008] 목록 240쪽 · 학교 게시물 누적 32,289건
  [008] 목록 260쪽 · 학교 게시물 누적 32,289건
  [008] 목록 280쪽 · 학교 게시물 누적 32,289건
  [008] 목록 300쪽 · 학교 게시물 누적 32,289건
  [008] 목록 300쪽까지 · 누적 32,289건
  [009] 목록 20쪽 · 학교 게시물 누적 33,362건
  [009] 목록 40쪽 · 학교 게시물 누적 34,435건
  [009] 목록 60쪽 · 학교 게시물 누적 35,508건
  [009] 목록 80쪽 · 학교 게시물 누적 36,581건
  [009] 목록 100쪽 · 학교 게시물 누적 37,492건
  [009] 목록 120쪽 · 학교 게시물 누적 37,492건
  [009] 목록 140쪽 · 학교 게시물 누적 37,492건
  [009] 목록 160쪽 · 학교 게시물 누적 37,492건
  [009] 목록 180쪽 · 학교 게시물 누적 37,492건
  [009] 목록 200쪽 · 학교 게시물 누적 37,492건
  [009] 목록 220쪽 · 학교 게시물 누적 37,492건
  [009] 목록 240쪽 · 학교 게시물 누적 37,492건
  [009] 목록 260쪽 · 학교 게시물 누적 37,492건
  [009] 목록 280쪽 · 학교 게시물 누적 37,492건
  [009] 목록 300쪽 · 학교 게시물 누적 37,492건
  [009] 목록 320쪽 · 학교 게시물 누적 37,492건
  [009] 목록 323쪽까지 · 누적 37,492건
  [010] 목록 20쪽 · 학교 게시물 누적 38,441건
  [010] 목록 40쪽 · 학교 게시물 누적 39,390건
  [010] 목록 60쪽 · 학교 게시물 누적 40,339건
  [010] 목록 80쪽 · 학교 게시물 누적 40,631건
  [010] 목록 100쪽 · 학교 게시물 누적 40,631건
  [010] 목록 120쪽 · 학교 게시물 누적 40,631건
  [010] 목록 140쪽 · 학교 게시물 누적 40,631건
  [010] 목록 160쪽 · 학교 게시물 누적 40,631건
  [010] 목록 180쪽 · 학교 게시물 누적 40,631건
  [010] 목록 200쪽 · 학교 게시물 누적 40,631건
  [010] 목록 218쪽까지 · 누적 40,631건
  [011] 목록 20쪽 · 학교 게시물 누적 41,719건
  [011] 목록 40쪽 · 학교 게시물 누적 42,858건
  [011] 목록 60쪽 · 학교 게시물 누적 43,383건
  [011] 목록 80쪽 · 학교 게시물 누적 43,383건
  [011] 목록 100쪽 · 학교 게시물 누적 43,383건
  [011] 목록 120쪽 · 학교 게시물 누적 43,383건
  [011] 목록 140쪽 · 학교 게시물 누적 43,383건
  [011] 목록 160쪽 · 학교 게시물 누적 43,383건
  [011] 목록 170쪽까지 · 누적 43,383건
학교 게시물 43,383건 (남은 것 43,383건)
[50/43383] 광희중학교 202607 · 누적 1,993건 (요청 50회)
[100/43383] 서울자양초등학교 202606 · 누적 4,016건 (요청 100회)
[150/43383] 서울마장초등학교 202605 · 누적 5,874건 (요청 150회)
[200/43383] 한양대학교사범대학부속중학교 202605 · 누적 7,486건 (요청 200회)
[250/43383] 광진중학교 202604 · 누적 7,528건 (요청 250회)
[300/43383] 서울응봉초등학교 202603 · 누적 7,528건 (요청 300회)
[350/43383] 서울동호초등학교 202602 · 누적 7,528건 (요청 350회)
[400/43383] 동국대학교사범대학부속가람중학교 202602 · 누적 7,528건 (요청 400회)
[450/43383] 광장중학교 202601 · 누적 7,528건 (요청 450회)
[500/43383] 서울용마초등학교 202512 · 누적 7,528건 (요청 500회)
[550/43383] 서울동자초등학교 202511 · 누적 7,528건 (요청 550회)
[600/43383] 대원국제중학교 202511 · 누적 7,528건 (요청 600회)
[650/43383] 광양중학교 202510 · 누적 7,528건 (요청 650회)
[700/43383] 서울용답초등학교 202509 · 누적 7,528건 (요청 700회)
[750/43383] 서울동의초등학교 202508 · 누적 7,528건 (요청 750회)
[800/43383] 건국대학교사범대학부속중학교 202508 · 누적 7,528건 (요청 800회)
[850/43383] 광남중학교 202507 · 누적 7,528건 (요청 850회)
[900/43383] 서울용곡초등학교 202506 · 누적 7,528건 (요청 900회)
[950/43383] 서울동명초등학교 202505 · 누적 7,528건 (요청 950회)
[1000/43383] 행당중학교 202505 · 누적 7,528건 (요청 1,000회)
[1050/43383] 경일중학교 202504 · 누적 7,528건 (요청 1,050회)
[1100/43383] 서울옥정초등학교 202503 · 누적 7,528건 (요청 1,100회)
[1150/43383] 서울금호초등학교 202502 · 누적 7,528건 (요청 1,150회)
[1200/43383] 자양중학교 202502 · 누적 7,528건 (요청 1,200회)
[1250/43383] 경수중학교 202501 · 누적 7,528건 (요청 1,250회)
[1300/43383] 서울옥수초등학교 202412 · 누적 7,528건 (요청 1,300회)
[1350/43383] 서울금옥초등학교 202411 · 누적 7,528건 (요청 1,350회)
[1400/43383] 용곡중학교 202411 · 누적 7,528건 (요청 1,400회)
[1450/43383] 한양초등학교 202410 · 누적 7,528건 (요청 1,450회)
[1500/43383] 서울양진초등학교 202409 · 누적 7,528건 (요청 1,500회)
[1550/43383] 서울금북초등학교 202408 · 누적 7,528건 (요청 1,550회)
[1600/43383] 옥정중학교 202408 · 누적 7,528건 (요청 1,600회)
[1650/43383] 세종초등학교 202407 · 누적 7,528건 (요청 1,650회)
[1700/43383] 서울양남초등학교 202406 · 누적 7,528건 (요청 1,700회)
[1750/43383] 서울구의초등학교 202405 · 누적 7,528건 (요청 1,750회)
[1800/43383] 양진중학교 202405 · 누적 7,528건 (요청 1,800회)
[1850/43383] 성동초등학교 202404 · 누적 7,528건 (요청 1,850회)
[1900/43383] 서울신자초등학교 202403 · 누적 7,528건 (요청 1,900회)
[1950/43383] 서울구남초등학교 202402 · 누적 7,528건 (요청 1,950회)
[2000/43383] 신양중학교 202402 · 누적 7,528건 (요청 2,000회)
[2050/43383] 경복초등학교 202401 · 누적 7,528건 (요청 2,050회)
[2100/43383] 서울신양초등학교 202312 · 누적 7,528건 (요청 2,100회)
[2150/43383] 서울광진초등학교 202311 · 누적 7,528건 (요청 2,150회)
[2200/43383] 성원중학교 202311 · 누적 7,528건 (요청 2,200회)
[2250/43383] 서울화양초등학교 202310 · 누적 7,528건 (요청 2,250회)
[2300/43383] 서울숭신초등학교 202309 · 누적 7,528건 (요청 2,300회)
[2350/43383] 서울광장초등학교 202308 · 누적 7,528건 (요청 2,350회)
[2400/43383] 성수중학교 202308 · 누적 7,528건 (요청 2,400회)
[2450/43383] 서울행현초등학교 202307 · 누적 7,528건 (요청 2,450회)
[2500/43383] 서울송원초등학교 202306 · 누적 7,528건 (요청 2,500회)
[2550/43383] 서울광남초등학교 202305 · 누적 7,528건 (요청 2,550회)
[2600/43383] 무학중학교 202305 · 누적 7,528건 (요청 2,600회)
[2650/43383] 서울행당초등학교 202304 · 누적 7,528건 (요청 2,650회)
[2700/43383] 서울성자초등학교 202303 · 누적 7,528건 (요청 2,700회)
[2750/43383] 서울경일초등학교 202302 · 누적 7,528건 (요청 2,750회)
[2800/43383] 마장중학교 202302 · 누적 7,528건 (요청 2,800회)
[2850/43383] 서울중마초등학교 202301 · 누적 7,528건 (요청 2,850회)
[2900/43383] 서울반포초등학교 202607 · 누적 8,385건 (요청 2,900회)
[2950/43383] 방배중학교 202607 · 누적 10,352건 (요청 2,950회)
[3000/43383] 서울방현초등학교 202606 · 누적 12,282건 (요청 3,000회)
[3050/43383] 서일중학교 202606 · 누적 14,500건 (요청 3,050회)
[3100/43383] 서울서래초등학교 202605 · 누적 16,381건 (요청 3,100회)
[3150/43383] 수서중학교 202605 · 누적 18,487건 (요청 3,150회)
[3200/43383] 서울서일초등학교 202604 · 누적 19,091건 (요청 3,200회)
[3250/43383] 신반포중학교 202604 · 누적 19,091건 (요청 3,250회)
[3300/43383] 서울수서초등학교 202603 · 누적 19,091건 (요청 3,300회)
[3350/43383] 언남중학교 202603 · 누적 19,091건 (요청 3,350회)
[3400/43383] 서울신중초등학교 202602 · 누적 19,091건 (요청 3,400회)
[3450/43383] 역삼중학교 202602 · 누적 19,091건 (요청 3,450회)
[3500/43383] 서울양전초등학교 202601 · 누적 19,091건 (요청 3,500회)
[3550/43383] 이수중학교 202601 · 누적 19,091건 (요청 3,550회)
[3600/43383] 서울언주초등학교 202512 · 누적 19,091건 (요청 3,600회)
[3650/43383] 동덕여자중학교 202512 · 누적 19,091건 (요청 3,650회)
[3700/43383] 서울왕북초등학교 202511 · 누적 19,091건 (요청 3,700회)
[3750/43383] 숙명여자중학교 202511 · 누적 19,091건 (요청 3,750회)
[3800/43383] 서울우암초등학교 202510 · 누적 19,091건 (요청 3,800회)
[3850/43383] 진선여자중학교 202510 · 누적 19,091건 (요청 3,850회)
[3900/43383] 서울율현초등학교 202509 · 누적 19,091건 (요청 3,900회)
[3950/43383] 서울개일초등학교 202508 · 누적 19,091건 (요청 3,950회)
[4000/43383] 서울자곡초등학교 202508 · 누적 19,091건 (요청 4,000회)
[4050/43383] 서울구룡초등학교 202507 · 누적 19,091건 (요청 4,050회)
[4100/43383] 서울포이초등학교 202507 · 누적 19,091건 (요청 4,100회)
[4150/43383] 서울대도초등학교 202506 · 누적 19,091건 (요청 4,150회)
[4200/43383] 개원중학교 202506 · 누적 19,091건 (요청 4,200회)
[4250/43383] 서울대진초등학교 202505 · 누적 19,091건 (요청 4,250회)
[4300/43383] 구룡중학교 202505 · 누적 19,091건 (요청 4,300회)
[4350/43383] 서울대현초등학교 202504 · 누적 19,091건 (요청 4,350회)
[4400/43383] 대왕중학교 202504 · 누적 19,091건 (요청 4,400회)
[4450/43383] 서울매헌초등학교 202503 · 누적 19,091건 (요청 4,450회)
[4500/43383] 도곡중학교 202503 · 누적 19,091건 (요청 4,500회)
[4550/43383] 서울방배초등학교 202502 · 누적 19,091건 (요청 4,550회)
[4600/43383] 봉은중학교 202502 · 누적 19,091건 (요청 4,600회)
[4650/43383] 서울봉은초등학교 202501 · 누적 19,091건 (요청 4,650회)
[4700/43383] 서초중학교 202501 · 누적 19,091건 (요청 4,700회)
[4750/43383] 서울서원초등학교 202412 · 누적 19,091건 (요청 4,750회)
[4800/43383] 신구중학교 202412 · 누적 19,091건 (요청 4,800회)
[4850/43383] 서울서초초등학교 202411 · 누적 19,091건 (요청 4,850회)
[4900/43383] 신사중학교 202411 · 누적 19,091건 (요청 4,900회)
[4950/43383] 서울신구초등학교 202410 · 누적 19,091건 (요청 4,950회)
[5000/43383] 언북중학교 202410 · 누적 19,091건 (요청 5,000회)
[5050/43383] 서울압구정초등학교 202409 · 누적 19,091건 (요청 5,050회)
[5100/43383] 영동중학교 202409 · 누적 19,091건 (요청 5,100회)
[5150/43383] 서울언남초등학교 202408 · 누적 19,091건 (요청 5,150회)
[5200/43383] 청담중학교 202408 · 누적 19,091건 (요청 5,200회)
[5250/43383] 서울역삼초등학교 202407 · 누적 19,091건 (요청 5,250회)
[5300/43383] 서문여자중학교 202407 · 누적 19,091건 (요청 5,300회)
[5350/43383] 서울우면초등학교 202406 · 누적 19,091건 (요청 5,350회)
[5400/43383] 은성중학교 202406 · 누적 19,091건 (요청 5,400회)
[5450/43383] 서울원명초등학교 202405 · 누적 19,091건 (요청 5,450회)
[5500/43383] 휘문중학교 202405 · 누적 19,091건 (요청 5,500회)
[5550/43383] 서울이수초등학교 202404 · 누적 19,091건 (요청 5,550회)
[5600/43383] 서울개포초등학교 202403 · 누적 19,091건 (요청 5,600회)
[5650/43383] 서울잠원초등학교 202403 · 누적 19,091건 (요청 5,650회)
[5700/43383] 서울논현초등학교 202402 · 누적 19,091건 (요청 5,700회)
[5750/43383] 서울학동초등학교 202402 · 누적 19,091건 (요청 5,750회)
[5800/43383] 서울대모초등학교 202401 · 누적 19,091건 (요청 5,800회)
[5850/43383] 개포중학교 202401 · 누적 19,091건 (요청 5,850회)
[5900/43383] 서울대치초등학교 202312 · 누적 19,091건 (요청 5,900회)
[5950/43383] 대명중학교 202312 · 누적 19,091건 (요청 5,950회)
[6000/43383] 서울매헌초등학교 202311 · 누적 19,091건 (요청 6,000회)
[6050/43383] 도곡중학교 202311 · 누적 19,091건 (요청 6,050회)
[6100/43383] 서울방일초등학교 202310 · 누적 19,091건 (요청 6,100회)
[6150/43383] 서운중학교 202310 · 누적 19,091건 (요청 6,150회)
[6200/43383] 서울서래초등학교 202309 · 누적 19,091건 (요청 6,200회)
[6250/43383] 수서중학교 202309 · 누적 19,091건 (요청 6,250회)
[6300/43383] 서울서초초등학교 202308 · 누적 19,091건 (요청 6,300회)
[6350/43383] 신사중학교 202308 · 누적 19,091건 (요청 6,350회)
[6400/43383] 서울신동초등학교 202307 · 누적 19,091건 (요청 6,400회)
[6450/43383] 언주중학교 202307 · 누적 19,091건 (요청 6,450회)
[6500/43383] 서울양전초등학교 202306 · 누적 19,091건 (요청 6,500회)
[6550/43383] 이수중학교 202306 · 누적 19,091건 (요청 6,550회)
[6600/43383] 서울역삼초등학교 202305 · 누적 19,091건 (요청 6,600회)
[6650/43383] 서문여자중학교 202305 · 누적 19,091건 (요청 6,650회)
[6700/43383] 서울우솔초등학교 202304 · 누적 19,091건 (요청 6,700회)
[6750/43383] 중동중학교 202304 · 누적 19,091건 (요청 6,750회)
[6800/43383] 서울율현초등학교 202303 · 누적 19,091건 (요청 6,800회)
[6850/43383] 서울개일초등학교 202302 · 누적 19,091건 (요청 6,850회)
[6900/43383] 서울잠원초등학교 202302 · 누적 19,091건 (요청 6,900회)
[6950/43383] 서울대곡초등학교 202301 · 누적 19,091건 (요청 6,950회)
[7000/43383] 계성초등학교 202301 · 누적 19,091건 (요청 7,000회)
[7050/43383] 서울강일초등학교 202607 · 누적 19,500건 (요청 7,050회)
[7100/43383] 서울잠현초등학교 202607 · 누적 21,543건 (요청 7,100회)
[7150/43383] 배재중학교 202607 · 누적 23,240건 (요청 7,150회)
[7200/43383] 서울송전초등학교 202606 · 누적 25,484건 (요청 7,200회)
[7250/43383] 신암중학교 202606 · 누적 27,751건 (요청 7,250회)
[7300/43383] 서울명원초등학교 202605 · 누적 29,424건 (요청 7,300회)
[7350/43383] 강명중학교 202605 · 누적 31,321건 (요청 7,350회)
[7400/43383] 서울강동초등학교 202604 · 누적 32,673건 (요청 7,400회)
[7450/43383] 서울잠신초등학교 202604 · 누적 32,673건 (요청 7,450회)
[7500/43383] 해누리중학교 202604 · 누적 32,673건 (요청 7,500회)
[7550/43383] 서울성내초등학교 202603 · 누적 32,673건 (요청 7,550회)
[7600/43383] 세륜중학교 202603 · 누적 32,673건 (요청 7,600회)
[7650/43383] 서울대명초등학교 202602 · 누적 32,673건 (요청 7,650회)
[7700/43383] 서울해누리초등학교 202602 · 누적 32,673건 (요청 7,700회)
[7750/43383] 서울가락초등학교 202601 · 누적 32,673건 (요청 7,750회)
[7800/43383] 서울위례별초등학교 202601 · 누적 32,673건 (요청 7,800회)
[7850/43383] 천호중학교 202601 · 누적 32,673건 (요청 7,850회)
[7900/43383] 서울상일초등학교 202512 · 누적 32,673건 (요청 7,900회)
[7950/43383] 방이중학교 202512 · 누적 32,673건 (요청 7,950회)
[8000/43383] 서울고일초등학교 202511 · 누적 32,673건 (요청 8,000회)
[8050/43383] 서울평화초등학교 202511 · 누적 32,673건 (요청 8,050회)
[8100/43383] 잠실여자중학교 202511 · 누적 32,673건 (요청 8,100회)
[8150/43383] 서울아주초등학교 202510 · 누적 32,673건 (요청 8,150회)
[8200/43383] 위례솔중학교 202510 · 누적 32,673건 (요청 8,200회)
[8250/43383] 서울방산초등학교 202509 · 누적 32,673건 (요청 8,250회)
[8300/43383] 명일중학교 202509 · 누적 32,673건 (요청 8,300회)
[8350/43383] 서울거여초등학교 202508 · 누적 32,673건 (요청 8,350회)
[8400/43383] 서울천동초등학교 202508 · 누적 32,673건 (요청 8,400회)
[8450/43383] 보인중학교 202508 · 누적 32,673건 (요청 8,450회)
[8500/43383] 서울신가초등학교 202507 · 누적 32,673건 (요청 8,500회)
[8550/43383] 아주중학교 202507 · 누적 32,673건 (요청 8,550회)
[8600/43383] 서울묘곡초등학교 202506 · 누적 32,673건 (요청 8,600회)
[8650/43383] 강일중학교 202506 · 누적 32,673건 (요청 8,650회)
[8700/43383] 서울강빛초등학교 202505 · 누적 32,673건 (요청 8,700회)
[8750/43383] 서울잠일초등학교 202505 · 누적 32,673건 (요청 8,750회)
[8800/43383] 동신중학교 202505 · 누적 32,673건 (요청 8,800회)
[8850/43383] 서울세륜초등학교 202504 · 누적 32,673건 (요청 8,850회)
[8900/43383] 송파중학교 202504 · 누적 32,673건 (요청 8,900회)
[8950/43383] 서울마천초등학교 202503 · 누적 32,673건 (요청 8,950회)
[9000/43383] 가원중학교 202503 · 누적 32,673건 (요청 9,000회)
[9050/43383] 서울가주초등학교 202502 · 누적 32,673건 (요청 9,050회)
[9100/43383] 서울위례초등학교 202502 · 누적 32,673건 (요청 9,100회)
[9150/43383] 풍성중학교 202502 · 누적 32,673건 (요청 9,150회)
[9200/43383] 서울선린초등학교 202501 · 누적 32,673건 (요청 9,200회)
[9250/43383] 석촌중학교 202501 · 누적 32,673건 (요청 9,250회)
[9300/43383] 서울길동초등학교 202412 · 누적 32,673건 (요청 9,300회)
[9350/43383] 서울풍성초등학교 202412 · 누적 32,673건 (요청 9,350회)
[9400/43383] 한영중학교 202412 · 누적 32,673건 (요청 9,400회)
[9450/43383] 서울오금초등학교 202411 · 누적 32,673건 (요청 9,450회)
[9500/43383] 잠실중학교 202411 · 누적 32,673건 (요청 9,500회)
[9550/43383] 서울버들초등학교 202410 · 누적 32,673건 (요청 9,550회)
[9600/43383] 문현중학교 202410 · 누적 32,673건 (요청 9,600회)
[9650/43383] 서울고덕초등학교 202409 · 누적 32,673건 (요청 9,650회)
[9700/43383] 서울천호초등학교 202409 · 누적 32,673건 (요청 9,700회)
[9750/43383] 성덕여자중학교 202409 · 누적 32,673건 (요청 9,750회)
[9800/43383] 서울신암초등학교 202408 · 누적 32,673건 (요청 9,800회)
[9850/43383] 오륜중학교 202408 · 누적 32,673건 (요청 9,850회)
[9900/43383] 서울문정초등학교 202407 · 누적 32,673건 (요청 9,900회)
[9950/43383] 고덕중학교 202407 · 누적 32,673건 (요청 9,950회)
[10000/43383] 서울강일초등학교 202406 · 누적 32,673건 (요청 10,000회)
[10050/43383] 서울잠현초등학교 202406 · 누적 32,673건 (요청 10,050회)
[10100/43383] 배재중학교 202406 · 누적 32,673건 (요청 10,100회)
[10150/43383] 서울송전초등학교 202405 · 누적 32,673건 (요청 10,150회)
[10200/43383] 신암중학교 202405 · 누적 32,673건 (요청 10,200회)
[10250/43383] 서울명원초등학교 202404 · 누적 32,673건 (요청 10,250회)
[10300/43383] 강명중학교 202404 · 누적 32,673건 (요청 10,300회)
[10350/43383] 서울강동초등학교 202403 · 누적 32,673건 (요청 10,350회)
[10400/43383] 서울잠신초등학교 202403 · 누적 32,673건 (요청 10,400회)
[10450/43383] 해누리중학교 202403 · 누적 32,673건 (요청 10,450회)
[10500/43383] 서울성내초등학교 202402 · 누적 32,673건 (요청 10,500회)
[10550/43383] 세륜중학교 202402 · 누적 32,673건 (요청 10,550회)
[10600/43383] 서울대명초등학교 202401 · 누적 32,673건 (요청 10,600회)
[10650/43383] 서울해누리초등학교 202401 · 누적 32,673건 (요청 10,650회)
[10700/43383] 서울가락초등학교 202312 · 누적 32,673건 (요청 10,700회)
[10750/43383] 서울위례별초등학교 202312 · 누적 32,673건 (요청 10,750회)
[10800/43383] 천호중학교 202312 · 누적 32,673건 (요청 10,800회)
[10850/43383] 서울상일초등학교 202311 · 누적 32,673건 (요청 10,850회)
[10900/43383] 방이중학교 202311 · 누적 32,673건 (요청 10,900회)
[10950/43383] 서울고일초등학교 202310 · 누적 32,673건 (요청 10,950회)
[11000/43383] 서울평화초등학교 202310 · 누적 32,673건 (요청 11,000회)
[11050/43383] 일신여자중학교 202310 · 누적 32,673건 (요청 11,050회)
[11100/43383] 서울아주초등학교 202309 · 누적 32,673건 (요청 11,100회)
[11150/43383] 위례솔중학교 202309 · 누적 32,673건 (요청 11,150회)
[11200/43383] 서울방산초등학교 202308 · 누적 32,673건 (요청 11,200회)
[11250/43383] 명일중학교 202308 · 누적 32,673건 (요청 11,250회)
[11300/43383] 서울거여초등학교 202307 · 누적 32,673건 (요청 11,300회)
[11350/43383] 서울천동초등학교 202307 · 누적 32,673건 (요청 11,350회)
[11400/43383] 보인중학교 202307 · 누적 32,673건 (요청 11,400회)
[11450/43383] 서울신가초등학교 202306 · 누적 32,673건 (요청 11,450회)
[11500/43383] 아주중학교 202306 · 누적 32,673건 (요청 11,500회)
[11550/43383] 서울묘곡초등학교 202305 · 누적 32,673건 (요청 11,550회)
[11600/43383] 강일중학교 202305 · 누적 32,673건 (요청 11,600회)
[11650/43383] 서울강빛초등학교 202304 · 누적 32,673건 (요청 11,650회)
[11700/43383] 서울잠일초등학교 202304 · 누적 32,673건 (요청 11,700회)
[11750/43383] 동신중학교 202304 · 누적 32,673건 (요청 11,750회)
[11800/43383] 서울세륜초등학교 202303 · 누적 32,673건 (요청 11,800회)
[11850/43383] 송파중학교 202303 · 누적 32,673건 (요청 11,850회)
[11900/43383] 서울마천초등학교 202302 · 누적 32,673건 (요청 11,900회)
[11950/43383] 가원중학교 202302 · 누적 32,673건 (요청 11,950회)
[12000/43383] 서울가주초등학교 202301 · 누적 32,673건 (요청 12,000회)
[12050/43383] 서울위례초등학교 202301 · 누적 32,673건 (요청 12,050회)
[12100/43383] 풍성중학교 202301 · 누적 32,673건 (요청 12,100회)
[12150/43383] 서울신목초등학교 202607 · 누적 34,201건 (요청 12,150회)
[12200/43383] 신남중학교 202607 · 누적 36,229건 (요청 12,200회)
[12250/43383] 서울서정초등학교 202606 · 누적 38,334건 (요청 12,250회)
[12300/43383] 목일중학교 202606 · 누적 40,849건 (요청 12,300회)
[12350/43383] 서울등현초등학교 202605 · 누적 42,732건 (요청 12,350회)
[12400/43383] 공항중학교 202605 · 누적 44,540건 (요청 12,400회)
[12450/43383] 서울남명초등학교 202604 · 누적 45,786건 (요청 12,450회)
[12500/43383] 서울치현초등학교 202604 · 누적 45,786건 (요청 12,500회)
  재시도(HTTP Error 502: Bad Gateway) → 5초
[12550/43383] 서울강서초등학교 202603 · 누적 45,786건 (요청 12,550회)
[12600/43383] 서울우장초등학교 202603 · 누적 45,786건 (요청 12,600회)
[12650/43383] 봉영여자중학교 202603 · 누적 45,786건 (요청 12,650회)
[12700/43383] 서울양원초등학교 202602 · 누적 45,786건 (요청 12,700회)
[12750/43383] 염경중학교 202602 · 누적 45,786건 (요청 12,750회)
[12800/43383] 서울신원초등학교 202601 · 누적 45,786건 (요청 12,800회)
[12850/43383] 신서중학교 202601 · 누적 45,786건 (요청 12,850회)
[12900/43383] 서울송화초등학교 202512 · 누적 45,786건 (요청 12,900회)
[12950/43383] 방화중학교 202512 · 누적 45,786건 (요청 12,950회)
[13000/43383] 서울목운초등학교 202511 · 누적 45,786건 (요청 13,000회)
[13050/43383] 등명중학교 202511 · 누적 45,786건 (요청 13,050회)
[13100/43383] 서울등마초등학교 202510 · 누적 45,786건 (요청 13,100회)
[13150/43383] 서울화곡초등학교 202510 · 누적 45,786건 (요청 13,150회)
[13200/43383] 서울강월초등학교 202509 · 누적 45,786건 (요청 13,200회)
[13250/43383] 서울월촌초등학교 202509 · 누적 45,786건 (요청 13,250회)
[13300/43383] 양정중학교 202509 · 누적 45,786건 (요청 13,300회)
[13350/43383] 서울양화초등학교 202508 · 누적 45,786건 (요청 13,350회)
[13400/43383] 월촌중학교 202508 · 누적 45,786건 (요청 13,400회)
[13450/43383] 서울신은초등학교 202507 · 누적 45,786건 (요청 13,450회)
[13500/43383] 신월중학교 202507 · 누적 45,786건 (요청 13,500회)
[13550/43383] 서울신강초등학교 202506 · 누적 45,786건 (요청 13,550회)
[13600/43383] 삼정중학교 202506 · 누적 45,786건 (요청 13,600회)
[13650/43383] 서울발산초등학교 202505 · 누적 45,786건 (요청 13,650회)
[13700/43383] 마곡중학교 202505 · 누적 45,786건 (요청 13,700회)
[13750/43383] 서울등서초등학교 202504 · 누적 45,786건 (요청 13,750회)
[13800/43383] 유석초등학교 202504 · 누적 45,786건 (요청 13,800회)
[13850/43383] 서울경인초등학교 202503 · 누적 45,786건 (요청 13,850회)
[13900/43383] 서울장수초등학교 202503 · 누적 45,786건 (요청 13,900회)
[13950/43383] 화곡중학교 202503 · 누적 45,786건 (요청 13,950회)
[14000/43383] 서울염경초등학교 202502 · 누적 45,786건 (요청 14,000회)
[14050/43383] 덕원중학교 202502 · 누적 45,786건 (요청 14,050회)
[14100/43383] 서울양강초등학교 202501 · 누적 45,786건 (요청 14,100회)
[14150/43383] 양강중학교 202501 · 누적 45,786건 (요청 14,150회)
[14200/43383] 서울신기초등학교 202412 · 누적 45,786건 (요청 14,200회)
[14250/43383] 송정중학교 202412 · 누적 45,786건 (요청 14,250회)
[14300/43383] 서울백석초등학교 202411 · 누적 45,786건 (요청 14,300회)
[14350/43383] 목동중학교 202411 · 누적 45,786건 (요청 14,350회)
[14400/43383] 서울등원초등학교 202410 · 누적 45,786건 (요청 14,400회)
[14450/43383] 경서중학교 202410 · 누적 45,786건 (요청 14,450회)
[14500/43383] 서울공진초등학교 202409 · 누적 45,786건 (요청 14,500회)
[14550/43383] 서울정목초등학교 202409 · 누적 45,786건 (요청 14,550회)
[14600/43383] 서울가양초등학교 202408 · 누적 45,786건 (요청 14,600회)
[14650/43383] 서울염창초등학교 202408 · 누적 45,786건 (요청 14,650회)
[14700/43383] 마포중학교 202408 · 누적 45,786건 (요청 14,700회)
[14750/43383] 서울양명초등학교 202407 · 누적 45,786건 (요청 14,750회)
[14800/43383] 양서중학교 202407 · 누적 45,786건 (요청 14,800회)
[14850/43383] 서울신목초등학교 202406 · 누적 45,786건 (요청 14,850회)
[14900/43383] 신남중학교 202406 · 누적 45,786건 (요청 14,900회)
[14950/43383] 서울서정초등학교 202405 · 누적 45,786건 (요청 14,950회)
[15000/43383] 목일중학교 202405 · 누적 45,786건 (요청 15,000회)
[15050/43383] 서울등현초등학교 202404 · 누적 45,786건 (요청 15,050회)
[15100/43383] 공항중학교 202404 · 누적 45,786건 (요청 15,100회)
[15150/43383] 서울남명초등학교 202403 · 누적 45,786건 (요청 15,150회)
[15200/43383] 서울치현초등학교 202403 · 누적 45,786건 (요청 15,200회)
[15250/43383] 서울강서초등학교 202402 · 누적 45,786건 (요청 15,250회)
[15300/43383] 서울우장초등학교 202402 · 누적 45,786건 (요청 15,300회)
[15350/43383] 봉영여자중학교 202402 · 누적 45,786건 (요청 15,350회)
[15400/43383] 서울양원초등학교 202401 · 누적 45,786건 (요청 15,400회)
[15450/43383] 염경중학교 202401 · 누적 45,786건 (요청 15,450회)
[15500/43383] 서울신원초등학교 202312 · 누적 45,786건 (요청 15,500회)
[15550/43383] 신서중학교 202312 · 누적 45,786건 (요청 15,550회)
[15600/43383] 서울송화초등학교 202311 · 누적 45,786건 (요청 15,600회)
[15650/43383] 방화중학교 202311 · 누적 45,786건 (요청 15,650회)
[15700/43383] 서울목운초등학교 202310 · 누적 45,786건 (요청 15,700회)
[15750/43383] 등명중학교 202310 · 누적 45,786건 (요청 15,750회)
[15800/43383] 서울등마초등학교 202309 · 누적 45,786건 (요청 15,800회)
[15850/43383] 서울화곡초등학교 202309 · 누적 45,786건 (요청 15,850회)
[15900/43383] 서울강월초등학교 202308 · 누적 45,786건 (요청 15,900회)
[15950/43383] 서울월촌초등학교 202308 · 누적 45,786건 (요청 15,950회)
[16000/43383] 양정중학교 202308 · 누적 45,786건 (요청 16,000회)
[16050/43383] 서울양화초등학교 202307 · 누적 45,786건 (요청 16,050회)
  재시도(HTTP Error 502: Bad Gateway) → 5초
[16100/43383] 월촌중학교 202307 · 누적 45,786건 (요청 16,100회)
[16150/43383] 서울신은초등학교 202306 · 누적 45,786건 (요청 16,150회)
[16200/43383] 신월중학교 202306 · 누적 45,786건 (요청 16,200회)
[16250/43383] 서울신강초등학교 202305 · 누적 45,786건 (요청 16,250회)
[16300/43383] 삼정중학교 202305 · 누적 45,786건 (요청 16,300회)
[16350/43383] 서울발산초등학교 202304 · 누적 45,786건 (요청 16,350회)
[16400/43383] 마곡중학교 202304 · 누적 45,786건 (요청 16,400회)
[16450/43383] 서울등서초등학교 202303 · 누적 45,786건 (요청 16,450회)
[16500/43383] 유석초등학교 202303 · 누적 45,786건 (요청 16,500회)
[16550/43383] 서울경인초등학교 202302 · 누적 45,786건 (요청 16,550회)
[16600/43383] 서울장수초등학교 202302 · 누적 45,786건 (요청 16,600회)
[16650/43383] 화곡중학교 202302 · 누적 45,786건 (요청 16,650회)
[16700/43383] 서울염경초등학교 202301 · 누적 45,786건 (요청 16,700회)
[16750/43383] 덕원중학교 202301 · 누적 45,786건 (요청 16,750회)
[16800/43383] 서울신미림초등학교 202607 · 누적 47,477건 (요청 16,800회)
[16850/43383] 여의도중학교 202607 · 누적 49,090건 (요청 16,850회)
[16900/43383] 서울백산초등학교 202606 · 누적 51,136건 (요청 16,900회)
[16950/43383] 선유중학교 202606 · 누적 53,231건 (요청 16,950회)
[17000/43383] 서울두산초등학교 202605 · 누적 54,972건 (요청 17,000회)
[17050/43383] 난곡중학교 202605 · 누적 56,432건 (요청 17,050회)
[17100/43383] 서울대방초등학교 202604 · 누적 57,203건 (요청 17,100회)
[17150/43383] 가산중학교 202604 · 누적 57,203건 (요청 17,150회)
[17200/43383] 서울금산초등학교 202603 · 누적 57,203건 (요청 17,200회)
[17250/43383] 서울천왕초등학교 202603 · 누적 57,203건 (요청 17,250회)
[17300/43383] 서울고원초등학교 202602 · 누적 57,203건 (요청 17,300회)
[17350/43383] 서울오류남초등학교 202602 · 누적 57,203건 (요청 17,350회)
[17400/43383] 지구촌학교 중학교 202602 · 누적 57,203건 (요청 17,400회)
[17450/43383] 서울영림초등학교 202601 · 누적 57,203건 (요청 17,450회)
[17500/43383] 천왕중학교 202601 · 누적 57,203건 (요청 17,500회)
[17550/43383] 서울신영초등학교 202512 · 누적 57,203건 (요청 17,550회)
[17600/43383] 영남중학교 202512 · 누적 57,203건 (요청 17,600회)
[17650/43383] 서울선유초등학교 202511 · 누적 57,203건 (요청 17,650회)
[17700/43383] 세일중학교 202511 · 누적 57,203건 (요청 17,700회)
[17750/43383] 서울매봉초등학교 202510 · 누적 57,203건 (요청 17,750회)
[17800/43383] 당산서중학교 202510 · 누적 57,203건 (요청 17,800회)
[17850/43383] 서울대영초등학교 202509 · 누적 57,203건 (요청 17,850회)
[17900/43383] 개봉중학교 202509 · 누적 57,203건 (요청 17,900회)
[17950/43383] 서울금천초등학교 202508 · 누적 57,203건 (요청 17,950회)
[18000/43383] 서울천이초등학교 202508 · 누적 57,203건 (요청 18,000회)
[18050/43383] 서울고척초등학교 202507 · 누적 57,203건 (요청 18,050회)
[18100/43383] 서울오류초등학교 202507 · 누적 57,203건 (요청 18,100회)
[18150/43383] 학력인정 서현초등학교 202506 · 누적 57,203건 (요청 18,150회)
[18200/43383] 서울영문초등학교 202506 · 누적 57,203건 (요청 18,200회)
[18250/43383] 한울중학교 202506 · 누적 57,203건 (요청 18,250회)
[18300/43383] 서울신흥초등학교 202505 · 누적 57,203건 (요청 18,300회)
[18350/43383] 영림중학교 202505 · 누적 57,203건 (요청 18,350회)
[18400/43383] 서울세곡초등학교 202504 · 누적 57,203건 (요청 18,400회)
[18450/43383] 시흥중학교 202504 · 누적 57,203건 (요청 18,450회)
[18500/43383] 서울문교초등학교 202503 · 누적 57,203건 (요청 18,500회)
[18550/43383] 당산중학교 202503 · 누적 57,203건 (요청 18,550회)
[18600/43383] 서울덕의초등학교 202502 · 누적 57,203건 (요청 18,600회)
[18650/43383] 개웅중학교 202502 · 누적 57,203건 (요청 18,650회)
[18700/43383] 서울당산초등학교 202501 · 누적 57,203건 (요청 18,700회)
[18750/43383] 서울탑동초등학교 202501 · 누적 57,203건 (요청 18,750회)
[18800/43383] 서울구로남초등학교 202412 · 누적 57,203건 (요청 18,800회)
[18850/43383] 서울오정초등학교 202412 · 누적 57,203건 (요청 18,850회)
[18900/43383] 서울가산초등학교 202411 · 누적 57,203건 (요청 18,900회)
[18950/43383] 서울영서초등학교 202411 · 누적 57,203건 (요청 18,950회)
[19000/43383] 항동중학교 202411 · 누적 57,203건 (요청 19,000회)
[19050/43383] 서울안천초등학교 202410 · 누적 57,203건 (요청 19,050회)
[19100/43383] 영서중학교 202410 · 누적 57,203건 (요청 19,100회)
[19150/43383] 서울시흥초등학교 202409 · 누적 57,203건 (요청 19,150회)
[19200/43383] 신길중학교 202409 · 누적 57,203건 (요청 19,200회)
[19250/43383] 서울문래초등학교 202408 · 누적 57,203건 (요청 19,250회)
[19300/43383] 대림중학교 202408 · 누적 57,203건 (요청 19,300회)
[19350/43383] 서울도림초등학교 202407 · 누적 57,203건 (요청 19,350회)
[19400/43383] 경인중학교 202407 · 누적 57,203건 (요청 19,400회)
[19450/43383] 서울당서초등학교 202406 · 누적 57,203건 (요청 19,450회)
[19500/43383] 서울하늘숲초등학교 202406 · 누적 57,203건 (요청 19,500회)
[19550/43383] 서울구로초등학교 202405 · 누적 57,203건 (요청 19,550회)
[19600/43383] 서울온수초등학교 202405 · 누적 57,203건 (요청 19,600회)
[19650/43383] 서울개명초등학교 202404 · 누적 57,203건 (요청 19,650회)
[19700/43383] 서울영신초등학교 202404 · 누적 57,203건 (요청 19,700회)
[19750/43383] 동일중학교 202404 · 누적 57,203건 (요청 19,750회)
[19800/43383] 서울여의도초등학교 202403 · 누적 57,203건 (요청 19,800회)
[19850/43383] 영원중학교 202403 · 누적 57,203건 (요청 19,850회)
[19900/43383] 서울신구로초등학교 202402 · 누적 57,203건 (요청 19,900회)
[19950/43383] 신도림중학교 202402 · 누적 57,203건 (요청 19,950회)
[20000/43383] 서울문백초등학교 202401 · 누적 57,203건 (요청 20,000회)
[20050/43383] 대영중학교 202401 · 누적 57,203건 (요청 20,050회)
[20100/43383] 서울도신초등학교 202312 · 누적 57,203건 (요청 20,100회)
[20150/43383] 고척중학교 202312 · 누적 57,203건 (요청 20,150회)
[20200/43383] 서울당중초등학교 202311 · 누적 57,203건 (요청 20,200회)
[20250/43383] 서울항동초등학교 202311 · 누적 57,203건 (요청 20,250회)
[20300/43383] 서울구일초등학교 202310 · 누적 57,203건 (요청 20,300회)
[20350/43383] 서울우신초등학교 202310 · 누적 57,203건 (요청 20,350회)
[20400/43383] 서울개봉초등학교 202309 · 누적 57,203건 (요청 20,400회)
[20450/43383] 서울영원초등학교 202309 · 누적 57,203건 (요청 20,450회)
[20500/43383] 문일중학교 202309 · 누적 57,203건 (요청 20,500회)
[20550/43383] 서울영남초등학교 202308 · 누적 57,203건 (요청 20,550회)
[20600/43383] 오남중학교 202308 · 누적 57,203건 (요청 20,600회)
[20650/43383] 서울신대림초등학교 202307 · 누적 57,203건 (요청 20,650회)
[20700/43383] 안천중학교 202307 · 누적 57,203건 (요청 20,700회)
[20750/43383] 서울문성초등학교 202306 · 누적 57,203건 (요청 20,750회)
[20800/43383] 문래중학교 202306 · 누적 57,203건 (요청 20,800회)
[20850/43383] 서울독산초등학교 202305 · 누적 57,203건 (요청 20,850회)
[20900/43383] 구로중학교 202305 · 누적 57,203건 (요청 20,900회)
[20950/43383] 서울대길초등학교 202304 · 누적 57,203건 (요청 20,950회)
[21000/43383] 서울흥일초등학교 202304 · 누적 57,203건 (요청 21,000회)
[21050/43383] 서울금나래초등학교 202303 · 누적 57,203건 (요청 21,050회)
[21100/43383] 서울윤중초등학교 202303 · 누적 57,203건 (요청 21,100회)
[21150/43383] 서울개웅초등학교 202302 · 누적 57,203건 (요청 21,150회)
[21200/43383] 서울영일초등학교 202302 · 누적 57,203건 (요청 21,200회)
[21250/43383] 우신중학교 202302 · 누적 57,203건 (요청 21,250회)
[21300/43383] 서울영림초등학교 202301 · 누적 57,203건 (요청 21,300회)
[21350/43383] 천왕중학교 202301 · 누적 57,203건 (요청 21,350회)
[21400/43383] 은석초등학교 202607 · 누적 58,917건 (요청 21,400회)
[21450/43383] 서울신현초등학교 202606 · 누적 60,999건 (요청 21,450회)
[21500/43383] 영란여자중학교 202606 · 누적 63,324건 (요청 21,500회)
[21550/43383] 동원중학교 202605 · 누적 65,010건 (요청 21,550회)
[21600/43383] 서울양원숲초등학교 202604 · 누적 65,936건 (요청 21,600회)
[21650/43383] 혜원여자중학교 202604 · 누적 65,936건 (요청 21,650회)
[21700/43383] 봉화중학교 202603 · 누적 65,936건 (요청 21,700회)
[21750/43383] 서울원묵초등학교 202602 · 누적 65,936건 (요청 21,750회)
[21800/43383] 서울군자초등학교 202601 · 누적 65,936건 (요청 21,800회)
[21850/43383] 성일중학교 202601 · 누적 65,936건 (요청 21,850회)
[21900/43383] 서울장평초등학교 202512 · 누적 65,936건 (요청 21,900회)
[21950/43383] 서울동답초등학교 202511 · 누적 65,936건 (요청 21,950회)
[22000/43383] 신현중학교 202511 · 누적 65,936건 (요청 22,000회)
[22050/43383] 서울전농초등학교 202510 · 누적 65,936건 (요청 22,050회)
[22100/43383] 서울망우초등학교 202509 · 누적 65,936건 (요청 22,100회)
[22150/43383] 원묵중학교 202509 · 누적 65,936건 (요청 22,150회)
[22200/43383] 서울종암초등학교 202508 · 누적 65,936건 (요청 22,200회)
[22250/43383] 서울면동초등학교 202507 · 누적 65,936건 (요청 22,250회)
[22300/43383] 장평중학교 202507 · 누적 65,936건 (요청 22,300회)
[22350/43383] 서울중랑초등학교 202506 · 누적 65,936건 (요청 22,350회)
[22400/43383] 서울면북초등학교 202505 · 누적 65,936건 (요청 22,400회)
[22450/43383] 전동중학교 202505 · 누적 65,936건 (요청 22,450회)
[22500/43383] 서울중화초등학교 202504 · 누적 65,936건 (요청 22,500회)
[22550/43383] 서울면중초등학교 202503 · 누적 65,936건 (요청 22,550회)
[22600/43383] 중랑중학교 202503 · 누적 65,936건 (요청 22,600회)
[22650/43383] 서울청량초등학교 202502 · 누적 65,936건 (요청 22,650회)
[22700/43383] 서울묵현초등학교 202501 · 누적 65,936건 (요청 22,700회)
[22750/43383] 청량중학교 202501 · 누적 65,936건 (요청 22,750회)
[22800/43383] 서울홍파초등학교 202412 · 누적 65,936건 (요청 22,800회)
[22850/43383] 서울봉화초등학교 202411 · 누적 65,936건 (요청 22,850회)
[22900/43383] 휘경중학교 202411 · 누적 65,936건 (요청 22,900회)
[22950/43383] 서울휘봉초등학교 202410 · 누적 65,936건 (요청 22,950회)
[23000/43383] 서울새솔초등학교 202409 · 누적 65,936건 (요청 23,000회)
[23050/43383] 경희중학교 202409 · 누적 65,936건 (요청 23,050회)
[23100/43383] 금성초등학교 202408 · 누적 65,936건 (요청 23,100회)
[23150/43383] 서울신답초등학교 202407 · 누적 65,936건 (요청 23,150회)
[23200/43383] 동국대학교사범대학부속중학교 202407 · 누적 65,936건 (요청 23,200회)
[23250/43383] 은석초등학교 202406 · 누적 65,936건 (요청 23,250회)
[23300/43383] 서울신현초등학교 202405 · 누적 65,936건 (요청 23,300회)
[23350/43383] 영란여자중학교 202405 · 누적 65,936건 (요청 23,350회)
[23400/43383] 동원중학교 202404 · 누적 65,936건 (요청 23,400회)
[23450/43383] 서울양원숲초등학교 202403 · 누적 65,936건 (요청 23,450회)
[23500/43383] 혜원여자중학교 202403 · 누적 65,936건 (요청 23,500회)
[23550/43383] 봉화중학교 202402 · 누적 65,936건 (요청 23,550회)
[23600/43383] 서울원묵초등학교 202401 · 누적 65,936건 (요청 23,600회)
[23650/43383] 서울군자초등학교 202312 · 누적 65,936건 (요청 23,650회)
[23700/43383] 성일중학교 202312 · 누적 65,936건 (요청 23,700회)
[23750/43383] 서울장평초등학교 202311 · 누적 65,936건 (요청 23,750회)
[23800/43383] 서울동답초등학교 202310 · 누적 65,936건 (요청 23,800회)
[23850/43383] 신현중학교 202310 · 누적 65,936건 (요청 23,850회)
[23900/43383] 서울전농초등학교 202309 · 누적 65,936건 (요청 23,900회)
[23950/43383] 서울망우초등학교 202308 · 누적 65,936건 (요청 23,950회)
[24000/43383] 원묵중학교 202308 · 누적 65,936건 (요청 24,000회)
[24050/43383] 서울종암초등학교 202307 · 누적 65,936건 (요청 24,050회)
[24100/43383] 서울면동초등학교 202306 · 누적 65,936건 (요청 24,100회)
[24150/43383] 장평중학교 202306 · 누적 65,936건 (요청 24,150회)
[24200/43383] 서울중랑초등학교 202305 · 누적 65,936건 (요청 24,200회)
[24250/43383] 서울면북초등학교 202304 · 누적 65,936건 (요청 24,250회)
[24300/43383] 전동중학교 202304 · 누적 65,936건 (요청 24,300회)
[24350/43383] 서울중화초등학교 202303 · 누적 65,936건 (요청 24,350회)
[24400/43383] 서울면중초등학교 202302 · 누적 65,936건 (요청 24,400회)
[24450/43383] 중랑중학교 202302 · 누적 65,936건 (요청 24,450회)
[24500/43383] 서울청량초등학교 202301 · 누적 65,936건 (요청 24,500회)
[24550/43383] 서울동작초등학교 202607 · 누적 66,380건 (요청 24,550회)
[24600/43383] 신관중학교 202607 · 누적 68,239건 (요청 24,600회)
[24650/43383] 서울은천초등학교 202606 · 누적 70,195건 (요청 24,650회)
[24700/43383] 서울당곡초등학교 202605 · 누적 72,023건 (요청 24,700회)
[24750/43383] 상도중학교 202605 · 누적 73,620건 (요청 24,750회)
[24800/43383] 서울원신초등학교 202604 · 누적 73,972건 (요청 24,800회)
[24850/43383] 서울남성초등학교 202603 · 누적 73,972건 (요청 24,850회)
[24900/43383] 사당중학교 202603 · 누적 73,972건 (요청 24,900회)
[24950/43383] 서울영화초등학교 202602 · 누적 73,972건 (요청 24,950회)
[25000/43383] 서울남부초등학교 202601 · 누적 73,972건 (요청 25,000회)
[25050/43383] 봉림중학교 202601 · 누적 73,972건 (요청 25,050회)
[25100/43383] 서울신우초등학교 202512 · 누적 73,972건 (요청 25,100회)
[25150/43383] 서울난우초등학교 202511 · 누적 73,972건 (요청 25,150회)
[25200/43383] 문창중학교 202511 · 누적 73,972건 (요청 25,200회)
[25250/43383] 서울신상도초등학교 202510 · 누적 73,972건 (요청 25,250회)
[25300/43383] 서울구암초등학교 202509 · 누적 73,972건 (요청 25,300회)
[25350/43383] 대방중학교 202509 · 누적 73,972건 (요청 25,350회)
[25400/43383] 서울신림초등학교 202508 · 누적 73,972건 (요청 25,400회)
[25450/43383] 서울강남초등학교 202507 · 누적 73,972건 (요청 25,450회)
[25500/43383] 남성중학교 202507 · 누적 73,972건 (요청 25,500회)
[25550/43383] 서울신남성초등학교 202506 · 누적 73,972건 (요청 25,550회)
[25600/43383] 서울강남초등학교 202505 · 누적 73,972건 (요청 25,600회)
[25650/43383] 남성중학교 202505 · 누적 73,972건 (요청 25,650회)
[25700/43383] 서울신남성초등학교 202504 · 누적 73,972건 (요청 25,700회)
[25750/43383] 서울강남초등학교 202503 · 누적 73,972건 (요청 25,750회)
[25800/43383] 남성중학교 202503 · 누적 73,972건 (요청 25,800회)
[25850/43383] 서울신남성초등학교 202502 · 누적 73,972건 (요청 25,850회)
[25900/43383] 서울강남초등학교 202501 · 누적 73,972건 (요청 25,900회)
[25950/43383] 남성중학교 202501 · 누적 73,972건 (요청 25,950회)
[26000/43383] 서울신남성초등학교 202412 · 누적 73,972건 (요청 26,000회)
[26050/43383] 서울강남초등학교 202411 · 누적 73,972건 (요청 26,050회)
[26100/43383] 남성중학교 202411 · 누적 73,972건 (요청 26,100회)
[26150/43383] 서울신남성초등학교 202410 · 누적 73,972건 (요청 26,150회)
[26200/43383] 서울강남초등학교 202409 · 누적 73,972건 (요청 26,200회)
[26250/43383] 남성중학교 202409 · 누적 73,972건 (요청 26,250회)
[26300/43383] 서울신남성초등학교 202408 · 누적 73,972건 (요청 26,300회)
[26350/43383] 서울강남초등학교 202407 · 누적 73,972건 (요청 26,350회)
[26400/43383] 남성중학교 202407 · 누적 73,972건 (요청 26,400회)
[26450/43383] 서울신남성초등학교 202406 · 누적 73,972건 (요청 26,450회)
[26500/43383] 서울강남초등학교 202405 · 누적 73,972건 (요청 26,500회)
[26550/43383] 남성중학교 202405 · 누적 73,972건 (요청 26,550회)
[26600/43383] 서울신남성초등학교 202404 · 누적 73,972건 (요청 26,600회)
[26650/43383] 서울강남초등학교 202403 · 누적 73,972건 (요청 26,650회)
[26700/43383] 남성중학교 202403 · 누적 73,972건 (요청 26,700회)
[26750/43383] 서울신남성초등학교 202402 · 누적 73,972건 (요청 26,750회)
[26800/43383] 서울강남초등학교 202401 · 누적 73,972건 (요청 26,800회)
[26850/43383] 남성중학교 202401 · 누적 73,972건 (요청 26,850회)
[26900/43383] 서울신남성초등학교 202312 · 누적 73,972건 (요청 26,900회)
[26950/43383] 서울강남초등학교 202311 · 누적 73,972건 (요청 26,950회)
[27000/43383] 남성중학교 202311 · 누적 73,972건 (요청 27,000회)
[27050/43383] 서울신남성초등학교 202310 · 누적 73,972건 (요청 27,050회)
[27100/43383] 서울강남초등학교 202309 · 누적 73,972건 (요청 27,100회)
[27150/43383] 남성중학교 202309 · 누적 73,972건 (요청 27,150회)
[27200/43383] 서울신남성초등학교 202308 · 누적 73,972건 (요청 27,200회)
[27250/43383] 서울강남초등학교 202307 · 누적 73,972건 (요청 27,250회)
[27300/43383] 남성중학교 202307 · 누적 73,972건 (요청 27,300회)
[27350/43383] 서울신남성초등학교 202306 · 누적 73,972건 (요청 27,350회)
[27400/43383] 서울강남초등학교 202305 · 누적 73,972건 (요청 27,400회)
[27450/43383] 남성중학교 202305 · 누적 73,972건 (요청 27,450회)
[27500/43383] 서울신남성초등학교 202304 · 누적 73,972건 (요청 27,500회)
[27550/43383] 서울강남초등학교 202303 · 누적 73,972건 (요청 27,550회)
[27600/43383] 남성중학교 202303 · 누적 73,972건 (요청 27,600회)
[27650/43383] 서울신남성초등학교 202302 · 누적 73,972건 (요청 27,650회)
[27700/43383] 서울강남초등학교 202301 · 누적 73,972건 (요청 27,700회)
[27750/43383] 남성중학교 202301 · 누적 73,972건 (요청 27,750회)
[27800/43383] 서울숭미초등학교 202607 · 누적 74,974건 (요청 27,800회)
[27850/43383] 상경중학교 202607 · 누적 76,638건 (요청 27,850회)
[27900/43383] 서울상월초등학교 202606 · 누적 78,454건 (요청 27,900회)
[27950/43383] 도봉중학교 202606 · 누적 80,514건 (요청 27,950회)
[28000/43383] 서울상경초등학교 202605 · 누적 82,274건 (요청 28,000회)
[28050/43383] 공릉중학교 202605 · 누적 83,864건 (요청 28,050회)
[28100/43383] 서울도봉초등학교 202604 · 누적 84,831건 (요청 28,100회)
[28150/43383] 상명초등학교 202604 · 누적 84,831건 (요청 28,150회)
[28200/43383] 서울노일초등학교 202603 · 누적 84,831건 (요청 28,200회)
[28250/43383] 서울초당초등학교 202603 · 누적 84,831건 (요청 28,250회)
[28300/43383] 서울가인초등학교 202602 · 누적 84,831건 (요청 28,300회)
[28350/43383] 서울창동초등학교 202602 · 누적 84,831건 (요청 28,350회)
[28400/43383] 염광중학교 202602 · 누적 84,831건 (요청 28,400회)
[28450/43383] 서울중원초등학교 202601 · 누적 84,831건 (요청 28,450회)
[28500/43383] 한천중학교 202601 · 누적 84,831건 (요청 28,500회)
[28550/43383] 서울월계초등학교 202512 · 누적 84,831건 (요청 28,550회)
[28600/43383] 창동중학교 202512 · 누적 84,831건 (요청 28,600회)
[28650/43383] 서울오봉초등학교 202511 · 누적 84,831건 (요청 28,650회)
[28700/43383] 월계중학교 202511 · 누적 84,831건 (요청 28,700회)
[28750/43383] 서울신학초등학교 202510 · 누적 84,831건 (요청 28,750회)
[28800/43383] 신도봉중학교 202510 · 누적 84,831건 (요청 28,800회)
[28850/43383] 서울숭미초등학교 202509 · 누적 84,831건 (요청 28,850회)
[28900/43383] 상경중학교 202509 · 누적 84,831건 (요청 28,900회)
[28950/43383] 서울상월초등학교 202508 · 누적 84,831건 (요청 28,950회)
[29000/43383] 도봉중학교 202508 · 누적 84,831건 (요청 29,000회)
[29050/43383] 서울상경초등학교 202507 · 누적 84,831건 (요청 29,050회)
[29100/43383] 공릉중학교 202507 · 누적 84,831건 (요청 29,100회)
[29150/43383] 서울도봉초등학교 202506 · 누적 84,831건 (요청 29,150회)
[29200/43383] 상명초등학교 202506 · 누적 84,831건 (요청 29,200회)
[29250/43383] 서울노일초등학교 202505 · 누적 84,831건 (요청 29,250회)
[29300/43383] 서울초당초등학교 202505 · 누적 84,831건 (요청 29,300회)
[29350/43383] 서울가인초등학교 202504 · 누적 84,831건 (요청 29,350회)
[29400/43383] 서울창동초등학교 202504 · 누적 84,831건 (요청 29,400회)
[29450/43383] 염광중학교 202504 · 누적 84,831건 (요청 29,450회)
[29500/43383] 서울중원초등학교 202503 · 누적 84,831건 (요청 29,500회)
[29550/43383] 한천중학교 202503 · 누적 84,831건 (요청 29,550회)
[29600/43383] 서울월계초등학교 202502 · 누적 84,831건 (요청 29,600회)
[29650/43383] 창동중학교 202502 · 누적 84,831건 (요청 29,650회)
[29700/43383] 서울오봉초등학교 202501 · 누적 84,831건 (요청 29,700회)
[29750/43383] 월계중학교 202501 · 누적 84,831건 (요청 29,750회)
[29800/43383] 서울신학초등학교 202412 · 누적 84,831건 (요청 29,800회)
[29850/43383] 신도봉중학교 202412 · 누적 84,831건 (요청 29,850회)
[29900/43383] 서울숭미초등학교 202411 · 누적 84,831건 (요청 29,900회)
[29950/43383] 상경중학교 202411 · 누적 84,831건 (요청 29,950회)
[30000/43383] 서울상월초등학교 202410 · 누적 84,831건 (요청 30,000회)
[30050/43383] 도봉중학교 202410 · 누적 84,831건 (요청 30,050회)
[30100/43383] 서울상경초등학교 202409 · 누적 84,831건 (요청 30,100회)
[30150/43383] 공릉중학교 202409 · 누적 84,831건 (요청 30,150회)
[30200/43383] 서울도봉초등학교 202408 · 누적 84,831건 (요청 30,200회)
[30250/43383] 상명초등학교 202408 · 누적 84,831건 (요청 30,250회)
[30300/43383] 서울노일초등학교 202407 · 누적 84,831건 (요청 30,300회)
[30350/43383] 서울초당초등학교 202407 · 누적 84,831건 (요청 30,350회)
[30400/43383] 서울가인초등학교 202406 · 누적 84,831건 (요청 30,400회)
[30450/43383] 서울창동초등학교 202406 · 누적 84,831건 (요청 30,450회)
[30500/43383] 염광중학교 202406 · 누적 84,831건 (요청 30,500회)
[30550/43383] 서울중원초등학교 202405 · 누적 84,831건 (요청 30,550회)
[30600/43383] 한천중학교 202405 · 누적 84,831건 (요청 30,600회)
[30650/43383] 서울월계초등학교 202404 · 누적 84,831건 (요청 30,650회)
[30700/43383] 창동중학교 202404 · 누적 84,831건 (요청 30,700회)
[30750/43383] 서울오봉초등학교 202403 · 누적 84,831건 (요청 30,750회)
[30800/43383] 월계중학교 202403 · 누적 84,831건 (요청 30,800회)
[30850/43383] 서울신학초등학교 202402 · 누적 84,831건 (요청 30,850회)
[30900/43383] 신도봉중학교 202402 · 누적 84,831건 (요청 30,900회)
[30950/43383] 서울숭미초등학교 202401 · 누적 84,831건 (요청 30,950회)
[31000/43383] 상경중학교 202401 · 누적 84,831건 (요청 31,000회)
[31050/43383] 서울상월초등학교 202312 · 누적 84,831건 (요청 31,050회)
[31100/43383] 도봉중학교 202312 · 누적 84,831건 (요청 31,100회)
[31150/43383] 서울상경초등학교 202311 · 누적 84,831건 (요청 31,150회)
[31200/43383] 공릉중학교 202311 · 누적 84,831건 (요청 31,200회)
[31250/43383] 서울도봉초등학교 202310 · 누적 84,831건 (요청 31,250회)
[31300/43383] 상명초등학교 202310 · 누적 84,831건 (요청 31,300회)
[31350/43383] 서울노일초등학교 202309 · 누적 84,831건 (요청 31,350회)
[31400/43383] 서울초당초등학교 202309 · 누적 84,831건 (요청 31,400회)
[31450/43383] 서울가인초등학교 202308 · 누적 84,831건 (요청 31,450회)
[31500/43383] 서울창동초등학교 202308 · 누적 84,831건 (요청 31,500회)
[31550/43383] 염광중학교 202308 · 누적 84,831건 (요청 31,550회)
[31600/43383] 서울중원초등학교 202307 · 누적 84,831건 (요청 31,600회)
[31650/43383] 한천중학교 202307 · 누적 84,831건 (요청 31,650회)
[31700/43383] 서울월계초등학교 202306 · 누적 84,831건 (요청 31,700회)
[31750/43383] 창동중학교 202306 · 누적 84,831건 (요청 31,750회)
[31800/43383] 서울오봉초등학교 202305 · 누적 84,831건 (요청 31,800회)
[31850/43383] 월계중학교 202305 · 누적 84,831건 (요청 31,850회)
[31900/43383] 서울신학초등학교 202304 · 누적 84,831건 (요청 31,900회)
[31950/43383] 신도봉중학교 202304 · 누적 84,831건 (요청 31,950회)
[32000/43383] 서울숭미초등학교 202303 · 누적 84,831건 (요청 32,000회)
[32050/43383] 상경중학교 202303 · 누적 84,831건 (요청 32,050회)
[32100/43383] 서울상월초등학교 202302 · 누적 84,831건 (요청 32,100회)
[32150/43383] 도봉중학교 202302 · 누적 84,831건 (요청 32,150회)
[32200/43383] 서울상경초등학교 202301 · 누적 84,831건 (요청 32,200회)
[32250/43383] 공릉중학교 202301 · 누적 84,831건 (요청 32,250회)
[32300/43383] 서울대신초등학교 202607 · 누적 85,121건 (요청 32,300회)
[32350/43383] 서울하늘초등학교 202607 · 누적 86,985건 (요청 32,350회)
[32400/43383] 숭문중학교 202607 · 누적 88,171건 (요청 32,400회)
[32450/43383] 서울어울초등학교 202606 · 누적 90,152건 (요청 32,450회)
[32500/43383] 아현중학교 202606 · 누적 91,961건 (요청 32,500회)
학교 게시물 7,070건 (남은 것 -25,341건)
[616/7070] 서울이수초등학교 202606 · 누적 32건 (요청 50회)
[5486/7070] 창천중학교 202606 · 누적 373건 (요청 100회)
[5536/7070] 서울성원초등학교 202605 · 누적 1,872건 (요청 150회)
[5586/7070] 상신중학교 202605 · 누적 3,238건 (요청 200회)
[5636/7070] 서울금화초등학교 202604 · 누적 4,382건 (요청 250회)
[5686/7070] 서울창서초등학교 202604 · 누적 4,382건 (요청 300회)
[5736/7070] 선일여자중학교 202604 · 누적 4,382건 (요청 350회)
[5786/7070] 서울아현초등학교 202603 · 누적 4,382건 (요청 400회)
[5836/7070] 신수중학교 202603 · 누적 4,382건 (요청 450회)
[5886/7070] 서울미동초등학교 202602 · 누적 4,382건 (요청 500회)
[5936/7070] 명지초등학교 202602 · 누적 4,382건 (요청 550회)
[5986/7070] 정원여자중학교 202602 · 누적 4,382건 (요청 600회)
[6036/7070] 서울연천초등학교 202601 · 누적 4,382건 (요청 650회)
[6086/7070] 은평중학교 202601 · 누적 4,382건 (요청 700회)
[6136/7070] 서울우이초등학교 202607 · 누적 5,438건 (요청 750회)
[6186/7070] 서울길원초등학교 202606 · 누적 7,095건 (요청 800회)
[6236/7070] 솔샘중학교 202606 · 누적 9,400건 (요청 850회)
[6286/7070] 서울일신초등학교 202605 · 누적 11,353건 (요청 900회)
[6336/7070] 서울미아초등학교 202604 · 누적 12,566건 (요청 950회)
[6386/7070] 월곡중학교 202604 · 누적 12,566건 (요청 1,000회)
[6436/7070] 서울정덕초등학교 202603 · 누적 12,566건 (요청 1,050회)
[6486/7070] 서울삼선초등학교 202602 · 누적 12,566건 (요청 1,100회)
[6536/7070] 화계중학교 202602 · 누적 12,566건 (요청 1,150회)
[6586/7070] 서울화계초등학교 202601 · 누적 12,566건 (요청 1,200회)
[6636/7070] 서울세검정초등학교 202607 · 누적 13,020건 (요청 1,250회)
[6686/7070] 환일중학교 202607 · 누적 14,361건 (요청 1,300회)
[6736/7070] 대경중학교 202606 · 누적 16,374건 (요청 1,350회)
[6786/7070] 상명대학교사범대학부속초등학교 202605 · 누적 17,575건 (요청 1,400회)
[6836/7070] 서울재동초등학교 202604 · 누적 18,093건 (요청 1,450회)
[6886/7070] 서울매동초등학교 202603 · 누적 18,093건 (요청 1,500회)
[6936/7070] 성심여자중학교 202603 · 누적 18,093건 (요청 1,550회)
[6986/7070] 용산중학교 202602 · 누적 18,093건 (요청 1,600회)
[7036/7070] 서울혜화초등학교 202601 · 누적 18,093건 (요청 1,650회)

완료 — 요청 1,684회, 학교 계약 18,093건 → 서울_candidates.csv
  [001] 목록 20쪽 · 학교 게시물 누적 938건
  [001] 목록 40쪽 · 학교 게시물 누적 1,883건
  [001] 목록 60쪽 · 학교 게시물 누적 2,861건
  [001] 목록 80쪽 · 학교 게시물 누적 2,881건
  [001] 목록 100쪽 · 학교 게시물 누적 2,881건
  [001] 목록 120쪽 · 학교 게시물 누적 2,881건
  [001] 목록 140쪽 · 학교 게시물 누적 2,881건
  [001] 목록 160쪽 · 학교 게시물 누적 2,881건
  [001] 목록 180쪽 · 학교 게시물 누적 2,881건
  [001] 목록 200쪽 · 학교 게시물 누적 2,881건
  [001] 목록 210쪽까지 · 누적 2,881건
  [002] 목록 20쪽 · 학교 게시물 누적 3,970건
  [002] 목록 40쪽 · 학교 게시물 누적 5,112건
  [002] 목록 60쪽 · 학교 게시물 누적 6,272건
  [002] 목록 80쪽 · 학교 게시물 누적 7,040건
  [002] 목록 100쪽 · 학교 게시물 누적 7,040건
  [002] 목록 120쪽 · 학교 게시물 누적 7,040건
  [002] 목록 140쪽 · 학교 게시물 누적 7,040건
  [002] 목록 160쪽 · 학교 게시물 누적 7,040건
  [002] 목록 180쪽 · 학교 게시물 누적 7,040건
  [002] 목록 200쪽 · 학교 게시물 누적 7,040건
  [002] 목록 220쪽 · 학교 게시물 누적 7,040건
  [002] 목록 240쪽 · 학교 게시물 누적 7,040건
  [002] 목록 251쪽까지 · 누적 7,040건
  [003] 목록 20쪽 · 학교 게시물 누적 7,984건
  [003] 목록 40쪽 · 학교 게시물 누적 8,928건
  [003] 목록 60쪽 · 학교 게시물 누적 9,926건
  [003] 목록 80쪽 · 학교 게시물 누적 10,934건
  [003] 목록 100쪽 · 학교 게시물 누적 11,878건
  [003] 목록 120쪽 · 학교 게시물 누적 12,114건
  [003] 목록 140쪽 · 학교 게시물 누적 12,114건
  [003] 목록 160쪽 · 학교 게시물 누적 12,114건
  [003] 목록 180쪽 · 학교 게시물 누적 12,114건
  [003] 목록 200쪽 · 학교 게시물 누적 12,114건
  [003] 목록 220쪽 · 학교 게시물 누적 12,114건
  [003] 목록 240쪽 · 학교 게시물 누적 12,114건
  [003] 목록 260쪽 · 학교 게시물 누적 12,114건
  [003] 목록 280쪽 · 학교 게시물 누적 12,114건
  [003] 목록 300쪽 · 학교 게시물 누적 12,114건
  [003] 목록 320쪽 · 학교 게시물 누적 12,114건
  [003] 목록 340쪽 · 학교 게시물 누적 12,114건
  [003] 목록 345쪽까지 · 누적 12,114건
  [004] 목록 20쪽 · 학교 게시물 누적 13,086건
  [004] 목록 40쪽 · 학교 게시물 누적 14,138건
  [004] 목록 60쪽 · 학교 게시물 누적 15,138건
  [004] 목록 80쪽 · 학교 게시물 누적 16,162건
  [004] 목록 100쪽 · 학교 게시물 누적 16,758건
  [004] 목록 120쪽 · 학교 게시물 누적 16,758건
  [004] 목록 140쪽 · 학교 게시물 누적 16,758건
  [004] 목록 160쪽 · 학교 게시물 누적 16,758건
  [004] 목록 180쪽 · 학교 게시물 누적 16,758건
  [004] 목록 200쪽 · 학교 게시물 누적 16,758건
  [004] 목록 220쪽 · 학교 게시물 누적 16,758건
  [004] 목록 240쪽 · 학교 게시물 누적 16,758건
  [004] 목록 260쪽 · 학교 게시물 누적 16,758건
  [004] 목록 280쪽 · 학교 게시물 누적 16,758건
  [004] 목록 300쪽 · 학교 게시물 누적 16,758건
  [004] 목록 306쪽까지 · 누적 16,758건
  [005] 목록 20쪽 · 학교 게시물 누적 17,729건
  [005] 목록 40쪽 · 학교 게시물 누적 18,791건
  [005] 목록 60쪽 · 학교 게시물 누적 19,772건
  [005] 목록 80쪽 · 학교 게시물 누적 20,824건
  [005] 목록 100쪽 · 학교 게시물 누적 21,355건
  [005] 목록 120쪽 · 학교 게시물 누적 21,355건
  [005] 목록 140쪽 · 학교 게시물 누적 21,355건
  [005] 목록 160쪽 · 학교 게시물 누적 21,355건
  [005] 목록 180쪽 · 학교 게시물 누적 21,355건
  [005] 목록 200쪽 · 학교 게시물 누적 21,355건
  [005] 목록 220쪽 · 학교 게시물 누적 21,355건
  [005] 목록 240쪽 · 학교 게시물 누적 21,355건
  [005] 목록 260쪽 · 학교 게시물 누적 21,355건
  [005] 목록 280쪽 · 학교 게시물 누적 21,355건
  [005] 목록 295쪽까지 · 누적 21,355건
  [006] 목록 20쪽 · 학교 게시물 누적 22,302건
  [006] 목록 40쪽 · 학교 게시물 누적 23,249건
  [006] 목록 60쪽 · 학교 게시물 누적 24,196건
  [006] 목록 80쪽 · 학교 게시물 누적 24,537건
  [006] 목록 100쪽 · 학교 게시물 누적 24,537건
  [006] 목록 120쪽 · 학교 게시물 누적 24,537건
  [006] 목록 140쪽 · 학교 게시물 누적 24,537건
  [006] 목록 160쪽 · 학교 게시물 누적 24,537건
  [006] 목록 180쪽 · 학교 게시물 누적 24,537건
  [006] 목록 200쪽 · 학교 게시물 누적 24,537건
  [006] 목록 216쪽까지 · 누적 24,537건
  [007] 목록 20쪽 · 학교 게시물 누적 25,433건
  [007] 목록 40쪽 · 학교 게시물 누적 26,329건
  [007] 목록 60쪽 · 학교 게시물 누적 27,225건
  [007] 목록 80쪽 · 학교 게시물 누적 27,774건
  [007] 목록 100쪽 · 학교 게시물 누적 27,774건
  [007] 목록 120쪽 · 학교 게시물 누적 27,774건
  [007] 목록 140쪽 · 학교 게시물 누적 27,774건
  [007] 목록 160쪽 · 학교 게시물 누적 27,774건
  [007] 목록 180쪽 · 학교 게시물 누적 27,774건
  [007] 목록 200쪽 · 학교 게시물 누적 27,774건
  [007] 목록 220쪽 · 학교 게시물 누적 27,774건
  [007] 목록 240쪽 · 학교 게시물 누적 27,774건
  [007] 목록 247쪽까지 · 누적 27,774건
  [008] 목록 20쪽 · 학교 게시물 누적 28,719건
  [008] 목록 40쪽 · 학교 게시물 누적 29,677건
  [008] 목록 60쪽 · 학교 게시물 누적 30,687건
  [008] 목록 80쪽 · 학교 게시물 누적 31,659건
  [008] 목록 100쪽 · 학교 게시물 누적 32,289건
  [008] 목록 120쪽 · 학교 게시물 누적 32,289건
  [008] 목록 140쪽 · 학교 게시물 누적 32,289건
  [008] 목록 160쪽 · 학교 게시물 누적 32,289건
  [008] 목록 180쪽 · 학교 게시물 누적 32,289건
  [008] 목록 200쪽 · 학교 게시물 누적 32,289건
  [008] 목록 220쪽 · 학교 게시물 누적 32,289건
  [008] 목록 240쪽 · 학교 게시물 누적 32,289건
  [008] 목록 260쪽 · 학교 게시물 누적 32,289건
  [008] 목록 280쪽 · 학교 게시물 누적 32,289건
  [008] 목록 300쪽 · 학교 게시물 누적 32,289건
  [008] 목록 300쪽까지 · 누적 32,289건
  [009] 목록 20쪽 · 학교 게시물 누적 33,362건
  [009] 목록 40쪽 · 학교 게시물 누적 34,435건
  [009] 목록 60쪽 · 학교 게시물 누적 35,508건
  [009] 목록 80쪽 · 학교 게시물 누적 36,581건
  [009] 목록 100쪽 · 학교 게시물 누적 37,492건
  [009] 목록 120쪽 · 학교 게시물 누적 37,492건
  [009] 목록 140쪽 · 학교 게시물 누적 37,492건
  [009] 목록 160쪽 · 학교 게시물 누적 37,492건
  [009] 목록 180쪽 · 학교 게시물 누적 37,492건
  [009] 목록 200쪽 · 학교 게시물 누적 37,492건
  [009] 목록 220쪽 · 학교 게시물 누적 37,492건
  [009] 목록 240쪽 · 학교 게시물 누적 37,492건
  [009] 목록 260쪽 · 학교 게시물 누적 37,492건
  [009] 목록 280쪽 · 학교 게시물 누적 37,492건
  [009] 목록 300쪽 · 학교 게시물 누적 37,492건
  [009] 목록 320쪽 · 학교 게시물 누적 37,492건
  [009] 목록 323쪽까지 · 누적 37,492건
  [010] 목록 20쪽 · 학교 게시물 누적 38,441건
  [010] 목록 40쪽 · 학교 게시물 누적 39,390건
  [010] 목록 60쪽 · 학교 게시물 누적 40,339건
  [010] 목록 80쪽 · 학교 게시물 누적 40,631건
  [010] 목록 100쪽 · 학교 게시물 누적 40,631건
  [010] 목록 120쪽 · 학교 게시물 누적 40,631건
  [010] 목록 140쪽 · 학교 게시물 누적 40,631건
  [010] 목록 160쪽 · 학교 게시물 누적 40,631건
  [010] 목록 180쪽 · 학교 게시물 누적 40,631건
  [010] 목록 200쪽 · 학교 게시물 누적 40,631건
  [010] 목록 218쪽까지 · 누적 40,631건
  [011] 목록 20쪽 · 학교 게시물 누적 41,719건
  [011] 목록 40쪽 · 학교 게시물 누적 42,858건
  [011] 목록 60쪽 · 학교 게시물 누적 43,383건
  [011] 목록 80쪽 · 학교 게시물 누적 43,383건
  [011] 목록 100쪽 · 학교 게시물 누적 43,383건
  [011] 목록 120쪽 · 학교 게시물 누적 43,383건
  [011] 목록 140쪽 · 학교 게시물 누적 43,383건
  [011] 목록 160쪽 · 학교 게시물 누적 43,383건
  [011] 목록 170쪽까지 · 누적 43,383건
학교 게시물 43,383건 (남은 것 43,383건)
학교 1,010곳 (남은 곳 1,010)
[20/1010] 서울성자초등학교 · 누적 40,425건 (요청 67회)
[40/1010] 경복초등학교 · 누적 78,122건 (요청 131회)
[60/1010] 용곡중학교 · 누적 110,338건 (요청 185회)
[80/1010] 서울대치초등학교 · 누적 147,004건 (요청 243회)
[100/1010] 서울신동초등학교 · 누적 189,675건 (요청 311회)
[120/1010] 서울잠원초등학교 · 누적 237,627건 (요청 385회)
[140/1010] 서초중학교 · 누적 273,789건 (요청 442회)
[160/1010] 숙명여자중학교 · 누적 302,180건 (요청 493회)
[180/1010] 서울고일초등학교 · 누적 339,369건 (요청 553회)
[200/1010] 서울선린초등학교 · 누적 380,347건 (요청 618회)
[220/1010] 서울잠신초등학교 · 누적 423,941건 (요청 689회)
[240/1010] 강일중학교 · 누적 462,873건 (요청 750회)
[260/1010] 오륜중학교 · 누적 495,543건 (요청 805회)
[280/1010] 잠실여자중학교 · 누적 520,231건 (요청 849회)
[300/1010] 서울등원초등학교 · 누적 565,476건 (요청 922회)
[320/1010] 서울신원초등학교 · 누적 610,897건 (요청 991회)
[340/1010] 서울장수초등학교 · 누적 658,116건 (요청 1,064회)
[360/1010] 목일중학교 · 누적 700,106건 (요청 1,130회)
[380/1010] 월촌중학교 · 누적 736,001건 (요청 1,191회)
[400/1010] 서울구로초등학교 · 누적 763,306건 (요청 1,238회)
[420/1010] 서울문교초등학교 · 누적 805,700건 (요청 1,305회)
[440/1010] 서울영림초등학교 · 누적 848,101건 (요청 1,371회)
[460/1010] 동광초등학교 · 누적 886,158건 (요청 1,432회)
[480/1010] 안천중학교 · 누적 920,624건 (요청 1,487회)
[500/1010] 서울동답초등학교 · 누적 954,327건 (요청 1,542회)
[520/1010] 서울양원숲초등학교 · 누적 995,806건 (요청 1,605회)
[540/1010] 금성초등학교 · 누적 1,039,023건 (요청 1,670회)
[560/1010] 청량중학교 · 누적 1,075,905건 (요청 1,730회)
[580/1010] 서울남성초등학교 · 누적 1,111,517건 (요청 1,787회)
[600/1010] 서울신상도초등학교 · 누적 1,155,303건 (요청 1,854회)
[620/1010] 난우중학교 · 누적 1,191,709건 (요청 1,913회)
[640/1010] 남강중학교 · 누적 1,230,423건 (요청 1,973회)
[660/1010] 서울방학초등학교 · 누적 1,263,482건 (요청 2,027회)
[680/1010] 서울쌍문초등학교 · 누적 1,305,937건 (요청 2,091회)
[700/1010] 서울창원초등학교 · 누적 1,347,697건 (요청 2,157회)
[720/1010] 백운중학교 · 누적 1,378,108건 (요청 2,209회)
[740/1010] 창일중학교 · 누적 1,412,659건 (요청 2,263회)
[760/1010] 서울구현초등학교 · 누적 1,437,482건 (요청 2,307회)
[780/1010] 서울성산초등학교 · 누적 1,479,267건 (요청 2,375회)
[800/1010] 서울염리초등학교 · 누적 1,521,291건 (요청 2,440회)
[820/1010] 선일초등학교 · 누적 1,561,076건 (요청 2,502회)
[840/1010] 신수중학교 · 누적 1,592,812건 (요청 2,556회)
[860/1010] 명지중학교 · 누적 1,622,093건 (요청 2,604회)
[880/1010] 서울미양초등학교 · 누적 1,658,322건 (요청 2,659회)
[900/1010] 서울유현초등학교 · 누적 1,704,754건 (요청 2,731회)
[920/1010] 번동중학교 · 누적 1,741,655건 (요청 2,789회)
[940/1010] 성암여자중학교 · 누적 1,775,570건 (요청 2,845회)
[960/1010] 서울세검정초등학교 · 누적 1,806,462건 (요청 2,896회)
[980/1010] 동산초등학교 · 누적 1,844,615건 (요청 2,958회)
[1000/1010] 배문중학교 · 누적 1,866,064건 (요청 2,999회)

완료 — 요청 3,010회, 학교 계약 1,869,704건 → 서울_candidates.csv
