검색어 19종
[에듀테크] 7페이지까지 · 누적 624건 (요청 7회)
[코스웨어] 3페이지까지 · 누적 825건 (요청 10회)
[인공지능] 5페이지까지 · 누적 1218건 (요청 15회)
[소프트웨어] 13페이지까지 · 누적 2399건 (요청 28회)
[라이선스] 2페이지까지 · 누적 2532건 (요청 30회)
[라이센스] 2페이지까지 · 누적 2624건 (요청 32회)
[구독] 13페이지까지 · 누적 3698건 (요청 45회)
[플랫폼] 1페이지까지 · 누적 3771건 (요청 46회)
[GPT] 1페이지까지 · 누적 3790건 (요청 47회)
[어도비] 1페이지까지 · 누적 3799건 (요청 48회)
[디지털교과서] 3페이지까지 · 누적 3986건 (요청 51회)
[교육자료] 14페이지까지 · 누적 5225건 (요청 65회)
[챗봇] 1페이지까지 · 누적 5230건 (요청 66회)
[메타버스] 1페이지까지 · 누적 5299건 (요청 67회)
[코딩] 11페이지까지 · 누적 6221건 (요청 78회)
[AIDT] 1페이지까지 · 누적 6221건 (요청 79회)
[클래스팅] 1페이지까지 · 누적 6224건 (요청 80회)
[패들렛] 1페이지까지 · 누적 6232건 (요청 81회)
[캔바] 1페이지까지 · 누적 6232건 (요청 82회)

완료 — 요청 82회, 학교 계약 6232건 → 세종_candidates.csv
