제품 2147종 · 다섯씩 묶어 430번 부른다
  재시도(HTTPError) → 5초
  재시도(HTTPError) → 20초
  재시도(HTTPError) → 60초
  [0] 통째로 건너뜀 (HTTPError)
  재시도(HTTPError) → 5초
  재시도(HTTPError) → 20초
  재시도(HTTPError) → 60초
  [5] 통째로 건너뜀 (HTTPError)
  재시도(HTTPError) → 5초
  재시도(HTTPError) → 20초
  재시도(HTTPError) → 60초
  [10] 통째로 건너뜀 (HTTPError)
  재시도(HTTPError) → 5초
  재시도(HTTPError) → 20초
  재시도(HTTPError) → 60초
  [15] 통째로 건너뜀 (HTTPError)
  재시도(HTTPError) → 5초
  재시도(HTTPError) → 20초
  재시도(HTTPError) → 60초
  [20] 통째로 건너뜀 (HTTPError)
  재시도(HTTPError) → 5초
  재시도(HTTPError) → 20초
  재시도(HTTPError) → 60초
  [25] 통째로 건너뜀 (HTTPError)
  재시도(HTTPError) → 5초
  재시도(HTTPError) → 20초
  재시도(HTTPError) → 60초
  [30] 통째로 건너뜀 (HTTPError)
  재시도(HTTPError) → 5초
  재시도(HTTPError) → 20초
  재시도(HTTPError) → 60초
  [35] 통째로 건너뜀 (HTTPError)
  재시도(HTTPError) → 5초
  재시도(HTTPError) → 20초
  재시도(HTTPError) → 60초
  [40] 통째로 건너뜀 (HTTPError)
  재시도(HTTPError) → 5초
  재시도(HTTPError) → 20초
  재시도(HTTPError) → 60초
  [45] 통째로 건너뜀 (HTTPError)
  50종 · 값 있음 0
  재시도(HTTPError) → 5초
  재시도(HTTPError) → 20초
  재시도(HTTPError) → 60초
  [50] 통째로 건너뜀 (HTTPError)
  재시도(HTTPError) → 5초
  재시도(HTTPError) → 20초
  재시도(HTTPError) → 60초
  [55] 통째로 건너뜀 (HTTPError)
  재시도(HTTPError) → 5초
  재시도(HTTPError) → 20초
  재시도(HTTPError) → 60초
  [60] 통째로 건너뜀 (HTTPError)
  재시도(HTTPError) → 5초
  재시도(HTTPError) → 20초
  재시도(HTTPError) → 60초
  [65] 통째로 건너뜀 (HTTPError)
  재시도(HTTPError) → 5초
  재시도(HTTPError) → 20초
  재시도(HTTPError) → 60초
  [70] 통째로 건너뜀 (HTTPError)
  재시도(HTTPError) → 5초
  재시도(HTTPError) → 20초
  재시도(HTTPError) → 60초
  [75] 통째로 건너뜀 (HTTPError)
  재시도(HTTPError) → 5초
  재시도(HTTPError) → 20초
  재시도(HTTPError) → 60초
  [80] 통째로 건너뜀 (HTTPError)
  재시도(HTTPError) → 5초
  재시도(HTTPError) → 20초
  재시도(HTTPError) → 60초
  [85] 통째로 건너뜀 (HTTPError)
  재시도(HTTPError) → 5초
  재시도(HTTPError) → 20초
  재시도(HTTPError) → 60초
  [90] 통째로 건너뜀 (HTTPError)
  재시도(HTTPError) → 5초
  재시도(HTTPError) → 20초
  재시도(HTTPError) → 60초
  [95] 통째로 건너뜀 (HTTPError)
  100종 · 값 있음 0
  재시도(HTTPError) → 5초
  재시도(HTTPError) → 20초
  재시도(HTTPError) → 60초
  [100] 통째로 건너뜀 (HTTPError)
  재시도(HTTPError) → 5초
  재시도(HTTPError) → 20초
  재시도(HTTPError) → 60초
  [105] 통째로 건너뜀 (HTTPError)
  재시도(HTTPError) → 5초
  재시도(HTTPError) → 20초
  재시도(HTTPError) → 60초
  [110] 통째로 건너뜀 (HTTPError)
  재시도(HTTPError) → 5초
  재시도(HTTPError) → 20초
  재시도(HTTPError) → 60초
  [115] 통째로 건너뜀 (HTTPError)
  재시도(HTTPError) → 5초
  재시도(HTTPError) → 20초
  재시도(HTTPError) → 60초
  [120] 통째로 건너뜀 (HTTPError)
  재시도(HTTPError) → 5초
  재시도(HTTPError) → 20초
  재시도(HTTPError) → 60초
  [125] 통째로 건너뜀 (HTTPError)
  재시도(HTTPError) → 5초
  재시도(HTTPError) → 20초
  재시도(HTTPError) → 60초
  [130] 통째로 건너뜀 (HTTPError)
  재시도(HTTPError) → 5초
  재시도(HTTPError) → 20초
  재시도(HTTPError) → 60초
  [135] 통째로 건너뜀 (HTTPError)
  재시도(HTTPError) → 5초
  재시도(HTTPError) → 20초
  재시도(HTTPError) → 60초
  [140] 통째로 건너뜀 (HTTPError)
  재시도(HTTPError) → 5초
  재시도(HTTPError) → 20초
  재시도(HTTPError) → 60초
  [145] 통째로 건너뜀 (HTTPError)
  150종 · 값 있음 0
  재시도(HTTPError) → 5초
  재시도(HTTPError) → 20초
  재시도(HTTPError) → 60초
  [150] 통째로 건너뜀 (HTTPError)
  재시도(HTTPError) → 5초
  재시도(HTTPError) → 20초
  재시도(HTTPError) → 60초
  [155] 통째로 건너뜀 (HTTPError)
  재시도(HTTPError) → 5초
  재시도(HTTPError) → 20초
  재시도(HTTPError) → 60초
  [160] 통째로 건너뜀 (HTTPError)
  재시도(HTTPError) → 5초
  재시도(HTTPError) → 20초
  재시도(HTTPError) → 60초
  [165] 통째로 건너뜀 (HTTPError)
  재시도(HTTPError) → 5초
  재시도(HTTPError) → 20초
  재시도(HTTPError) → 60초
  [175] 통째로 건너뜀 (HTTPError)
  재시도(HTTPError) → 5초
  재시도(HTTPError) → 20초
  재시도(HTTPError) → 60초
  [180] 통째로 건너뜀 (HTTPError)
  재시도(HTTPError) → 5초
  재시도(HTTPError) → 20초
  재시도(HTTPError) → 60초
  [185] 통째로 건너뜀 (HTTPError)
  재시도(HTTPError) → 5초
  재시도(HTTPError) → 20초
  재시도(HTTPError) → 60초
  [190] 통째로 건너뜀 (HTTPError)
  재시도(HTTPError) → 5초
  재시도(HTTPError) → 20초
  재시도(HTTPError) → 60초
  [195] 통째로 건너뜀 (HTTPError)
  200종 · 값 있음 5
  재시도(HTTPError) → 5초
  재시도(HTTPError) → 20초
  재시도(HTTPError) → 60초
  [200] 통째로 건너뜀 (HTTPError)
  재시도(HTTPError) → 5초
  재시도(HTTPError) → 20초
  재시도(HTTPError) → 60초
  [205] 통째로 건너뜀 (HTTPError)
  재시도(HTTPError) → 5초
  재시도(HTTPError) → 20초
  재시도(HTTPError) → 60초
  [210] 통째로 건너뜀 (HTTPError)
  재시도(HTTPError) → 5초
  재시도(HTTPError) → 20초
  재시도(HTTPError) → 60초
  [215] 통째로 건너뜀 (HTTPError)
  재시도(HTTPError) → 5초
  재시도(HTTPError) → 20초
  재시도(HTTPError) → 60초
  [220] 통째로 건너뜀 (HTTPError)
  재시도(HTTPError) → 5초
  재시도(HTTPError) → 20초
  재시도(HTTPError) → 60초
  [225] 통째로 건너뜀 (HTTPError)
  재시도(HTTPError) → 5초
  재시도(HTTPError) → 20초
  재시도(HTTPError) → 60초
  [230] 통째로 건너뜀 (HTTPError)
  재시도(HTTPError) → 5초
  재시도(HTTPError) → 20초
  재시도(HTTPError) → 60초
  [235] 통째로 건너뜀 (HTTPError)
  재시도(HTTPError) → 5초
  재시도(HTTPError) → 20초
  재시도(HTTPError) → 60초
  [240] 통째로 건너뜀 (HTTPError)
  재시도(HTTPError) → 5초
  재시도(HTTPError) → 20초
  재시도(HTTPError) → 60초
  [245] 통째로 건너뜀 (HTTPError)
  250종 · 값 있음 5
  재시도(HTTPError) → 5초
  재시도(HTTPError) → 20초
  재시도(HTTPError) → 60초
  [250] 통째로 건너뜀 (HTTPError)
  재시도(HTTPError) → 5초
  재시도(HTTPError) → 20초
  재시도(HTTPError) → 60초
  [255] 통째로 건너뜀 (HTTPError)
  재시도(HTTPError) → 5초
  재시도(HTTPError) → 20초
  재시도(HTTPError) → 60초
  [260] 통째로 건너뜀 (HTTPError)
  재시도(HTTPError) → 5초
  재시도(HTTPError) → 20초
  재시도(HTTPError) → 60초
  [265] 통째로 건너뜀 (HTTPError)
  재시도(HTTPError) → 5초
  재시도(HTTPError) → 20초
  재시도(HTTPError) → 60초
  [270] 통째로 건너뜀 (HTTPError)
  재시도(HTTPError) → 5초
  재시도(HTTPError) → 20초
  재시도(HTTPError) → 60초
  [275] 통째로 건너뜀 (HTTPError)
  재시도(HTTPError) → 5초
  재시도(HTTPError) → 20초
  재시도(HTTPError) → 60초
  [280] 통째로 건너뜀 (HTTPError)
  재시도(HTTPError) → 5초
  재시도(HTTPError) → 20초
  재시도(HTTPError) → 60초
  [285] 통째로 건너뜀 (HTTPError)
  재시도(HTTPError) → 5초
  재시도(HTTPError) → 20초
  재시도(HTTPError) → 60초
  [290] 통째로 건너뜀 (HTTPError)
  재시도(HTTPError) → 5초
  재시도(HTTPError) → 20초
  재시도(HTTPError) → 60초
  [295] 통째로 건너뜀 (HTTPError)
  300종 · 값 있음 5
  재시도(HTTPError) → 5초
  재시도(HTTPError) → 20초
  재시도(HTTPError) → 60초
  [300] 통째로 건너뜀 (HTTPError)
  재시도(HTTPError) → 5초
  재시도(HTTPError) → 20초
  재시도(HTTPError) → 60초
  [305] 통째로 건너뜀 (HTTPError)
  재시도(HTTPError) → 5초
  재시도(HTTPError) → 20초
  재시도(HTTPError) → 60초
  [310] 통째로 건너뜀 (HTTPError)
  재시도(HTTPError) → 5초
  재시도(HTTPError) → 20초
  재시도(HTTPError) → 60초
  [315] 통째로 건너뜀 (HTTPError)
  재시도(HTTPError) → 5초
  재시도(HTTPError) → 20초
  재시도(HTTPError) → 60초
  [320] 통째로 건너뜀 (HTTPError)
  재시도(HTTPError) → 5초
  재시도(HTTPError) → 20초
  재시도(HTTPError) → 60초
  [325] 통째로 건너뜀 (HTTPError)
  재시도(HTTPError) → 5초
  재시도(HTTPError) → 20초
  재시도(HTTPError) → 60초
  [330] 통째로 건너뜀 (HTTPError)
  재시도(HTTPError) → 5초
  재시도(HTTPError) → 20초
  재시도(HTTPError) → 60초
  [335] 통째로 건너뜀 (HTTPError)
  재시도(HTTPError) → 5초
  재시도(HTTPError) → 20초
  재시도(HTTPError) → 60초
  [340] 통째로 건너뜀 (HTTPError)
  재시도(HTTPError) → 5초
  재시도(HTTPError) → 20초
  재시도(HTTPError) → 60초
  [345] 통째로 건너뜀 (HTTPError)
  350종 · 값 있음 5
  재시도(HTTPError) → 5초
  재시도(HTTPError) → 20초
  재시도(HTTPError) → 60초
  [360] 통째로 건너뜀 (HTTPError)
  재시도(HTTPError) → 5초
  재시도(HTTPError) → 20초
  재시도(HTTPError) → 60초
  [365] 통째로 건너뜀 (HTTPError)
  재시도(HTTPError) → 5초
  재시도(HTTPError) → 20초
  재시도(HTTPError) → 60초
  [370] 통째로 건너뜀 (HTTPError)
  재시도(HTTPError) → 5초
  재시도(HTTPError) → 20초
  재시도(HTTPError) → 60초
  [375] 통째로 건너뜀 (HTTPError)
  재시도(HTTPError) → 5초
  재시도(HTTPError) → 20초
  재시도(HTTPError) → 60초
  [380] 통째로 건너뜀 (HTTPError)
  재시도(HTTPError) → 5초
  재시도(HTTPError) → 20초
  재시도(HTTPError) → 60초
  [385] 통째로 건너뜀 (HTTPError)
  재시도(HTTPError) → 5초
  재시도(HTTPError) → 20초
  재시도(HTTPError) → 60초
  [390] 통째로 건너뜀 (HTTPError)
  재시도(HTTPError) → 5초
  재시도(HTTPError) → 20초
  재시도(HTTPError) → 60초
  [395] 통째로 건너뜀 (HTTPError)
  400종 · 값 있음 15
  재시도(HTTPError) → 5초
  재시도(HTTPError) → 20초
  재시도(HTTPError) → 60초
  [400] 통째로 건너뜀 (HTTPError)
  재시도(HTTPError) → 5초
  재시도(HTTPError) → 20초
  재시도(HTTPError) → 60초
  [405] 통째로 건너뜀 (HTTPError)
  재시도(HTTPError) → 5초
  재시도(HTTPError) → 20초
  재시도(HTTPError) → 60초
  [415] 통째로 건너뜀 (HTTPError)
  재시도(HTTPError) → 5초
  재시도(HTTPError) → 20초
  재시도(HTTPError) → 60초
  [420] 통째로 건너뜀 (HTTPError)
  재시도(HTTPError) → 5초
  재시도(HTTPError) → 20초
  재시도(HTTPError) → 60초
  [425] 통째로 건너뜀 (HTTPError)
  재시도(HTTPError) → 5초
  재시도(HTTPError) → 20초
  재시도(HTTPError) → 60초
  [430] 통째로 건너뜀 (HTTPError)
  재시도(HTTPError) → 5초
  재시도(HTTPError) → 20초
  재시도(HTTPError) → 60초
  [435] 통째로 건너뜀 (HTTPError)
  재시도(HTTPError) → 5초
  재시도(HTTPError) → 20초
  재시도(HTTPError) → 60초
  [440] 통째로 건너뜀 (HTTPError)
  재시도(HTTPError) → 5초
  재시도(HTTPError) → 20초
  재시도(HTTPError) → 60초
  [445] 통째로 건너뜀 (HTTPError)
  450종 · 값 있음 20
  재시도(HTTPError) → 5초
  재시도(HTTPError) → 20초
  재시도(HTTPError) → 60초
  [455] 통째로 건너뜀 (HTTPError)
  재시도(HTTPError) → 5초
  재시도(HTTPError) → 20초
  재시도(HTTPError) → 60초
  [460] 통째로 건너뜀 (HTTPError)
  재시도(HTTPError) → 5초
  재시도(HTTPError) → 20초
  재시도(HTTPError) → 60초
  [465] 통째로 건너뜀 (HTTPError)
  재시도(HTTPError) → 5초
  재시도(HTTPError) → 20초
  재시도(HTTPError) → 60초
  [470] 통째로 건너뜀 (HTTPError)
  재시도(HTTPError) → 5초
  재시도(HTTPError) → 20초
  재시도(HTTPError) → 60초
  [475] 통째로 건너뜀 (HTTPError)
  재시도(HTTPError) → 5초
  재시도(HTTPError) → 20초
  재시도(HTTPError) → 60초
  [480] 통째로 건너뜀 (HTTPError)
  재시도(HTTPError) → 5초
  재시도(HTTPError) → 20초
  재시도(HTTPError) → 60초
  [485] 통째로 건너뜀 (HTTPError)
  재시도(HTTPError) → 5초
  재시도(HTTPError) → 20초
  재시도(HTTPError) → 60초
  [490] 통째로 건너뜀 (HTTPError)
  재시도(HTTPError) → 5초
  재시도(HTTPError) → 20초
  재시도(HTTPError) → 60초
  [495] 통째로 건너뜀 (HTTPError)
  500종 · 값 있음 25
  재시도(HTTPError) → 5초
  재시도(HTTPError) → 20초
  재시도(HTTPError) → 60초
  [500] 통째로 건너뜀 (HTTPError)
  재시도(HTTPError) → 5초
  재시도(HTTPError) → 20초
  재시도(HTTPError) → 60초
  [505] 통째로 건너뜀 (HTTPError)
  재시도(HTTPError) → 5초
  재시도(HTTPError) → 20초
  재시도(HTTPError) → 60초
  [510] 통째로 건너뜀 (HTTPError)
  재시도(HTTPError) → 5초
  재시도(HTTPError) → 20초
  재시도(HTTPError) → 60초
  [515] 통째로 건너뜀 (HTTPError)
  재시도(HTTPError) → 5초
  재시도(HTTPError) → 20초
  재시도(HTTPError) → 60초
  [520] 통째로 건너뜀 (HTTPError)
  재시도(HTTPError) → 5초
  재시도(HTTPError) → 20초
  재시도(HTTPError) → 60초
  [525] 통째로 건너뜀 (HTTPError)
  재시도(HTTPError) → 5초
  재시도(HTTPError) → 20초
  재시도(HTTPError) → 60초
  [530] 통째로 건너뜀 (HTTPError)
  재시도(HTTPError) → 5초
  재시도(HTTPError) → 20초
  재시도(HTTPError) → 60초
  [535] 통째로 건너뜀 (HTTPError)
  재시도(HTTPError) → 5초
  재시도(HTTPError) → 20초
  재시도(HTTPError) → 60초
  [540] 통째로 건너뜀 (HTTPError)
  재시도(HTTPError) → 5초
  재시도(HTTPError) → 20초
  재시도(HTTPError) → 60초
  [545] 통째로 건너뜀 (HTTPError)
  550종 · 값 있음 25
  재시도(HTTPError) → 5초
  재시도(HTTPError) → 20초
  재시도(HTTPError) → 60초
  [550] 통째로 건너뜀 (HTTPError)
  재시도(HTTPError) → 5초
  재시도(HTTPError) → 20초
  재시도(HTTPError) → 60초
  [555] 통째로 건너뜀 (HTTPError)
  재시도(HTTPError) → 5초
  재시도(HTTPError) → 20초
  재시도(HTTPError) → 60초
  [560] 통째로 건너뜀 (HTTPError)
  재시도(HTTPError) → 5초
  재시도(HTTPError) → 20초
  재시도(HTTPError) → 60초
  [565] 통째로 건너뜀 (HTTPError)
  재시도(HTTPError) → 5초
  재시도(HTTPError) → 20초
  재시도(HTTPError) → 60초
  [570] 통째로 건너뜀 (HTTPError)
  재시도(HTTPError) → 5초
  재시도(HTTPError) → 20초
  재시도(HTTPError) → 60초
  [575] 통째로 건너뜀 (HTTPError)
  재시도(HTTPError) → 5초
  재시도(HTTPError) → 20초
  재시도(HTTPError) → 60초
  [580] 통째로 건너뜀 (HTTPError)
  재시도(HTTPError) → 5초
  재시도(HTTPError) → 20초
  재시도(HTTPError) → 60초
  [585] 통째로 건너뜀 (HTTPError)
  재시도(HTTPError) → 5초
  재시도(HTTPError) → 20초
  재시도(HTTPError) → 60초
  [590] 통째로 건너뜀 (HTTPError)
  재시도(HTTPError) → 5초
  재시도(HTTPError) → 20초
  재시도(HTTPError) → 60초
  [595] 통째로 건너뜀 (HTTPError)
  600종 · 값 있음 25
  재시도(HTTPError) → 5초
  재시도(HTTPError) → 20초
  재시도(HTTPError) → 60초
  [600] 통째로 건너뜀 (HTTPError)
  재시도(HTTPError) → 5초
  재시도(HTTPError) → 20초
  재시도(HTTPError) → 60초
  [605] 통째로 건너뜀 (HTTPError)
  재시도(HTTPError) → 5초
  재시도(HTTPError) → 20초
  재시도(HTTPError) → 60초
  [610] 통째로 건너뜀 (HTTPError)
  재시도(HTTPError) → 5초
  재시도(HTTPError) → 20초
  재시도(HTTPError) → 60초
  [615] 통째로 건너뜀 (HTTPError)
  재시도(HTTPError) → 5초
  재시도(HTTPError) → 20초
  재시도(HTTPError) → 60초
  [620] 통째로 건너뜀 (HTTPError)
  재시도(HTTPError) → 5초
  재시도(HTTPError) → 20초
  재시도(HTTPError) → 60초
  [630] 통째로 건너뜀 (HTTPError)
  재시도(HTTPError) → 5초
  재시도(HTTPError) → 20초
  재시도(HTTPError) → 60초
  [635] 통째로 건너뜀 (HTTPError)
  재시도(HTTPError) → 5초
  재시도(HTTPError) → 20초
  재시도(HTTPError) → 60초
  [645] 통째로 건너뜀 (HTTPError)
  650종 · 값 있음 35
  재시도(HTTPError) → 5초
  재시도(HTTPError) → 20초
  재시도(HTTPError) → 60초
  [650] 통째로 건너뜀 (HTTPError)
  재시도(HTTPError) → 5초
  재시도(HTTPError) → 20초
  재시도(HTTPError) → 60초
  [655] 통째로 건너뜀 (HTTPError)
  재시도(HTTPError) → 5초
  재시도(HTTPError) → 20초
  재시도(HTTPError) → 60초
  [660] 통째로 건너뜀 (HTTPError)
  재시도(HTTPError) → 5초
  재시도(HTTPError) → 20초
  재시도(HTTPError) → 60초
  [665] 통째로 건너뜀 (HTTPError)
  재시도(HTTPError) → 5초
  재시도(HTTPError) → 20초
  재시도(HTTPError) → 60초
  [670] 통째로 건너뜀 (HTTPError)
  재시도(HTTPError) → 5초
  재시도(HTTPError) → 20초
  재시도(HTTPError) → 60초
  [675] 통째로 건너뜀 (HTTPError)
  재시도(HTTPError) → 5초
  재시도(HTTPError) → 20초
  재시도(HTTPError) → 60초
  [680] 통째로 건너뜀 (HTTPError)
  재시도(HTTPError) → 5초
  재시도(HTTPError) → 20초
  재시도(HTTPError) → 60초
  [685] 통째로 건너뜀 (HTTPError)
  재시도(HTTPError) → 5초
  재시도(HTTPError) → 20초
  재시도(HTTPError) → 60초
  [690] 통째로 건너뜀 (HTTPError)
  재시도(HTTPError) → 5초
  재시도(HTTPError) → 20초
  재시도(HTTPError) → 60초
  [695] 통째로 건너뜀 (HTTPError)
  700종 · 값 있음 35
  재시도(HTTPError) → 5초
  재시도(HTTPError) → 20초
  재시도(HTTPError) → 60초
  [700] 통째로 건너뜀 (HTTPError)
  재시도(HTTPError) → 5초
  재시도(HTTPError) → 20초
  재시도(HTTPError) → 60초
  [705] 통째로 건너뜀 (HTTPError)
  재시도(HTTPError) → 5초
  재시도(HTTPError) → 20초
  재시도(HTTPError) → 60초
  [710] 통째로 건너뜀 (HTTPError)
  재시도(HTTPError) → 5초
  재시도(HTTPError) → 20초
  재시도(HTTPError) → 60초
  [715] 통째로 건너뜀 (HTTPError)
  재시도(HTTPError) → 5초
  재시도(HTTPError) → 20초
  재시도(HTTPError) → 60초
  [720] 통째로 건너뜀 (HTTPError)
  재시도(HTTPError) → 5초
  재시도(HTTPError) → 20초
  재시도(HTTPError) → 60초
  [725] 통째로 건너뜀 (HTTPError)
  재시도(HTTPError) → 5초
  재시도(HTTPError) → 20초
  재시도(HTTPError) → 60초
  [730] 통째로 건너뜀 (HTTPError)
  재시도(HTTPError) → 5초
  재시도(HTTPError) → 20초
  재시도(HTTPError) → 60초
  [735] 통째로 건너뜀 (HTTPError)
  재시도(HTTPError) → 5초
  재시도(HTTPError) → 20초
  재시도(HTTPError) → 60초
  [740] 통째로 건너뜀 (HTTPError)
  재시도(HTTPError) → 5초
  재시도(HTTPError) → 20초
  재시도(HTTPError) → 60초
  [745] 통째로 건너뜀 (HTTPError)
  750종 · 값 있음 35
  재시도(HTTPError) → 5초
  재시도(HTTPError) → 20초
  재시도(HTTPError) → 60초
  [750] 통째로 건너뜀 (HTTPError)
  재시도(HTTPError) → 5초
  재시도(HTTPError) → 20초
  재시도(HTTPError) → 60초
  [755] 통째로 건너뜀 (HTTPError)
  재시도(HTTPError) → 5초
  재시도(HTTPError) → 20초
  재시도(HTTPError) → 60초
  [760] 통째로 건너뜀 (HTTPError)
  재시도(HTTPError) → 5초
  재시도(HTTPError) → 20초
  재시도(HTTPError) → 60초
  [765] 통째로 건너뜀 (HTTPError)
  재시도(HTTPError) → 5초
  재시도(HTTPError) → 20초
  재시도(HTTPError) → 60초
  [770] 통째로 건너뜀 (HTTPError)
  재시도(HTTPError) → 5초
  재시도(HTTPError) → 20초
  재시도(HTTPError) → 60초
  [775] 통째로 건너뜀 (HTTPError)
  재시도(HTTPError) → 5초
  재시도(HTTPError) → 20초
  재시도(HTTPError) → 60초
  [780] 통째로 건너뜀 (HTTPError)
  재시도(HTTPError) → 5초
  재시도(HTTPError) → 20초
  재시도(HTTPError) → 60초
  [785] 통째로 건너뜀 (HTTPError)
  재시도(HTTPError) → 5초
  재시도(HTTPError) → 20초
  재시도(HTTPError) → 60초
  [790] 통째로 건너뜀 (HTTPError)
  재시도(HTTPError) → 5초
  재시도(HTTPError) → 20초
  재시도(HTTPError) → 60초
  [795] 통째로 건너뜀 (HTTPError)
  800종 · 값 있음 35
  재시도(HTTPError) → 5초
  재시도(HTTPError) → 20초
  재시도(HTTPError) → 60초
  [800] 통째로 건너뜀 (HTTPError)
  재시도(HTTPError) → 5초
  재시도(HTTPError) → 20초
  재시도(HTTPError) → 60초
  [810] 통째로 건너뜀 (HTTPError)
  재시도(HTTPError) → 5초
  재시도(HTTPError) → 20초
  재시도(HTTPError) → 60초
  [815] 통째로 건너뜀 (HTTPError)
  재시도(HTTPError) → 5초
  재시도(HTTPError) → 20초
  재시도(HTTPError) → 60초
  [820] 통째로 건너뜀 (HTTPError)
  재시도(HTTPError) → 5초
  재시도(HTTPError) → 20초
  재시도(HTTPError) → 60초
  [825] 통째로 건너뜀 (HTTPError)
  재시도(HTTPError) → 5초
  재시도(HTTPError) → 20초
  재시도(HTTPError) → 60초
  [830] 통째로 건너뜀 (HTTPError)
  재시도(HTTPError) → 5초
  재시도(HTTPError) → 20초
  재시도(HTTPError) → 60초
  [835] 통째로 건너뜀 (HTTPError)
  재시도(HTTPError) → 5초
  재시도(HTTPError) → 20초
  재시도(HTTPError) → 60초
  [840] 통째로 건너뜀 (HTTPError)
  재시도(HTTPError) → 5초
  재시도(HTTPError) → 20초
  재시도(HTTPError) → 60초
  [845] 통째로 건너뜀 (HTTPError)
  850종 · 값 있음 40
  재시도(HTTPError) → 5초
  재시도(HTTPError) → 20초
  재시도(HTTPError) → 60초
  [855] 통째로 건너뜀 (HTTPError)
  재시도(HTTPError) → 5초
  재시도(HTTPError) → 20초
  재시도(HTTPError) → 60초
  [860] 통째로 건너뜀 (HTTPError)
  재시도(HTTPError) → 5초
  재시도(HTTPError) → 20초
  재시도(HTTPError) → 60초
  [865] 통째로 건너뜀 (HTTPError)
  재시도(HTTPError) → 5초
  재시도(HTTPError) → 20초
  재시도(HTTPError) → 60초
  [870] 통째로 건너뜀 (HTTPError)
  재시도(HTTPError) → 5초
  재시도(HTTPError) → 20초
  재시도(HTTPError) → 60초
  [875] 통째로 건너뜀 (HTTPError)
  재시도(HTTPError) → 5초
  재시도(HTTPError) → 20초
  재시도(HTTPError) → 60초
  [880] 통째로 건너뜀 (HTTPError)
  재시도(HTTPError) → 5초
  재시도(HTTPError) → 20초
  재시도(HTTPError) → 60초
  [885] 통째로 건너뜀 (HTTPError)
  재시도(HTTPError) → 5초
  재시도(HTTPError) → 20초
  재시도(HTTPError) → 60초
  [890] 통째로 건너뜀 (HTTPError)
  재시도(HTTPError) → 5초
  재시도(HTTPError) → 20초
  재시도(HTTPError) → 60초
  [895] 통째로 건너뜀 (HTTPError)
  900종 · 값 있음 45
  재시도(HTTPError) → 5초
  재시도(HTTPError) → 20초
  재시도(HTTPError) → 60초
  [900] 통째로 건너뜀 (HTTPError)
  재시도(HTTPError) → 5초
  재시도(HTTPError) → 20초
  재시도(HTTPError) → 60초
  [905] 통째로 건너뜀 (HTTPError)
  재시도(HTTPError) → 5초
  재시도(HTTPError) → 20초
  재시도(HTTPError) → 60초
  [910] 통째로 건너뜀 (HTTPError)
  재시도(HTTPError) → 5초
  재시도(HTTPError) → 20초
  재시도(HTTPError) → 60초
  [915] 통째로 건너뜀 (HTTPError)
  재시도(HTTPError) → 5초
  재시도(HTTPError) → 20초
  재시도(HTTPError) → 60초
  [920] 통째로 건너뜀 (HTTPError)
  재시도(HTTPError) → 5초
  재시도(HTTPError) → 20초
  재시도(HTTPError) → 60초
  [925] 통째로 건너뜀 (HTTPError)
  재시도(HTTPError) → 5초
  재시도(HTTPError) → 20초
  재시도(HTTPError) → 60초
  [930] 통째로 건너뜀 (HTTPError)
  재시도(HTTPError) → 5초
  재시도(HTTPError) → 20초
  재시도(HTTPError) → 60초
  [935] 통째로 건너뜀 (HTTPError)
  재시도(HTTPError) → 5초
  재시도(HTTPError) → 20초
  재시도(HTTPError) → 60초
  [940] 통째로 건너뜀 (HTTPError)
  재시도(HTTPError) → 5초
  재시도(HTTPError) → 20초
  재시도(HTTPError) → 60초
  [945] 통째로 건너뜀 (HTTPError)
  950종 · 값 있음 45
  재시도(HTTPError) → 5초
  재시도(HTTPError) → 20초
  재시도(HTTPError) → 60초
  [950] 통째로 건너뜀 (HTTPError)
  재시도(HTTPError) → 5초
  재시도(HTTPError) → 20초
  재시도(HTTPError) → 60초
  [955] 통째로 건너뜀 (HTTPError)
  재시도(HTTPError) → 5초
  재시도(HTTPError) → 20초
  재시도(HTTPError) → 60초
  [960] 통째로 건너뜀 (HTTPError)
  재시도(HTTPError) → 5초
  재시도(HTTPError) → 20초
  재시도(HTTPError) → 60초
  [965] 통째로 건너뜀 (HTTPError)
  재시도(HTTPError) → 5초
  재시도(HTTPError) → 20초
  재시도(HTTPError) → 60초
  [970] 통째로 건너뜀 (HTTPError)
  재시도(HTTPError) → 5초
  재시도(HTTPError) → 20초
  재시도(HTTPError) → 60초
  [975] 통째로 건너뜀 (HTTPError)
  재시도(HTTPError) → 5초
  재시도(HTTPError) → 20초
  재시도(HTTPError) → 60초
  [980] 통째로 건너뜀 (HTTPError)
  재시도(HTTPError) → 5초
  재시도(HTTPError) → 20초
  재시도(HTTPError) → 60초
  [985] 통째로 건너뜀 (HTTPError)
  재시도(HTTPError) → 5초
  재시도(HTTPError) → 20초
  재시도(HTTPError) → 60초
  [990] 통째로 건너뜀 (HTTPError)
  재시도(HTTPError) → 5초
  재시도(HTTPError) → 20초
  재시도(HTTPError) → 60초
  [995] 통째로 건너뜀 (HTTPError)
  1000종 · 값 있음 45
  재시도(HTTPError) → 5초
  재시도(HTTPError) → 20초
  재시도(HTTPError) → 60초
  [1000] 통째로 건너뜀 (HTTPError)
  재시도(HTTPError) → 5초
  재시도(HTTPError) → 20초
  재시도(HTTPError) → 60초
  [1010] 통째로 건너뜀 (HTTPError)
  재시도(HTTPError) → 5초
  재시도(HTTPError) → 20초
  재시도(HTTPError) → 60초
  [1015] 통째로 건너뜀 (HTTPError)
  재시도(HTTPError) → 5초
  재시도(HTTPError) → 20초
  재시도(HTTPError) → 60초
  [1020] 통째로 건너뜀 (HTTPError)
  재시도(HTTPError) → 5초
  재시도(HTTPError) → 20초
  재시도(HTTPError) → 60초
  [1025] 통째로 건너뜀 (HTTPError)
  재시도(HTTPError) → 5초
  재시도(HTTPError) → 20초
  재시도(HTTPError) → 60초
  [1030] 통째로 건너뜀 (HTTPError)
  재시도(HTTPError) → 5초
  재시도(HTTPError) → 20초
  재시도(HTTPError) → 60초
  [1035] 통째로 건너뜀 (HTTPError)
  재시도(HTTPError) → 5초
  재시도(HTTPError) → 20초
  재시도(HTTPError) → 60초
  [1040] 통째로 건너뜀 (HTTPError)
  재시도(HTTPError) → 5초
  재시도(HTTPError) → 20초
  재시도(HTTPError) → 60초
  [1045] 통째로 건너뜀 (HTTPError)
  1050종 · 값 있음 50
  재시도(HTTPError) → 5초
  재시도(HTTPError) → 20초
  재시도(HTTPError) → 60초
  [1050] 통째로 건너뜀 (HTTPError)
  재시도(HTTPError) → 5초
  재시도(HTTPError) → 20초
  재시도(HTTPError) → 60초
  [1055] 통째로 건너뜀 (HTTPError)
  재시도(HTTPError) → 5초
  재시도(HTTPError) → 20초
  재시도(HTTPError) → 60초
  [1060] 통째로 건너뜀 (HTTPError)
  재시도(HTTPError) → 5초
  재시도(HTTPError) → 20초
  재시도(HTTPError) → 60초
  [1065] 통째로 건너뜀 (HTTPError)
  재시도(HTTPError) → 5초
  재시도(HTTPError) → 20초
  재시도(HTTPError) → 60초
  [1070] 통째로 건너뜀 (HTTPError)
  재시도(HTTPError) → 5초
  재시도(HTTPError) → 20초
  재시도(HTTPError) → 60초
  [1075] 통째로 건너뜀 (HTTPError)
  재시도(HTTPError) → 5초
  재시도(HTTPError) → 20초
  재시도(HTTPError) → 60초
  [1080] 통째로 건너뜀 (HTTPError)
  재시도(HTTPError) → 5초
  재시도(HTTPError) → 20초
  재시도(HTTPError) → 60초
  [1085] 통째로 건너뜀 (HTTPError)
  재시도(HTTPError) → 5초
  재시도(HTTPError) → 20초
  재시도(HTTPError) → 60초
  [1090] 통째로 건너뜀 (HTTPError)
  재시도(HTTPError) → 5초
  재시도(HTTPError) → 20초
  재시도(HTTPError) → 60초
  [1095] 통째로 건너뜀 (HTTPError)
  1100종 · 값 있음 50
  재시도(HTTPError) → 5초
  재시도(HTTPError) → 20초
  재시도(HTTPError) → 60초
  [1100] 통째로 건너뜀 (HTTPError)
  재시도(HTTPError) → 5초
  재시도(HTTPError) → 20초
  재시도(HTTPError) → 60초
  [1105] 통째로 건너뜀 (HTTPError)
  재시도(HTTPError) → 5초
  재시도(HTTPError) → 20초
  재시도(HTTPError) → 60초
  [1110] 통째로 건너뜀 (HTTPError)
  재시도(HTTPError) → 5초
  재시도(HTTPError) → 20초
  재시도(HTTPError) → 60초
  [1115] 통째로 건너뜀 (HTTPError)
  재시도(HTTPError) → 5초
  재시도(HTTPError) → 20초
  재시도(HTTPError) → 60초
  [1120] 통째로 건너뜀 (HTTPError)
  재시도(HTTPError) → 5초
  재시도(HTTPError) → 20초
  재시도(HTTPError) → 60초
  [1125] 통째로 건너뜀 (HTTPError)
  재시도(HTTPError) → 5초
  재시도(HTTPError) → 20초
  재시도(HTTPError) → 60초
  [1130] 통째로 건너뜀 (HTTPError)
  재시도(HTTPError) → 5초
  재시도(HTTPError) → 20초
  재시도(HTTPError) → 60초
  [1135] 통째로 건너뜀 (HTTPError)
  재시도(HTTPError) → 5초
  재시도(HTTPError) → 20초
  재시도(HTTPError) → 60초
  [1140] 통째로 건너뜀 (HTTPError)
  재시도(HTTPError) → 5초
  재시도(HTTPError) → 20초
  재시도(HTTPError) → 60초
  [1145] 통째로 건너뜀 (HTTPError)
  1150종 · 값 있음 50
  재시도(HTTPError) → 5초
  재시도(HTTPError) → 20초
  재시도(HTTPError) → 60초
  [1150] 통째로 건너뜀 (HTTPError)
  재시도(HTTPError) → 5초
  재시도(HTTPError) → 20초
  재시도(HTTPError) → 60초
  [1155] 통째로 건너뜀 (HTTPError)
  재시도(HTTPError) → 5초
  재시도(HTTPError) → 20초
  재시도(HTTPError) → 60초
  [1160] 통째로 건너뜀 (HTTPError)
  재시도(HTTPError) → 5초
  재시도(HTTPError) → 20초
  재시도(HTTPError) → 60초
  [1165] 통째로 건너뜀 (HTTPError)
  재시도(HTTPError) → 5초
  재시도(HTTPError) → 20초
  재시도(HTTPError) → 60초
  [1170] 통째로 건너뜀 (HTTPError)
  재시도(HTTPError) → 5초
  재시도(HTTPError) → 20초
  재시도(HTTPError) → 60초
  [1175] 통째로 건너뜀 (HTTPError)
  재시도(HTTPError) → 5초
  재시도(HTTPError) → 20초
  재시도(HTTPError) → 60초
  [1180] 통째로 건너뜀 (HTTPError)
  재시도(HTTPError) → 5초
  재시도(HTTPError) → 20초
  재시도(HTTPError) → 60초
  [1185] 통째로 건너뜀 (HTTPError)
  재시도(HTTPError) → 5초
  재시도(HTTPError) → 20초
  재시도(HTTPError) → 60초
  [1195] 통째로 건너뜀 (HTTPError)
  1200종 · 값 있음 55
  재시도(HTTPError) → 5초
  재시도(HTTPError) → 20초
  재시도(HTTPError) → 60초
  [1200] 통째로 건너뜀 (HTTPError)
  재시도(HTTPError) → 5초
  재시도(HTTPError) → 20초
  재시도(HTTPError) → 60초
  [1205] 통째로 건너뜀 (HTTPError)
  재시도(HTTPError) → 5초
  재시도(HTTPError) → 20초
  재시도(HTTPError) → 60초
  [1210] 통째로 건너뜀 (HTTPError)
  재시도(HTTPError) → 5초
  재시도(HTTPError) → 20초
  재시도(HTTPError) → 60초
  [1215] 통째로 건너뜀 (HTTPError)
  재시도(HTTPError) → 5초
  재시도(HTTPError) → 20초
  재시도(HTTPError) → 60초
  [1220] 통째로 건너뜀 (HTTPError)
  재시도(HTTPError) → 5초
  재시도(HTTPError) → 20초
  재시도(HTTPError) → 60초
  [1225] 통째로 건너뜀 (HTTPError)
  재시도(HTTPError) → 5초
  재시도(HTTPError) → 20초
  재시도(HTTPError) → 60초
  [1230] 통째로 건너뜀 (HTTPError)
  재시도(HTTPError) → 5초
  재시도(HTTPError) → 20초
  재시도(HTTPError) → 60초
  [1235] 통째로 건너뜀 (HTTPError)
  재시도(HTTPError) → 5초
  재시도(HTTPError) → 20초
  재시도(HTTPError) → 60초
  [1240] 통째로 건너뜀 (HTTPError)
  재시도(HTTPError) → 5초
  재시도(HTTPError) → 20초
  재시도(HTTPError) → 60초
  [1245] 통째로 건너뜀 (HTTPError)
  1250종 · 값 있음 55
  재시도(HTTPError) → 5초
  재시도(HTTPError) → 20초
  재시도(HTTPError) → 60초
  [1250] 통째로 건너뜀 (HTTPError)
  재시도(HTTPError) → 5초
  재시도(HTTPError) → 20초
  재시도(HTTPError) → 60초
  [1255] 통째로 건너뜀 (HTTPError)
  재시도(HTTPError) → 5초
  재시도(HTTPError) → 20초
  재시도(HTTPError) → 60초
  [1260] 통째로 건너뜀 (HTTPError)
  재시도(HTTPError) → 5초
  재시도(HTTPError) → 20초
  재시도(HTTPError) → 60초
  [1265] 통째로 건너뜀 (HTTPError)
  재시도(HTTPError) → 5초
  재시도(HTTPError) → 20초
  재시도(HTTPError) → 60초
  [1270] 통째로 건너뜀 (HTTPError)
  재시도(HTTPError) → 5초
  재시도(HTTPError) → 20초
  재시도(HTTPError) → 60초
  [1275] 통째로 건너뜀 (HTTPError)
  재시도(HTTPError) → 5초
  재시도(HTTPError) → 20초
  재시도(HTTPError) → 60초
  [1280] 통째로 건너뜀 (HTTPError)
  재시도(HTTPError) → 5초
  재시도(HTTPError) → 20초
  재시도(HTTPError) → 60초
  [1285] 통째로 건너뜀 (HTTPError)
  재시도(HTTPError) → 5초
  재시도(HTTPError) → 20초
  재시도(HTTPError) → 60초
  [1290] 통째로 건너뜀 (HTTPError)
  재시도(HTTPError) → 5초
  재시도(HTTPError) → 20초
  재시도(HTTPError) → 60초
  [1295] 통째로 건너뜀 (HTTPError)
  1300종 · 값 있음 55
  재시도(HTTPError) → 5초
  재시도(HTTPError) → 20초
  재시도(HTTPError) → 60초
  [1300] 통째로 건너뜀 (HTTPError)
  재시도(HTTPError) → 5초
  재시도(HTTPError) → 20초
  재시도(HTTPError) → 60초
  [1305] 통째로 건너뜀 (HTTPError)
  재시도(HTTPError) → 5초
  재시도(HTTPError) → 20초
  재시도(HTTPError) → 60초
  [1310] 통째로 건너뜀 (HTTPError)
  재시도(HTTPError) → 5초
  재시도(HTTPError) → 20초
  재시도(HTTPError) → 60초
  [1315] 통째로 건너뜀 (HTTPError)
  재시도(HTTPError) → 5초
  재시도(HTTPError) → 20초
  재시도(HTTPError) → 60초
  [1320] 통째로 건너뜀 (HTTPError)
  재시도(HTTPError) → 5초
  재시도(HTTPError) → 20초
  재시도(HTTPError) → 60초
  [1325] 통째로 건너뜀 (HTTPError)
  재시도(HTTPError) → 5초
  재시도(HTTPError) → 20초
  재시도(HTTPError) → 60초
  [1330] 통째로 건너뜀 (HTTPError)
  재시도(HTTPError) → 5초
  재시도(HTTPError) → 20초
  재시도(HTTPError) → 60초
  [1335] 통째로 건너뜀 (HTTPError)
  재시도(HTTPError) → 5초
  재시도(HTTPError) → 20초
  재시도(HTTPError) → 60초
  [1340] 통째로 건너뜀 (HTTPError)
  재시도(HTTPError) → 5초
  재시도(HTTPError) → 20초
  재시도(HTTPError) → 60초
  [1345] 통째로 건너뜀 (HTTPError)
  1350종 · 값 있음 55
  재시도(HTTPError) → 5초
  재시도(HTTPError) → 20초
  재시도(HTTPError) → 60초
  [1350] 통째로 건너뜀 (HTTPError)
  재시도(HTTPError) → 5초
  재시도(HTTPError) → 20초
  재시도(HTTPError) → 60초
  [1355] 통째로 건너뜀 (HTTPError)
  재시도(HTTPError) → 5초
  재시도(HTTPError) → 20초
  재시도(HTTPError) → 60초
  [1360] 통째로 건너뜀 (HTTPError)
  재시도(HTTPError) → 5초
  재시도(HTTPError) → 20초
  재시도(HTTPError) → 60초
  [1365] 통째로 건너뜀 (HTTPError)
  재시도(HTTPError) → 5초
  재시도(HTTPError) → 20초
  재시도(HTTPError) → 60초
  [1370] 통째로 건너뜀 (HTTPError)
  재시도(HTTPError) → 5초
  재시도(HTTPError) → 20초
  재시도(HTTPError) → 60초
  [1375] 통째로 건너뜀 (HTTPError)
  재시도(HTTPError) → 5초
  재시도(HTTPError) → 20초
  재시도(HTTPError) → 60초
  [1380] 통째로 건너뜀 (HTTPError)
  재시도(HTTPError) → 5초
  재시도(HTTPError) → 20초
  재시도(HTTPError) → 60초
  [1385] 통째로 건너뜀 (HTTPError)
  재시도(HTTPError) → 5초
  재시도(HTTPError) → 20초
  재시도(HTTPError) → 60초
  [1390] 통째로 건너뜀 (HTTPError)
  재시도(HTTPError) → 5초
  재시도(HTTPError) → 20초
  재시도(HTTPError) → 60초
  [1395] 통째로 건너뜀 (HTTPError)
  1400종 · 값 있음 55
  재시도(HTTPError) → 5초
  재시도(HTTPError) → 20초
  재시도(HTTPError) → 60초
  [1400] 통째로 건너뜀 (HTTPError)
  재시도(HTTPError) → 5초
  재시도(HTTPError) → 20초
  재시도(HTTPError) → 60초
  [1405] 통째로 건너뜀 (HTTPError)
  재시도(HTTPError) → 5초
  재시도(HTTPError) → 20초
  재시도(HTTPError) → 60초
  [1410] 통째로 건너뜀 (HTTPError)
  재시도(HTTPError) → 5초
  재시도(HTTPError) → 20초
  재시도(HTTPError) → 60초
  [1415] 통째로 건너뜀 (HTTPError)
  재시도(HTTPError) → 5초
  재시도(HTTPError) → 20초
  재시도(HTTPError) → 60초
  [1420] 통째로 건너뜀 (HTTPError)
  재시도(HTTPError) → 5초
  재시도(HTTPError) → 20초
  재시도(HTTPError) → 60초
  [1430] 통째로 건너뜀 (HTTPError)
  재시도(HTTPError) → 5초
  재시도(HTTPError) → 20초
  재시도(HTTPError) → 60초
  [1435] 통째로 건너뜀 (HTTPError)
  재시도(HTTPError) → 5초
  재시도(HTTPError) → 20초
  재시도(HTTPError) → 60초
  [1440] 통째로 건너뜀 (HTTPError)
  재시도(HTTPError) → 5초
  재시도(HTTPError) → 20초
  재시도(HTTPError) → 60초
  [1445] 통째로 건너뜀 (HTTPError)
  1450종 · 값 있음 60
  재시도(HTTPError) → 5초
  재시도(HTTPError) → 20초
  재시도(HTTPError) → 60초
  [1450] 통째로 건너뜀 (HTTPError)
  재시도(HTTPError) → 5초
  재시도(HTTPError) → 20초
  재시도(HTTPError) → 60초
  [1455] 통째로 건너뜀 (HTTPError)
  재시도(HTTPError) → 5초
  재시도(HTTPError) → 20초
  재시도(HTTPError) → 60초
  [1465] 통째로 건너뜀 (HTTPError)
  재시도(HTTPError) → 5초
  재시도(HTTPError) → 20초
  재시도(HTTPError) → 60초
  [1475] 통째로 건너뜀 (HTTPError)
  재시도(HTTPError) → 5초
  재시도(HTTPError) → 20초
  재시도(HTTPError) → 60초
  [1480] 통째로 건너뜀 (HTTPError)
  재시도(HTTPError) → 5초
  재시도(HTTPError) → 20초
  재시도(HTTPError) → 60초
  [1485] 통째로 건너뜀 (HTTPError)
  재시도(HTTPError) → 5초
  재시도(HTTPError) → 20초
  재시도(HTTPError) → 60초
  [1490] 통째로 건너뜀 (HTTPError)
  재시도(HTTPError) → 5초
  재시도(HTTPError) → 20초
  재시도(HTTPError) → 60초
  [1495] 통째로 건너뜀 (HTTPError)
  1500종 · 값 있음 70
  재시도(HTTPError) → 5초
  재시도(HTTPError) → 20초
  재시도(HTTPError) → 60초
  [1500] 통째로 건너뜀 (HTTPError)
  재시도(HTTPError) → 5초
  재시도(HTTPError) → 20초
  재시도(HTTPError) → 60초
  [1505] 통째로 건너뜀 (HTTPError)
  재시도(HTTPError) → 5초
  재시도(HTTPError) → 20초
  재시도(HTTPError) → 60초
  [1510] 통째로 건너뜀 (HTTPError)
  재시도(HTTPError) → 5초
  재시도(HTTPError) → 20초
  재시도(HTTPError) → 60초
  [1515] 통째로 건너뜀 (HTTPError)
  재시도(HTTPError) → 5초
  재시도(HTTPError) → 20초
  재시도(HTTPError) → 60초
  [1520] 통째로 건너뜀 (HTTPError)
  재시도(HTTPError) → 5초
  재시도(HTTPError) → 20초
  재시도(HTTPError) → 60초
  [1525] 통째로 건너뜀 (HTTPError)
  재시도(HTTPError) → 5초
  재시도(HTTPError) → 20초
  재시도(HTTPError) → 60초
  [1530] 통째로 건너뜀 (HTTPError)
  재시도(HTTPError) → 5초
  재시도(HTTPError) → 20초
  재시도(HTTPError) → 60초
  [1535] 통째로 건너뜀 (HTTPError)
  재시도(HTTPError) → 5초
  재시도(HTTPError) → 20초
  재시도(HTTPError) → 60초
  [1540] 통째로 건너뜀 (HTTPError)
  재시도(HTTPError) → 5초
  재시도(HTTPError) → 20초
  재시도(HTTPError) → 60초
  [1545] 통째로 건너뜀 (HTTPError)
  1550종 · 값 있음 70
  재시도(HTTPError) → 5초
  재시도(HTTPError) → 20초
  재시도(HTTPError) → 60초
  [1550] 통째로 건너뜀 (HTTPError)
  재시도(HTTPError) → 5초
  재시도(HTTPError) → 20초
  재시도(HTTPError) → 60초
  [1555] 통째로 건너뜀 (HTTPError)
  재시도(HTTPError) → 5초
  재시도(HTTPError) → 20초
  재시도(HTTPError) → 60초
  [1560] 통째로 건너뜀 (HTTPError)
  재시도(HTTPError) → 5초
  재시도(HTTPError) → 20초
  재시도(HTTPError) → 60초
  [1565] 통째로 건너뜀 (HTTPError)
  재시도(HTTPError) → 5초
  재시도(HTTPError) → 20초
  재시도(HTTPError) → 60초
  [1570] 통째로 건너뜀 (HTTPError)
  재시도(HTTPError) → 5초
  재시도(HTTPError) → 20초
  재시도(HTTPError) → 60초
  [1575] 통째로 건너뜀 (HTTPError)
  재시도(HTTPError) → 5초
  재시도(HTTPError) → 20초
  재시도(HTTPError) → 60초
  [1585] 통째로 건너뜀 (HTTPError)
  재시도(HTTPError) → 5초
  재시도(HTTPError) → 20초
  재시도(HTTPError) → 60초
  [1590] 통째로 건너뜀 (HTTPError)
  재시도(HTTPError) → 5초
  재시도(HTTPError) → 20초
  재시도(HTTPError) → 60초
  [1595] 통째로 건너뜀 (HTTPError)
  1600종 · 값 있음 75
  재시도(HTTPError) → 5초
  재시도(HTTPError) → 20초
  재시도(HTTPError) → 60초
  [1600] 통째로 건너뜀 (HTTPError)
  재시도(HTTPError) → 5초
  재시도(HTTPError) → 20초
  재시도(HTTPError) → 60초
  [1605] 통째로 건너뜀 (HTTPError)
  재시도(HTTPError) → 5초
  재시도(HTTPError) → 20초
  재시도(HTTPError) → 60초
  [1610] 통째로 건너뜀 (HTTPError)
  재시도(HTTPError) → 5초
  재시도(HTTPError) → 20초
  재시도(HTTPError) → 60초
  [1615] 통째로 건너뜀 (HTTPError)
  재시도(HTTPError) → 5초
  재시도(HTTPError) → 20초
  재시도(HTTPError) → 60초
  [1620] 통째로 건너뜀 (HTTPError)
  재시도(HTTPError) → 5초
  재시도(HTTPError) → 20초
  재시도(HTTPError) → 60초
  [1625] 통째로 건너뜀 (HTTPError)
  재시도(HTTPError) → 5초
  재시도(HTTPError) → 20초
  재시도(HTTPError) → 60초
  [1630] 통째로 건너뜀 (HTTPError)
  재시도(HTTPError) → 5초
  재시도(HTTPError) → 20초
  재시도(HTTPError) → 60초
  [1635] 통째로 건너뜀 (HTTPError)
  재시도(HTTPError) → 5초
  재시도(HTTPError) → 20초
  재시도(HTTPError) → 60초
  [1640] 통째로 건너뜀 (HTTPError)
  재시도(HTTPError) → 5초
  재시도(HTTPError) → 20초
  재시도(HTTPError) → 60초
  [1645] 통째로 건너뜀 (HTTPError)
  1650종 · 값 있음 75
  재시도(HTTPError) → 5초
  재시도(HTTPError) → 20초
  재시도(HTTPError) → 60초
  [1650] 통째로 건너뜀 (HTTPError)
  재시도(HTTPError) → 5초
  재시도(HTTPError) → 20초
  재시도(HTTPError) → 60초
  [1655] 통째로 건너뜀 (HTTPError)
  재시도(HTTPError) → 5초
  재시도(HTTPError) → 20초
  재시도(HTTPError) → 60초
  [1660] 통째로 건너뜀 (HTTPError)
  재시도(HTTPError) → 5초
  재시도(HTTPError) → 20초
  재시도(HTTPError) → 60초
  [1665] 통째로 건너뜀 (HTTPError)
  재시도(HTTPError) → 5초
  재시도(HTTPError) → 20초
  재시도(HTTPError) → 60초
  [1670] 통째로 건너뜀 (HTTPError)
  재시도(HTTPError) → 5초
  재시도(HTTPError) → 20초
  재시도(HTTPError) → 60초
  [1675] 통째로 건너뜀 (HTTPError)
  재시도(HTTPError) → 5초
  재시도(HTTPError) → 20초
  재시도(HTTPError) → 60초
  [1680] 통째로 건너뜀 (HTTPError)
  재시도(HTTPError) → 5초
  재시도(HTTPError) → 20초
  재시도(HTTPError) → 60초
  [1685] 통째로 건너뜀 (HTTPError)
  재시도(HTTPError) → 5초
  재시도(HTTPError) → 20초
  재시도(HTTPError) → 60초
  [1690] 통째로 건너뜀 (HTTPError)
  재시도(HTTPError) → 5초
  재시도(HTTPError) → 20초
  재시도(HTTPError) → 60초
  [1695] 통째로 건너뜀 (HTTPError)
  1700종 · 값 있음 75
  재시도(HTTPError) → 5초
  재시도(HTTPError) → 20초
  재시도(HTTPError) → 60초
  [1700] 통째로 건너뜀 (HTTPError)
  재시도(HTTPError) → 5초
  재시도(HTTPError) → 20초
  재시도(HTTPError) → 60초
  [1705] 통째로 건너뜀 (HTTPError)
  재시도(HTTPError) → 5초
  재시도(HTTPError) → 20초
  재시도(HTTPError) → 60초
  [1710] 통째로 건너뜀 (HTTPError)
  재시도(HTTPError) → 5초
  재시도(HTTPError) → 20초
  재시도(HTTPError) → 60초
  [1715] 통째로 건너뜀 (HTTPError)
  재시도(HTTPError) → 5초
  재시도(HTTPError) → 20초
  재시도(HTTPError) → 60초
  [1720] 통째로 건너뜀 (HTTPError)
  재시도(HTTPError) → 5초
  재시도(HTTPError) → 20초
  재시도(HTTPError) → 60초
  [1725] 통째로 건너뜀 (HTTPError)
  재시도(HTTPError) → 5초
  재시도(HTTPError) → 20초
  재시도(HTTPError) → 60초
  [1730] 통째로 건너뜀 (HTTPError)
  재시도(HTTPError) → 5초
  재시도(HTTPError) → 20초
  재시도(HTTPError) → 60초
  [1735] 통째로 건너뜀 (HTTPError)
  재시도(HTTPError) → 5초
  재시도(HTTPError) → 20초
  재시도(HTTPError) → 60초
  [1740] 통째로 건너뜀 (HTTPError)
  재시도(HTTPError) → 5초
  재시도(HTTPError) → 20초
  재시도(HTTPError) → 60초
  [1745] 통째로 건너뜀 (HTTPError)
  1750종 · 값 있음 75
  재시도(HTTPError) → 5초
  재시도(HTTPError) → 20초
  재시도(HTTPError) → 60초
  [1750] 통째로 건너뜀 (HTTPError)
  재시도(HTTPError) → 5초
  재시도(HTTPError) → 20초
  재시도(HTTPError) → 60초
  [1755] 통째로 건너뜀 (HTTPError)
  재시도(HTTPError) → 5초
  재시도(HTTPError) → 20초
  재시도(HTTPError) → 60초
  [1760] 통째로 건너뜀 (HTTPError)
  재시도(HTTPError) → 5초
  재시도(HTTPError) → 20초
  재시도(HTTPError) → 60초
  [1765] 통째로 건너뜀 (HTTPError)
  재시도(HTTPError) → 5초
  재시도(HTTPError) → 20초
  재시도(HTTPError) → 60초
  [1770] 통째로 건너뜀 (HTTPError)
  재시도(HTTPError) → 5초
  재시도(HTTPError) → 20초
  재시도(HTTPError) → 60초
  [1775] 통째로 건너뜀 (HTTPError)
  재시도(HTTPError) → 5초
  재시도(HTTPError) → 20초
  재시도(HTTPError) → 60초
  [1780] 통째로 건너뜀 (HTTPError)
  재시도(HTTPError) → 5초
  재시도(HTTPError) → 20초
  재시도(HTTPError) → 60초
  [1785] 통째로 건너뜀 (HTTPError)
  재시도(HTTPError) → 5초
  재시도(HTTPError) → 20초
  재시도(HTTPError) → 60초
  [1790] 통째로 건너뜀 (HTTPError)
  재시도(HTTPError) → 5초
  재시도(HTTPError) → 20초
  재시도(HTTPError) → 60초
  [1795] 통째로 건너뜀 (HTTPError)
  1800종 · 값 있음 75
  재시도(HTTPError) → 5초
  재시도(HTTPError) → 20초
  재시도(HTTPError) → 60초
  [1800] 통째로 건너뜀 (HTTPError)
  재시도(HTTPError) → 5초
  재시도(HTTPError) → 20초
  재시도(HTTPError) → 60초
  [1805] 통째로 건너뜀 (HTTPError)
  재시도(HTTPError) → 5초
  재시도(HTTPError) → 20초
  재시도(HTTPError) → 60초
  [1810] 통째로 건너뜀 (HTTPError)
  재시도(HTTPError) → 5초
  재시도(HTTPError) → 20초
  재시도(HTTPError) → 60초
  [1815] 통째로 건너뜀 (HTTPError)
  재시도(HTTPError) → 5초
  재시도(HTTPError) → 20초
  재시도(HTTPError) → 60초
  [1820] 통째로 건너뜀 (HTTPError)
  재시도(HTTPError) → 5초
  재시도(HTTPError) → 20초
  재시도(HTTPError) → 60초
  [1825] 통째로 건너뜀 (HTTPError)
  재시도(HTTPError) → 5초
  재시도(HTTPError) → 20초
  재시도(HTTPError) → 60초
  [1830] 통째로 건너뜀 (HTTPError)
  재시도(HTTPError) → 5초
  재시도(HTTPError) → 20초
  재시도(HTTPError) → 60초
  [1835] 통째로 건너뜀 (HTTPError)
  재시도(HTTPError) → 5초
  재시도(HTTPError) → 20초
  재시도(HTTPError) → 60초
  [1840] 통째로 건너뜀 (HTTPError)
  재시도(HTTPError) → 5초
  재시도(HTTPError) → 20초
  재시도(HTTPError) → 60초
  [1845] 통째로 건너뜀 (HTTPError)
  1850종 · 값 있음 75
  재시도(HTTPError) → 5초
  재시도(HTTPError) → 20초
  재시도(HTTPError) → 60초
  [1850] 통째로 건너뜀 (HTTPError)
  재시도(HTTPError) → 5초
  재시도(HTTPError) → 20초
  재시도(HTTPError) → 60초
  [1855] 통째로 건너뜀 (HTTPError)
  재시도(HTTPError) → 5초
  재시도(HTTPError) → 20초
  재시도(HTTPError) → 60초
  [1860] 통째로 건너뜀 (HTTPError)
  재시도(HTTPError) → 5초
  재시도(HTTPError) → 20초
  재시도(HTTPError) → 60초
  [1865] 통째로 건너뜀 (HTTPError)
  재시도(HTTPError) → 5초
  재시도(HTTPError) → 20초
  재시도(HTTPError) → 60초
  [1870] 통째로 건너뜀 (HTTPError)
  재시도(HTTPError) → 5초
  재시도(HTTPError) → 20초
  재시도(HTTPError) → 60초
  [1880] 통째로 건너뜀 (HTTPError)
  재시도(HTTPError) → 5초
  재시도(HTTPError) → 20초
  재시도(HTTPError) → 60초
  [1890] 통째로 건너뜀 (HTTPError)
  재시도(HTTPError) → 5초
  재시도(HTTPError) → 20초
  재시도(HTTPError) → 60초
  [1895] 통째로 건너뜀 (HTTPError)
  1900종 · 값 있음 85
  재시도(HTTPError) → 5초
  재시도(HTTPError) → 20초
  재시도(HTTPError) → 60초
  [1900] 통째로 건너뜀 (HTTPError)
  재시도(HTTPError) → 5초
  재시도(HTTPError) → 20초
  재시도(HTTPError) → 60초
  [1905] 통째로 건너뜀 (HTTPError)
  재시도(HTTPError) → 5초
  재시도(HTTPError) → 20초
  재시도(HTTPError) → 60초
  [1910] 통째로 건너뜀 (HTTPError)
  재시도(HTTPError) → 5초
  재시도(HTTPError) → 20초
  재시도(HTTPError) → 60초
  [1915] 통째로 건너뜀 (HTTPError)
  재시도(HTTPError) → 5초
  재시도(HTTPError) → 20초
  재시도(HTTPError) → 60초
  [1920] 통째로 건너뜀 (HTTPError)
  재시도(HTTPError) → 5초
  재시도(HTTPError) → 20초
  재시도(HTTPError) → 60초
  [1925] 통째로 건너뜀 (HTTPError)
  재시도(HTTPError) → 5초
  재시도(HTTPError) → 20초
  재시도(HTTPError) → 60초
  [1935] 통째로 건너뜀 (HTTPError)
  재시도(HTTPError) → 5초
  재시도(HTTPError) → 20초
  재시도(HTTPError) → 60초
  [1940] 통째로 건너뜀 (HTTPError)
  재시도(HTTPError) → 5초
  재시도(HTTPError) → 20초
  재시도(HTTPError) → 60초
  [1945] 통째로 건너뜀 (HTTPError)
  1950종 · 값 있음 90
  재시도(HTTPError) → 5초
  재시도(HTTPError) → 20초
  재시도(HTTPError) → 60초
  [1950] 통째로 건너뜀 (HTTPError)
  재시도(HTTPError) → 5초
  재시도(HTTPError) → 20초
  재시도(HTTPError) → 60초
  [1955] 통째로 건너뜀 (HTTPError)
  재시도(HTTPError) → 5초
  재시도(HTTPError) → 20초
  재시도(HTTPError) → 60초
  [1960] 통째로 건너뜀 (HTTPError)
  재시도(HTTPError) → 5초
  재시도(HTTPError) → 20초
  재시도(HTTPError) → 60초
  [1965] 통째로 건너뜀 (HTTPError)
  재시도(HTTPError) → 5초
  재시도(HTTPError) → 20초
  재시도(HTTPError) → 60초
  [1970] 통째로 건너뜀 (HTTPError)
  재시도(HTTPError) → 5초
  재시도(HTTPError) → 20초
  재시도(HTTPError) → 60초
  [1980] 통째로 건너뜀 (HTTPError)
  재시도(HTTPError) → 5초
  재시도(HTTPError) → 20초
  재시도(HTTPError) → 60초
  [1985] 통째로 건너뜀 (HTTPError)
  재시도(HTTPError) → 5초
  재시도(HTTPError) → 20초
  재시도(HTTPError) → 60초
  [1990] 통째로 건너뜀 (HTTPError)
  재시도(HTTPError) → 5초
  재시도(HTTPError) → 20초
  재시도(HTTPError) → 60초
  [1995] 통째로 건너뜀 (HTTPError)
  2000종 · 값 있음 95
  재시도(HTTPError) → 5초
  재시도(HTTPError) → 20초
  재시도(HTTPError) → 60초
  [2000] 통째로 건너뜀 (HTTPError)
  재시도(HTTPError) → 5초
  재시도(HTTPError) → 20초
  재시도(HTTPError) → 60초
  [2005] 통째로 건너뜀 (HTTPError)
  재시도(HTTPError) → 5초
  재시도(HTTPError) → 20초
  재시도(HTTPError) → 60초
  [2010] 통째로 건너뜀 (HTTPError)
  재시도(HTTPError) → 5초
  재시도(HTTPError) → 20초
  재시도(HTTPError) → 60초
  [2015] 통째로 건너뜀 (HTTPError)
  재시도(HTTPError) → 5초
  재시도(HTTPError) → 20초
  재시도(HTTPError) → 60초
  [2020] 통째로 건너뜀 (HTTPError)
  재시도(HTTPError) → 5초
  재시도(HTTPError) → 20초
  재시도(HTTPError) → 60초
  [2025] 통째로 건너뜀 (HTTPError)
  재시도(HTTPError) → 5초
  재시도(HTTPError) → 20초
  재시도(HTTPError) → 60초
  [2030] 통째로 건너뜀 (HTTPError)
  재시도(HTTPError) → 5초
  재시도(HTTPError) → 20초
  재시도(HTTPError) → 60초
  [2035] 통째로 건너뜀 (HTTPError)
  재시도(HTTPError) → 5초
  재시도(HTTPError) → 20초
  재시도(HTTPError) → 60초
  [2040] 통째로 건너뜀 (HTTPError)
  재시도(HTTPError) → 5초
  재시도(HTTPError) → 20초
  재시도(HTTPError) → 60초
  [2045] 통째로 건너뜀 (HTTPError)
  2050종 · 값 있음 95
  재시도(HTTPError) → 5초
  재시도(HTTPError) → 20초
  재시도(HTTPError) → 60초
  [2050] 통째로 건너뜀 (HTTPError)
  재시도(HTTPError) → 5초
  재시도(HTTPError) → 20초
  재시도(HTTPError) → 60초
  [2055] 통째로 건너뜀 (HTTPError)
  재시도(HTTPError) → 5초
  재시도(HTTPError) → 20초
  재시도(HTTPError) → 60초
  [2060] 통째로 건너뜀 (HTTPError)
  재시도(HTTPError) → 5초
  재시도(HTTPError) → 20초
  재시도(HTTPError) → 60초
  [2065] 통째로 건너뜀 (HTTPError)
  재시도(HTTPError) → 5초
  재시도(HTTPError) → 20초
  재시도(HTTPError) → 60초
  [2070] 통째로 건너뜀 (HTTPError)
  재시도(HTTPError) → 5초
  재시도(HTTPError) → 20초
  재시도(HTTPError) → 60초
  [2075] 통째로 건너뜀 (HTTPError)
  재시도(HTTPError) → 5초
  재시도(HTTPError) → 20초
  재시도(HTTPError) → 60초
  [2080] 통째로 건너뜀 (HTTPError)
  재시도(HTTPError) → 5초
  재시도(HTTPError) → 20초
  재시도(HTTPError) → 60초
  [2085] 통째로 건너뜀 (HTTPError)
  재시도(HTTPError) → 5초
  재시도(HTTPError) → 20초
  재시도(HTTPError) → 60초
  [2090] 통째로 건너뜀 (HTTPError)
  재시도(HTTPError) → 5초
  재시도(HTTPError) → 20초
  재시도(HTTPError) → 60초
  [2095] 통째로 건너뜀 (HTTPError)
  2100종 · 값 있음 95
  재시도(HTTPError) → 5초
  재시도(HTTPError) → 20초
  재시도(HTTPError) → 60초
  [2100] 통째로 건너뜀 (HTTPError)
  재시도(HTTPError) → 5초
  재시도(HTTPError) → 20초
  재시도(HTTPError) → 60초
  [2105] 통째로 건너뜀 (HTTPError)
  재시도(HTTPError) → 5초
  재시도(HTTPError) → 20초
  재시도(HTTPError) → 60초
  [2110] 통째로 건너뜀 (HTTPError)
  재시도(HTTPError) → 5초
  재시도(HTTPError) → 20초
  재시도(HTTPError) → 60초
  [2115] 통째로 건너뜀 (HTTPError)
  재시도(HTTPError) → 5초
  재시도(HTTPError) → 20초
  재시도(HTTPError) → 60초
  [2120] 통째로 건너뜀 (HTTPError)
  재시도(HTTPError) → 5초
  재시도(HTTPError) → 20초
  재시도(HTTPError) → 60초
  [2125] 통째로 건너뜀 (HTTPError)
  재시도(HTTPError) → 5초
  재시도(HTTPError) → 20초
  재시도(HTTPError) → 60초
  [2130] 통째로 건너뜀 (HTTPError)
  재시도(HTTPError) → 5초
  재시도(HTTPError) → 20초
  재시도(HTTPError) → 60초
  [2135] 통째로 건너뜀 (HTTPError)
  재시도(HTTPError) → 5초
  재시도(HTTPError) → 20초
  재시도(HTTPError) → 60초
  [2140] 통째로 건너뜀 (HTTPError)
  재시도(HTTPError) → 5초
  재시도(HTTPError) → 20초
  재시도(HTTPError) → 60초
  [2145] 통째로 건너뜀 (HTTPError)
  2147종 · 값 있음 95

완료 — 2147종 중 값 있음 95종 → search_volume_blind.csv

검색수 상위 15:
   다채움 (채움모니터, 채움책방, 채움수학       29,830
   에듀넷                          19,040
   빅카인즈                         11,160
   클래스메이트                        7,160
   SMILE (Stanford Mobile        6,410
   티클래스                          3,670
   에듀나비                          2,540
   클래스보드                         2,160
   에듀집                           1,810
   SEN스쿨(센스쿨, 서울교수학습플랫폼)         1,630
   soopeh(수페)                    1,120
   코드닷오알지                          790
   아이캔노트                           760
   두피디아                            730
   티칭허브                            400
