검색어 19종
[에듀테크] 1페이지까지 · 누적 75건 (요청 76회)
[코스웨어] 3페이지까지 · 누적 288건 (요청 292회)
[인공지능] 2페이지까지 · 누적 408건 (요청 414회)
[소프트웨어] 3페이지까지 · 누적 615건 (요청 624회)
[라이선스] 1페이지까지 · 누적 624건 (요청 634회)
[라이센스] 1페이지까지 · 누적 638건 (요청 649회)
[구독] 2페이지까지 · 누적 765건 (요청 778회)
  재시도(<urlopen error [Errno 60] Operation timed out>) → 5초
[플랫폼] 1페이지까지 · 누적 803건 (요청 817회)
[GPT] 1페이지까지 · 누적 811건 (요청 826회)
[어도비] 1페이지까지 · 누적 817건 (요청 833회)
[디지털교과서] 1페이지까지 · 누적 832건 (요청 849회)
[교육자료] 3페이지까지 · 누적 1057건 (요청 1077회)
[챗봇] 1페이지까지 · 누적 1057건 (요청 1078회)
[메타버스] 1페이지까지 · 누적 1079건 (요청 1101회)
[코딩] 3페이지까지 · 누적 1322건 (요청 1347회)
[AIDT] 1페이지까지 · 누적 1342건 (요청 1368회)
[클래스팅] 1페이지까지 · 누적 1346건 (요청 1373회)
[패들렛] 1페이지까지 · 누적 1348건 (요청 1376회)
[캔바] 1페이지까지 · 누적 1348건 (요청 1377회)

완료 — 요청 1377회, 학교 계약 1348건 → use_candidates.csv
